Archive member included because of file (symbol)

C:\CSR_uEnergy_SDK-2.2.2.13\tools\lib\CSR101x_A05\libgatt_lib_ram.a(gatt_ram.o)
                              depend_Release_CSR101x_A05\main.o (GattInit)
C:\CSR_uEnergy_SDK-2.2.2.13\tools\lib\CSR101x_A05\libgatt_lib_ram.a(sm_ram.o)
                              C:\CSR_uEnergy_SDK-2.2.2.13\tools\lib\CSR101x_A05\libgatt_lib_ram.a(gatt_ram.o) (___libgatt_lib_db_476)
C:\CSR_uEnergy_SDK-2.2.2.13\tools\lib\CSR101x_A05\libgatt_lib_ram.a(patch_sm.o)
                              C:\CSR_uEnergy_SDK-2.2.2.13\tools\lib\CSR101x_A05\libgatt_lib_ram.a(sm_ram.o) (sm_pairing_auth_ind)
C:\CSR_uEnergy_SDK-2.2.2.13\tools\lib\CSR101x_A05\libgatt_lib_ram.a(main_ram.o)
                              (main_ram_app_init)
C:\CSR_uEnergy_SDK-2.2.2.13\tools\lib\CSR101x_A05\libgatt_lib_ram.a(hw_patch_install.o)
                              C:\CSR_uEnergy_SDK-2.2.2.13\tools\lib\CSR101x_A05\libgatt_lib_ram.a(main_ram.o) (___libgatt_lib_db_4364)
C:\CSR_uEnergy_SDK-2.2.2.13\tools\lib\CSR101x_A05\libgatt_lib_ram.a(patch_baldrick.o)
                              (hw_patch)
C:\CSR_uEnergy_SDK-2.2.2.13\tools\lib\CSR101x_A05\libgatt_lib_ram.a(patch_i2c_app_mem_mgr.o)
                              depend_Release_CSR101x_A05\main.o (NvmConfigureI2cEeprom)
C:\CSR_uEnergy_SDK-2.2.2.13\tools\lib\CSR101x_A05\libgatt_lib_ram.a(id_ram.o)
                              C:\CSR_uEnergy_SDK-2.2.2.13\tools\lib\CSR101x_A05\libgatt_lib_ram.a(main_ram.o) (___libgatt_lib_db_4496)
C:\CSR_uEnergy_SDK-2.2.2.13\tools\lib\CSR101x_A05\libgatt_lib_ram.a(slut.o)
                              (slut)
C:\CSR_uEnergy_SDK-2.2.2.13\tools\lib\CSR101x_A05\libgatt_lib_ram.a(sw_patch_ram.o)
                              (patch_bitmap)
C:\CSR_uEnergy_SDK-2.2.2.13\tools\lib\CSR101x_A05\libgatt_lib_ram.a(CONFIG_STORE.o)
                              (___libgatt_lib_db_4269)
C:\CSR_uEnergy_SDK-2.2.2.13\tools\lib\CSR101x_A05\libgatt_lib_ram.a(.romradiodata.o)
                              (DATA_TIMERSTRUCT_START)
C:\CSR_uEnergy_SDK-2.2.2.13\tools\lib\CSR101x_A05\libgatt_lib_ram.a(patch_ls_app_if.o)
                              C:\CSR_uEnergy_SDK-2.2.2.13\tools\lib\CSR101x_A05\libgatt_lib_ram.a(gatt_ram.o) (___libgatt_lib_db_4554)
C:\CSR_uEnergy_SDK-2.2.2.13\tools\lib\CSR101x_A05\libgatt_lib_ram.a(patch_att_install.o)
                              C:\CSR_uEnergy_SDK-2.2.2.13\tools\lib\CSR101x_A05\libgatt_lib_ram.a(sw_patch_ram.o) (___libgatt_lib_db_4559)
C:\CSR_uEnergy_SDK-2.2.2.13\tools\lib\CSR101x_A05\libgatt_lib_ram.a(patch_george.o)
                              C:\CSR_uEnergy_SDK-2.2.2.13\tools\lib\CSR101x_A05\libgatt_lib_ram.a(sw_patch_ram.o) (___libgatt_lib_db_4584)
C:\CSR_uEnergy_SDK-2.2.2.13\tools\lib\CSR101x_A05\libgatt_lib_ram.a(patch_george_ll.o)
                              C:\CSR_uEnergy_SDK-2.2.2.13\tools\lib\CSR101x_A05\libgatt_lib_ram.a(patch_george.o) (___libgatt_lib_db_4589)
C:\CSR_uEnergy_SDK-2.2.2.13\tools\lib\CSR101x_A05\libgatt_lib_ram.a(patch_george_adv.o)
                              C:\CSR_uEnergy_SDK-2.2.2.13\tools\lib\CSR101x_A05\libgatt_lib_ram.a(sw_patch_ram.o) (___libgatt_lib_db_4594)
C:\CSR_uEnergy_SDK-2.2.2.13\tools\lib\CSR101x_A05\libgatt_lib_ram.a(hal_debugbus_state.o)
                              C:\CSR_uEnergy_SDK-2.2.2.13\tools\lib\CSR101x_A05\libgatt_lib_ram.a(patch_george.o) (___libgatt_lib_db_4597)
C:\CSR_uEnergy_SDK-2.2.2.13\tools\lib\CSR101x_A05\libgatt_lib_ram.a(patch_halradiotrim.o)
                              C:\CSR_uEnergy_SDK-2.2.2.13\tools\lib\CSR101x_A05\libgatt_lib_ram.a(sw_patch_ram.o) (___libgatt_lib_db_4601)
C:\CSR_uEnergy_SDK-2.2.2.13\tools\lib\CSR101x_A05\libgatt_lib_ram.a(patch_halradio.o)
                              C:\CSR_uEnergy_SDK-2.2.2.13\tools\lib\CSR101x_A05\libgatt_lib_ram.a(sw_patch_ram.o) (___libgatt_lib_db_4609)
C:\CSR_uEnergy_SDK-2.2.2.13\tools\lib\CSR101x_A05\libgatt_lib_ram.a(patch_reset.o)
                              C:\CSR_uEnergy_SDK-2.2.2.13\tools\lib\CSR101x_A05\libgatt_lib_ram.a(sw_patch_ram.o) (___libgatt_lib_db_4207)
C:\CSR_uEnergy_SDK-2.2.2.13\tools\lib\CSR101x_A05\libgatt_lib_ram.a(patch_pools.o)
                              C:\CSR_uEnergy_SDK-2.2.2.13\tools\lib\CSR101x_A05\libgatt_lib_ram.a(sw_patch_ram.o) (___libgatt_lib_db_4611)
C:\CSR_uEnergy_SDK-2.2.2.13\tools\lib\CSR101x_A05\libgatt_lib_ram.a(patch_background_loop.o)
                              C:\CSR_uEnergy_SDK-2.2.2.13\tools\lib\CSR101x_A05\libgatt_lib_ram.a(sw_patch_ram.o) (___libgatt_lib_db_4614)
C:\CSR_uEnergy_SDK-2.2.2.13\tools\lib\CSR101x_A05\libgatt_lib_ram.a(patch_fault.o)
                              C:\CSR_uEnergy_SDK-2.2.2.13\tools\lib\CSR101x_A05\libgatt_lib_ram.a(sw_patch_ram.o) (___libgatt_lib_db_4616)
C:\CSR_uEnergy_SDK-2.2.2.13\tools\lib\CSR101x_A05\libgatt_lib_ram.a(patch_pmu.o)
                              C:\CSR_uEnergy_SDK-2.2.2.13\tools\lib\CSR101x_A05\libgatt_lib_ram.a(sw_patch_ram.o) (___libgatt_lib_db_4624)
C:\CSR_uEnergy_SDK-2.2.2.13\tools\lib\CSR101x_A05\libgatt_lib_ram.a(patch_thermometer.o)
                              C:\CSR_uEnergy_SDK-2.2.2.13\tools\lib\CSR101x_A05\libgatt_lib_ram.a(sw_patch_ram.o) (___libgatt_lib_db_4214)

Allocating common symbols
Common symbol       size              file

sm_long_term_key_ind
                    0x1               C:\CSR_uEnergy_SDK-2.2.2.13\tools\lib\CSR101x_A05\libgatt_lib_ram.a(patch_sm.o)
sm_pairing_auth_ind
                    0x1               C:\CSR_uEnergy_SDK-2.2.2.13\tools\lib\CSR101x_A05\libgatt_lib_ram.a(patch_sm.o)
george_earliest_transmit_offset
                    0x3               C:\CSR_uEnergy_SDK-2.2.2.13\tools\lib\CSR101x_A05\libgatt_lib_ram.a(patch_george_ll.o)

Discarded input sections

 .text          0x00000000        0x0 depend_Release_CSR101x_A05\app_gatt_db.o
 .data          0x00000000        0x0 depend_Release_CSR101x_A05\app_gatt_db.o
 .bss           0x00000000        0x0 depend_Release_CSR101x_A05\app_gatt_db.o
 .text.GattGetDatabase
                0x00000000        0x0 depend_Release_CSR101x_A05\app_gatt_db.o
 .data.gattDatabase
                0x00000000        0x0 depend_Release_CSR101x_A05\app_gatt_db.o
 .text          0x00000000        0x0 depend_Release_CSR101x_A05\main.o
 .data          0x00000000        0x0 depend_Release_CSR101x_A05\main.o
 .bss           0x00000000        0x0 depend_Release_CSR101x_A05\main.o
 .text          0x00000000        0x0 depend_Release_CSR101x_A05\nvm_access.o
 .data          0x00000000        0x0 depend_Release_CSR101x_A05\nvm_access.o
 .bss           0x00000000        0x0 depend_Release_CSR101x_A05\nvm_access.o
 .text.Nvm_Write
                0x00000000        0x0 depend_Release_CSR101x_A05\nvm_access.o
 .text.Nvm_Read
                0x00000000        0x0 depend_Release_CSR101x_A05\nvm_access.o
 .text          0x00000000        0x0 depend_Release_CSR101x_A05\gap_service.o
 .data          0x00000000        0x0 depend_Release_CSR101x_A05\gap_service.o
 .bss           0x00000000        0x0 depend_Release_CSR101x_A05\gap_service.o
 .text.GapCheckHandleRange
                0x00000000        0x0 depend_Release_CSR101x_A05\gap_service.o
 .text.GapGetNameAndLength
                0x00000000        0x0 depend_Release_CSR101x_A05\gap_service.o
 .text.gapWriteDeviceNameToNvm
                0x00000000        0x0 depend_Release_CSR101x_A05\gap_service.o
 .text.GapInitWriteDataToNVM
                0x00000000        0x0 depend_Release_CSR101x_A05\gap_service.o
 .text.GapReadDataFromNVM
                0x00000000        0x0 depend_Release_CSR101x_A05\gap_service.o
 .text.GapHandleAccessRead
                0x00000000        0x0 depend_Release_CSR101x_A05\gap_service.o
 .text.GapHandleAccessWrite
                0x00000000        0x0 depend_Release_CSR101x_A05\gap_service.o
 .text          0x00000000        0x0 C:\CSR_uEnergy_SDK-2.2.2.13\tools\lib\CSR101x_A05\libgatt_lib_ram.a(gatt_ram.o)
 .data          0x00000000        0x0 C:\CSR_uEnergy_SDK-2.2.2.13\tools\lib\CSR101x_A05\libgatt_lib_ram.a(gatt_ram.o)
 .bss           0x00000000        0x0 C:\CSR_uEnergy_SDK-2.2.2.13\tools\lib\CSR101x_A05\libgatt_lib_ram.a(gatt_ram.o)
 .data          0x00000000        0x0 C:\CSR_uEnergy_SDK-2.2.2.13\tools\lib\CSR101x_A05\libgatt_lib_ram.a(sm_ram.o)
 .bss           0x00000000        0x0 C:\CSR_uEnergy_SDK-2.2.2.13\tools\lib\CSR101x_A05\libgatt_lib_ram.a(sm_ram.o)
 .data          0x00000000        0x0 C:\CSR_uEnergy_SDK-2.2.2.13\tools\lib\CSR101x_A05\libgatt_lib_ram.a(patch_sm.o)
 .text          0x00000000        0x0 C:\CSR_uEnergy_SDK-2.2.2.13\tools\lib\CSR101x_A05\libgatt_lib_ram.a(main_ram.o)
 .data          0x00000000        0x0 C:\CSR_uEnergy_SDK-2.2.2.13\tools\lib\CSR101x_A05\libgatt_lib_ram.a(main_ram.o)
 .bss           0x00000000        0x0 C:\CSR_uEnergy_SDK-2.2.2.13\tools\lib\CSR101x_A05\libgatt_lib_ram.a(main_ram.o)
 .text          0x00000000        0x0 C:\CSR_uEnergy_SDK-2.2.2.13\tools\lib\CSR101x_A05\libgatt_lib_ram.a(hw_patch_install.o)
 .data          0x00000000        0x0 C:\CSR_uEnergy_SDK-2.2.2.13\tools\lib\CSR101x_A05\libgatt_lib_ram.a(hw_patch_install.o)
 .bss           0x00000000        0x0 C:\CSR_uEnergy_SDK-2.2.2.13\tools\lib\CSR101x_A05\libgatt_lib_ram.a(hw_patch_install.o)
 .text          0x00000000        0x0 C:\CSR_uEnergy_SDK-2.2.2.13\tools\lib\CSR101x_A05\libgatt_lib_ram.a(patch_baldrick.o)
 .data          0x00000000        0x0 C:\CSR_uEnergy_SDK-2.2.2.13\tools\lib\CSR101x_A05\libgatt_lib_ram.a(patch_baldrick.o)
 .bss           0x00000000        0x0 C:\CSR_uEnergy_SDK-2.2.2.13\tools\lib\CSR101x_A05\libgatt_lib_ram.a(patch_baldrick.o)
 .text          0x00000000        0x0 C:\CSR_uEnergy_SDK-2.2.2.13\tools\lib\CSR101x_A05\libgatt_lib_ram.a(patch_i2c_app_mem_mgr.o)
 .data          0x00000000        0x0 C:\CSR_uEnergy_SDK-2.2.2.13\tools\lib\CSR101x_A05\libgatt_lib_ram.a(patch_i2c_app_mem_mgr.o)
 .bss           0x00000000        0x0 C:\CSR_uEnergy_SDK-2.2.2.13\tools\lib\CSR101x_A05\libgatt_lib_ram.a(patch_i2c_app_mem_mgr.o)
 .text          0x00000000        0x0 C:\CSR_uEnergy_SDK-2.2.2.13\tools\lib\CSR101x_A05\libgatt_lib_ram.a(id_ram.o)
 .data          0x00000000        0x0 C:\CSR_uEnergy_SDK-2.2.2.13\tools\lib\CSR101x_A05\libgatt_lib_ram.a(id_ram.o)
 .bss           0x00000000        0x0 C:\CSR_uEnergy_SDK-2.2.2.13\tools\lib\CSR101x_A05\libgatt_lib_ram.a(id_ram.o)
 .text          0x00000000        0x0 C:\CSR_uEnergy_SDK-2.2.2.13\tools\lib\CSR101x_A05\libgatt_lib_ram.a(slut.o)
 .data          0x00000000        0x0 C:\CSR_uEnergy_SDK-2.2.2.13\tools\lib\CSR101x_A05\libgatt_lib_ram.a(slut.o)
 .bss           0x00000000        0x0 C:\CSR_uEnergy_SDK-2.2.2.13\tools\lib\CSR101x_A05\libgatt_lib_ram.a(slut.o)
 .text          0x00000000        0x0 C:\CSR_uEnergy_SDK-2.2.2.13\tools\lib\CSR101x_A05\libgatt_lib_ram.a(sw_patch_ram.o)
 .data          0x00000000        0x0 C:\CSR_uEnergy_SDK-2.2.2.13\tools\lib\CSR101x_A05\libgatt_lib_ram.a(sw_patch_ram.o)
 .bss           0x00000000        0x0 C:\CSR_uEnergy_SDK-2.2.2.13\tools\lib\CSR101x_A05\libgatt_lib_ram.a(sw_patch_ram.o)
 .text          0x00000000        0x0 C:\CSR_uEnergy_SDK-2.2.2.13\tools\lib\CSR101x_A05\libgatt_lib_ram.a(patch_ls_app_if.o)
 .data          0x00000000        0x0 C:\CSR_uEnergy_SDK-2.2.2.13\tools\lib\CSR101x_A05\libgatt_lib_ram.a(patch_ls_app_if.o)
 .bss           0x00000000        0x0 C:\CSR_uEnergy_SDK-2.2.2.13\tools\lib\CSR101x_A05\libgatt_lib_ram.a(patch_ls_app_if.o)
 .text.LsRxTimingReport
                0x00000000        0x0 C:\CSR_uEnergy_SDK-2.2.2.13\tools\lib\CSR101x_A05\libgatt_lib_ram.a(patch_ls_app_if.o)
 .text.LsHoldTxUntilRx
                0x00000000        0x0 C:\CSR_uEnergy_SDK-2.2.2.13\tools\lib\CSR101x_A05\libgatt_lib_ram.a(patch_ls_app_if.o)
 .text.LsRadioEventNotification
                0x00000000        0x0 C:\CSR_uEnergy_SDK-2.2.2.13\tools\lib\CSR101x_A05\libgatt_lib_ram.a(patch_ls_app_if.o)
 .text          0x00000000        0x0 C:\CSR_uEnergy_SDK-2.2.2.13\tools\lib\CSR101x_A05\libgatt_lib_ram.a(patch_att_install.o)
 .data          0x00000000        0x0 C:\CSR_uEnergy_SDK-2.2.2.13\tools\lib\CSR101x_A05\libgatt_lib_ram.a(patch_att_install.o)
 .bss           0x00000000        0x0 C:\CSR_uEnergy_SDK-2.2.2.13\tools\lib\CSR101x_A05\libgatt_lib_ram.a(patch_att_install.o)
 .text          0x00000000        0x0 C:\CSR_uEnergy_SDK-2.2.2.13\tools\lib\CSR101x_A05\libgatt_lib_ram.a(patch_george.o)
 .data          0x00000000        0x0 C:\CSR_uEnergy_SDK-2.2.2.13\tools\lib\CSR101x_A05\libgatt_lib_ram.a(patch_george.o)
 .bss           0x00000000        0x0 C:\CSR_uEnergy_SDK-2.2.2.13\tools\lib\CSR101x_A05\libgatt_lib_ram.a(patch_george.o)
 .text.___libgatt_lib_db_4582
                0x00000000        0x0 C:\CSR_uEnergy_SDK-2.2.2.13\tools\lib\CSR101x_A05\libgatt_lib_ram.a(patch_george.o)
 .text.___libgatt_lib_db_4583
                0x00000000        0x0 C:\CSR_uEnergy_SDK-2.2.2.13\tools\lib\CSR101x_A05\libgatt_lib_ram.a(patch_george.o)
 .text          0x00000000        0x0 C:\CSR_uEnergy_SDK-2.2.2.13\tools\lib\CSR101x_A05\libgatt_lib_ram.a(patch_george_ll.o)
 .data          0x00000000        0x0 C:\CSR_uEnergy_SDK-2.2.2.13\tools\lib\CSR101x_A05\libgatt_lib_ram.a(patch_george_ll.o)
 .bss           0x00000000        0x0 C:\CSR_uEnergy_SDK-2.2.2.13\tools\lib\CSR101x_A05\libgatt_lib_ram.a(patch_george_ll.o)
 .text          0x00000000        0x0 C:\CSR_uEnergy_SDK-2.2.2.13\tools\lib\CSR101x_A05\libgatt_lib_ram.a(patch_george_adv.o)
 .data          0x00000000        0x0 C:\CSR_uEnergy_SDK-2.2.2.13\tools\lib\CSR101x_A05\libgatt_lib_ram.a(patch_george_adv.o)
 .bss           0x00000000        0x0 C:\CSR_uEnergy_SDK-2.2.2.13\tools\lib\CSR101x_A05\libgatt_lib_ram.a(patch_george_adv.o)
 .text          0x00000000        0x0 C:\CSR_uEnergy_SDK-2.2.2.13\tools\lib\CSR101x_A05\libgatt_lib_ram.a(hal_debugbus_state.o)
 .data          0x00000000        0x0 C:\CSR_uEnergy_SDK-2.2.2.13\tools\lib\CSR101x_A05\libgatt_lib_ram.a(hal_debugbus_state.o)
 .bss           0x00000000        0x0 C:\CSR_uEnergy_SDK-2.2.2.13\tools\lib\CSR101x_A05\libgatt_lib_ram.a(hal_debugbus_state.o)
 .text          0x00000000        0x0 C:\CSR_uEnergy_SDK-2.2.2.13\tools\lib\CSR101x_A05\libgatt_lib_ram.a(patch_halradiotrim.o)
 .data          0x00000000        0x0 C:\CSR_uEnergy_SDK-2.2.2.13\tools\lib\CSR101x_A05\libgatt_lib_ram.a(patch_halradiotrim.o)
 .bss           0x00000000        0x0 C:\CSR_uEnergy_SDK-2.2.2.13\tools\lib\CSR101x_A05\libgatt_lib_ram.a(patch_halradiotrim.o)
 .text.___libgatt_lib_db_4602
                0x00000000        0x0 C:\CSR_uEnergy_SDK-2.2.2.13\tools\lib\CSR101x_A05\libgatt_lib_ram.a(patch_halradiotrim.o)
 .text.___libgatt_lib_db_4016
                0x00000000        0x0 C:\CSR_uEnergy_SDK-2.2.2.13\tools\lib\CSR101x_A05\libgatt_lib_ram.a(patch_halradiotrim.o)
 .text.___libgatt_lib_db_4600
                0x00000000        0x0 C:\CSR_uEnergy_SDK-2.2.2.13\tools\lib\CSR101x_A05\libgatt_lib_ram.a(patch_halradiotrim.o)
 .text          0x00000000        0x0 C:\CSR_uEnergy_SDK-2.2.2.13\tools\lib\CSR101x_A05\libgatt_lib_ram.a(patch_halradio.o)
 .data          0x00000000        0x0 C:\CSR_uEnergy_SDK-2.2.2.13\tools\lib\CSR101x_A05\libgatt_lib_ram.a(patch_halradio.o)
 .bss           0x00000000        0x0 C:\CSR_uEnergy_SDK-2.2.2.13\tools\lib\CSR101x_A05\libgatt_lib_ram.a(patch_halradio.o)
 .text          0x00000000        0x0 C:\CSR_uEnergy_SDK-2.2.2.13\tools\lib\CSR101x_A05\libgatt_lib_ram.a(patch_reset.o)
 .data          0x00000000        0x0 C:\CSR_uEnergy_SDK-2.2.2.13\tools\lib\CSR101x_A05\libgatt_lib_ram.a(patch_reset.o)
 .bss           0x00000000        0x0 C:\CSR_uEnergy_SDK-2.2.2.13\tools\lib\CSR101x_A05\libgatt_lib_ram.a(patch_reset.o)
 .text          0x00000000        0x0 C:\CSR_uEnergy_SDK-2.2.2.13\tools\lib\CSR101x_A05\libgatt_lib_ram.a(patch_pools.o)
 .data          0x00000000        0x0 C:\CSR_uEnergy_SDK-2.2.2.13\tools\lib\CSR101x_A05\libgatt_lib_ram.a(patch_pools.o)
 .bss           0x00000000        0x0 C:\CSR_uEnergy_SDK-2.2.2.13\tools\lib\CSR101x_A05\libgatt_lib_ram.a(patch_pools.o)
 .text          0x00000000        0x0 C:\CSR_uEnergy_SDK-2.2.2.13\tools\lib\CSR101x_A05\libgatt_lib_ram.a(patch_background_loop.o)
 .data          0x00000000        0x0 C:\CSR_uEnergy_SDK-2.2.2.13\tools\lib\CSR101x_A05\libgatt_lib_ram.a(patch_background_loop.o)
 .bss           0x00000000        0x0 C:\CSR_uEnergy_SDK-2.2.2.13\tools\lib\CSR101x_A05\libgatt_lib_ram.a(patch_background_loop.o)
 .text          0x00000000        0x0 C:\CSR_uEnergy_SDK-2.2.2.13\tools\lib\CSR101x_A05\libgatt_lib_ram.a(patch_fault.o)
 .data          0x00000000        0x0 C:\CSR_uEnergy_SDK-2.2.2.13\tools\lib\CSR101x_A05\libgatt_lib_ram.a(patch_fault.o)
 .bss           0x00000000        0x0 C:\CSR_uEnergy_SDK-2.2.2.13\tools\lib\CSR101x_A05\libgatt_lib_ram.a(patch_fault.o)
 .text.PanicReadFwFault
                0x00000000        0x0 C:\CSR_uEnergy_SDK-2.2.2.13\tools\lib\CSR101x_A05\libgatt_lib_ram.a(patch_fault.o)
 .text.PanicClearFwFault
                0x00000000        0x0 C:\CSR_uEnergy_SDK-2.2.2.13\tools\lib\CSR101x_A05\libgatt_lib_ram.a(patch_fault.o)
 .bss.__PATCH__ZERO_
                0x00000000        0x0 C:\CSR_uEnergy_SDK-2.2.2.13\tools\lib\CSR101x_A05\libgatt_lib_ram.a(patch_fault.o)
 .text          0x00000000        0x0 C:\CSR_uEnergy_SDK-2.2.2.13\tools\lib\CSR101x_A05\libgatt_lib_ram.a(patch_pmu.o)
 .data          0x00000000        0x0 C:\CSR_uEnergy_SDK-2.2.2.13\tools\lib\CSR101x_A05\libgatt_lib_ram.a(patch_pmu.o)
 .bss           0x00000000        0x0 C:\CSR_uEnergy_SDK-2.2.2.13\tools\lib\CSR101x_A05\libgatt_lib_ram.a(patch_pmu.o)
 .text          0x00000000        0x0 C:\CSR_uEnergy_SDK-2.2.2.13\tools\lib\CSR101x_A05\libgatt_lib_ram.a(patch_thermometer.o)
 .data          0x00000000        0x0 C:\CSR_uEnergy_SDK-2.2.2.13\tools\lib\CSR101x_A05\libgatt_lib_ram.a(patch_thermometer.o)
 .bss           0x00000000        0x0 C:\CSR_uEnergy_SDK-2.2.2.13\tools\lib\CSR101x_A05\libgatt_lib_ram.a(patch_thermometer.o)

Memory Configuration

Name             Origin             Length             Attributes
*default*        0x00000000         0xffffffff

Linker script and memory map

LOAD depend_Release_CSR101x_A05\app_gatt_db.o
LOAD depend_Release_CSR101x_A05\main.o
LOAD depend_Release_CSR101x_A05\nvm_access.o
LOAD depend_Release_CSR101x_A05\gap_service.o
LOAD C:\CSR_uEnergy_SDK-2.2.2.13\tools\lib\CSR101x_A05\libgatt_lib_ram.a
LOAD C:\CSR_uEnergy_SDK-2.2.2.13\tools\lib\CSR101x_A05\rom_img.elf
                0x00000000                PROG_RAM_START = 0x0
                0x00008000                PROG_RAM_SIZE = 0x8000
                0x00008000                PROG_ROM_START = 0x8000
                0x00008000                PROG_ROM_SIZE = 0x8000
                0x00002000                DATA_RAM_START = 0x2000
                0x00008000                DATA_RAM_SIZE = 0x8000
                0x000001b0                RADIOBUFS_SIZE = 0x1b0
                0x00000020                WHITELIST_SIZE = 0x20
                0x00000164                RADIODATA_SIZE = 0x164
                0x00000200                USTACK_SIZE = 0x200
                0x00000100                ISTACK_SIZE = 0x100
                0x00009f84                DATA_CSTORE_START = 0x9f84
                0x00000058                CSTORE_SIZE = 0x58
                0x00000004                SLT_SIZE = 0x4
                0x00000020                PRESERVE_SIZE = 0x20
                0x0000a000                DATA_RAM_END = 0xa000
                0x0000a000                DATA_ROM_START = 0xa000
                0x00004000                DATA_ROM_SIZE = 0x4000
                0x0000ef80                DATA_PERSIST_START = 0xef80
                0x00000080                DATA_PERSIST_SIZE = 0x80
                0x00009360                DATA_ROMDATA_START = 0x9360
                0x00000000                PROG_APPCODE_START = 0x0
                0x00006c00                PROG_APPCODE_END = 0x6c00
                0x00008c40                DATA_APPDATA_START = 0x8c40
                0x00008f00                DATA_APPDATA_END = 0x8f00
                0x80000000                $CODE$ = 0x80000000
                0x00000000                $DATA$ = 0x0
                0x0000ffe0                PROVIDE ($XAP_AH, 0xffe0)
                0x0000ffe1                PROVIDE ($XAP_AL, 0xffe1)
                0x0000ffe2                PROVIDE ($XAP_UXH, 0xffe2)
                0x0000ffe3                PROVIDE ($XAP_UXL, 0xffe3)
                0x0000ffe4                PROVIDE ($XAP_UY, 0xffe4)
                0x0000ffe5                PROVIDE ($XAP_IXH, 0xffe5)
                0x0000ffe6                PROVIDE ($XAP_IXL, 0xffe6)
                0x0000ffe7                PROVIDE ($XAP_IY, 0xffe7)
                0x00000008                . = 0x8

.app_ram_init   0x00000008        0x1
 *(RAM_APP_INIT)
 RAM_APP_INIT   0x00000008        0x1 C:\CSR_uEnergy_SDK-2.2.2.13\tools\lib\CSR101x_A05\libgatt_lib_ram.a(main_ram.o)
                0x00000008                main_ram_app_init

.fw_patch_bitmap
                0x00000009        0x6
 *(FW_PATCH_BITMAP)
 FW_PATCH_BITMAP
                0x00000009        0x6 C:\CSR_uEnergy_SDK-2.2.2.13\tools\lib\CSR101x_A05\libgatt_lib_ram.a(sw_patch_ram.o)
                0x00000009                patch_bitmap

.fw_patch_table
                0x0000000f        0x1
 *(FW_PATCH_TABLE)
 FW_PATCH_TABLE
                0x0000000f        0x1 C:\CSR_uEnergy_SDK-2.2.2.13\tools\lib\CSR101x_A05\libgatt_lib_ram.a(sw_patch_ram.o)
                0x0000000f                patch_table
                0x00000010                PROG_APPCODE_START = .

.text           0x00000010      0xaea load address 0x80000010
 *xap2crt0.o(.text)
 *xap2crt0.o(.text.*)
                0x00000010                PROG_PATCH_ADDRESS = .
 *(.hw_patch)
 .hw_patch      0x00000010      0x156 C:\CSR_uEnergy_SDK-2.2.2.13\tools\lib\CSR101x_A05\libgatt_lib_ram.a(patch_baldrick.o)
                0x00000010                hw_patch
 *(.text)
 .text          0x00000166       0x3c C:\CSR_uEnergy_SDK-2.2.2.13\tools\lib\CSR101x_A05\libgatt_lib_ram.a(sm_ram.o)
                0x00000194                SMDistributeMasterLtk
                0x00000166                ___libgatt_lib_db_476
                0x00000176                SMFeaturesReq
 .text          0x000001a2      0x168 C:\CSR_uEnergy_SDK-2.2.2.13\tools\lib\CSR101x_A05\libgatt_lib_ram.a(patch_sm.o)
                0x000002bb                ___libgatt_lib_db_4570
                0x0000025d                ___libgatt_lib_db_4569
                0x0000020a                ___libgatt_lib_db_4572
                0x000001d7                ___libgatt_lib_db_4571
                0x00000267                ___libgatt_lib_db_4579
                0x000001a2                ___libgatt_lib_db_4568
 *(.text.*)
 .text.AppPowerOnReset
                0x0000030a        0x1 depend_Release_CSR101x_A05\main.o
                0x0000030a                AppPowerOnReset
 .text.AppProcessSystemEvent
                0x0000030b        0x1 depend_Release_CSR101x_A05\main.o
                0x0000030b                AppProcessSystemEvent
 .text.AppProcessLmEvent
                0x0000030c        0x2 depend_Release_CSR101x_A05\main.o
                0x0000030c                AppProcessLmEvent
 .text.AppInit  0x0000030e        0xd depend_Release_CSR101x_A05\main.o
                0x0000030e                AppInit
 .text.Nvm_Disable
                0x0000031b        0x9 depend_Release_CSR101x_A05\nvm_access.o
                0x0000031b                Nvm_Disable
 .text.GapDataInit
                0x00000324        0xb depend_Release_CSR101x_A05\gap_service.o
                0x00000324                GapDataInit
 .text.GattInit
                0x0000032f       0x22 C:\CSR_uEnergy_SDK-2.2.2.13\tools\lib\CSR101x_A05\libgatt_lib_ram.a(gatt_ram.o)
                0x0000032f                GattInit
 .text.ram_app_init
                0x00000351       0x32 C:\CSR_uEnergy_SDK-2.2.2.13\tools\lib\CSR101x_A05\libgatt_lib_ram.a(main_ram.o)
                0x00000351                ram_app_init
 .text.___libgatt_lib_db_4364
                0x00000383        0x8 C:\CSR_uEnergy_SDK-2.2.2.13\tools\lib\CSR101x_A05\libgatt_lib_ram.a(hw_patch_install.o)
                0x00000383                ___libgatt_lib_db_4364
 .text.NvmConfigureI2cEeprom
                0x0000038b        0xd C:\CSR_uEnergy_SDK-2.2.2.13\tools\lib\CSR101x_A05\libgatt_lib_ram.a(patch_i2c_app_mem_mgr.o)
                0x0000038b                NvmConfigureI2cEeprom
 .text.new_disable_i2c
                0x00000398        0xb C:\CSR_uEnergy_SDK-2.2.2.13\tools\lib\CSR101x_A05\libgatt_lib_ram.a(patch_i2c_app_mem_mgr.o)
 .text.___libgatt_lib_db_4554
                0x000003a3        0x7 C:\CSR_uEnergy_SDK-2.2.2.13\tools\lib\CSR101x_A05\libgatt_lib_ram.a(patch_ls_app_if.o)
                0x000003a3                ___libgatt_lib_db_4554
 .text.patch_process_hci_event
                0x000003aa       0x29 C:\CSR_uEnergy_SDK-2.2.2.13\tools\lib\CSR101x_A05\libgatt_lib_ram.a(patch_ls_app_if.o)
 .text.___libgatt_lib_db_4559
                0x000003d3        0xe C:\CSR_uEnergy_SDK-2.2.2.13\tools\lib\CSR101x_A05\libgatt_lib_ram.a(patch_att_install.o)
                0x000003d3                ___libgatt_lib_db_4559
 .text.patch_att_handle_execute_write_req
                0x000003e1       0xff C:\CSR_uEnergy_SDK-2.2.2.13\tools\lib\CSR101x_A05\libgatt_lib_ram.a(patch_att_install.o)
 .text.patch_att_handle_read_multi_req
                0x000004e0       0xbc C:\CSR_uEnergy_SDK-2.2.2.13\tools\lib\CSR101x_A05\libgatt_lib_ram.a(patch_att_install.o)
 .text.___libgatt_lib_db_4584
                0x0000059c        0x7 C:\CSR_uEnergy_SDK-2.2.2.13\tools\lib\CSR101x_A05\libgatt_lib_ram.a(patch_george.o)
                0x0000059c                ___libgatt_lib_db_4584
 .text.___libgatt_lib_db_4544
                0x000005a3       0x18 C:\CSR_uEnergy_SDK-2.2.2.13\tools\lib\CSR101x_A05\libgatt_lib_ram.a(patch_george.o)
                0x000005a3                ___libgatt_lib_db_4544
 .text.ram_le_connection_timeout_A05
                0x000005bb       0x34 C:\CSR_uEnergy_SDK-2.2.2.13\tools\lib\CSR101x_A05\libgatt_lib_ram.a(patch_george.o)
 .text.___libgatt_lib_db_4581
                0x000005ef        0x8 C:\CSR_uEnergy_SDK-2.2.2.13\tools\lib\CSR101x_A05\libgatt_lib_ram.a(patch_george.o)
                0x000005ef                ___libgatt_lib_db_4581
 .text.rx_timing_report
                0x000005f7       0xbf C:\CSR_uEnergy_SDK-2.2.2.13\tools\lib\CSR101x_A05\libgatt_lib_ram.a(patch_george.o)
 .text.ram_le_handle_event
                0x000006b6       0xf7 C:\CSR_uEnergy_SDK-2.2.2.13\tools\lib\CSR101x_A05\libgatt_lib_ram.a(patch_george.o)
 .text.___libgatt_lib_db_4550
                0x000007ad       0x26 C:\CSR_uEnergy_SDK-2.2.2.13\tools\lib\CSR101x_A05\libgatt_lib_ram.a(patch_george.o)
                0x000007ad                ___libgatt_lib_db_4550
 .text.___libgatt_lib_db_4549
                0x000007d3       0x2c C:\CSR_uEnergy_SDK-2.2.2.13\tools\lib\CSR101x_A05\libgatt_lib_ram.a(patch_george.o)
                0x000007d3                ___libgatt_lib_db_4549
 .text.___libgatt_lib_db_4589
                0x000007ff       0x11 C:\CSR_uEnergy_SDK-2.2.2.13\tools\lib\CSR101x_A05\libgatt_lib_ram.a(patch_george_ll.o)
                0x000007ff                ___libgatt_lib_db_4589
 .text.___libgatt_lib_db_4590
                0x00000810      0x126 C:\CSR_uEnergy_SDK-2.2.2.13\tools\lib\CSR101x_A05\libgatt_lib_ram.a(patch_george_ll.o)
                0x00000810                ___libgatt_lib_db_4590
 .text.___libgatt_lib_db_4594
                0x00000936       0x1b C:\CSR_uEnergy_SDK-2.2.2.13\tools\lib\CSR101x_A05\libgatt_lib_ram.a(patch_george_adv.o)
                0x00000936                ___libgatt_lib_db_4594
 .text.___libgatt_lib_db_4597
                0x00000951        0xc C:\CSR_uEnergy_SDK-2.2.2.13\tools\lib\CSR101x_A05\libgatt_lib_ram.a(hal_debugbus_state.o)
                0x00000951                ___libgatt_lib_db_4597
 .text.___libgatt_lib_db_4596
                0x0000095d        0xc C:\CSR_uEnergy_SDK-2.2.2.13\tools\lib\CSR101x_A05\libgatt_lib_ram.a(hal_debugbus_state.o)
                0x0000095d                ___libgatt_lib_db_4596
 .text.RAM_set_tx_power_parameters
                0x00000969       0x57 C:\CSR_uEnergy_SDK-2.2.2.13\tools\lib\CSR101x_A05\libgatt_lib_ram.a(patch_halradiotrim.o)
 .text.___libgatt_lib_db_4603
                0x000009c0        0xb C:\CSR_uEnergy_SDK-2.2.2.13\tools\lib\CSR101x_A05\libgatt_lib_ram.a(patch_halradiotrim.o)
                0x000009c0                ___libgatt_lib_db_4603
 .text.___libgatt_lib_db_4601
                0x000009cb        0xa C:\CSR_uEnergy_SDK-2.2.2.13\tools\lib\CSR101x_A05\libgatt_lib_ram.a(patch_halradiotrim.o)
                0x000009cb                ___libgatt_lib_db_4601
 .text.___libgatt_lib_db_4609
                0x000009d5       0x4c C:\CSR_uEnergy_SDK-2.2.2.13\tools\lib\CSR101x_A05\libgatt_lib_ram.a(patch_halradio.o)
                0x000009d5                ___libgatt_lib_db_4609
 .text.___libgatt_lib_db_4207
                0x00000a21        0xd C:\CSR_uEnergy_SDK-2.2.2.13\tools\lib\CSR101x_A05\libgatt_lib_ram.a(patch_reset.o)
                0x00000a21                ___libgatt_lib_db_4207
 .text.___libgatt_lib_db_4611
                0x00000a2e        0x5 C:\CSR_uEnergy_SDK-2.2.2.13\tools\lib\CSR101x_A05\libgatt_lib_ram.a(patch_pools.o)
                0x00000a2e                ___libgatt_lib_db_4611
 .text.___libgatt_lib_db_4614
                0x00000a33        0xf C:\CSR_uEnergy_SDK-2.2.2.13\tools\lib\CSR101x_A05\libgatt_lib_ram.a(patch_background_loop.o)
                0x00000a33                ___libgatt_lib_db_4614
 .text.___libgatt_lib_db_4616
                0x00000a42       0x15 C:\CSR_uEnergy_SDK-2.2.2.13\tools\lib\CSR101x_A05\libgatt_lib_ram.a(patch_fault.o)
                0x00000a42                ___libgatt_lib_db_4616
 .text.___libgatt_lib_db_4624
                0x00000a57       0x2e C:\CSR_uEnergy_SDK-2.2.2.13\tools\lib\CSR101x_A05\libgatt_lib_ram.a(patch_pmu.o)
                0x00000a57                ___libgatt_lib_db_4624
 .text.___libgatt_lib_db_4214
                0x00000a85       0x75 C:\CSR_uEnergy_SDK-2.2.2.13\tools\lib\CSR101x_A05\libgatt_lib_ram.a(patch_thermometer.o)
                0x00000a85                ___libgatt_lib_db_4214
 *(.apptext)
 *(.apptext.*)
 *xap2crte.o(.text)
 *xap2crte.o(.text.*)
                0x00000afa                PROG_APPCODE_END = .
                0x00002afa                DATA_CONST_START = (DATA_RAM_START + .)
                0x00002afa                . = DATA_CONST_START

.const
 *(CONST)
 *(CONST.*)
                0x00002afa                DATA_CONST_END = .
                0x00002afa                DATA_RODATA_START = .
                0x00002afb                . = (. + 0x1)

.rodata         0x00002afb       0x48
 *(.rodata)
 *(.rodata.*)
 .rodata.ram_build_identifier_integer
                0x00002afb        0x1 C:\CSR_uEnergy_SDK-2.2.2.13\tools\lib\CSR101x_A05\libgatt_lib_ram.a(id_ram.o)
                0x00002afb                ___libgatt_lib_db_4496
 .rodata.ram_build_identifier_string
                0x00002afc       0x16 C:\CSR_uEnergy_SDK-2.2.2.13\tools\lib\CSR101x_A05\libgatt_lib_ram.a(id_ram.o)
                0x00002afc                ram_build_identifier_string
 .rodata.slut_extended
                0x00002b12        0x9 C:\CSR_uEnergy_SDK-2.2.2.13\tools\lib\CSR101x_A05\libgatt_lib_ram.a(slut.o)
                0x00002b12                ___libgatt_lib_db_4631
 .rodata.tx_power_table
                0x00002b1b       0x28 C:\CSR_uEnergy_SDK-2.2.2.13\tools\lib\CSR101x_A05\libgatt_lib_ram.a(patch_halradiotrim.o)
                0x00002b1b                ___libgatt_lib_db_4608
                0x00002b43                DATA_RODATA_END = .

.bss            0x00002b43       0x11
                0x00002b43                DATA_BSS_APP_START = .
 *(.bss)
 .bss           0x00002b43        0x2 C:\CSR_uEnergy_SDK-2.2.2.13\tools\lib\CSR101x_A05\libgatt_lib_ram.a(patch_sm.o)
 *(.bss.*)
 .bss.g_gap_data
                0x00002b45        0x3 depend_Release_CSR101x_A05\gap_service.o
 .bss.patch_pending
                0x00002b48        0x1 C:\CSR_uEnergy_SDK-2.2.2.13\tools\lib\CSR101x_A05\libgatt_lib_ram.a(patch_george.o)
                0x00002b48                patch_pending
 .bss.patch_rx_timing_report
                0x00002b49        0x1 C:\CSR_uEnergy_SDK-2.2.2.13\tools\lib\CSR101x_A05\libgatt_lib_ram.a(patch_george.o)
                0x00002b49                patch_rx_timing_report
 .bss.patch_pending_mode
                0x00002b4a        0x1 C:\CSR_uEnergy_SDK-2.2.2.13\tools\lib\CSR101x_A05\libgatt_lib_ram.a(patch_george.o)
                0x00002b4a                patch_pending_mode
 .bss.patch_conn_chm_update
                0x00002b4b        0x1 C:\CSR_uEnergy_SDK-2.2.2.13\tools\lib\CSR101x_A05\libgatt_lib_ram.a(patch_george.o)
                0x00002b4b                patch_conn_chm_update
 .bss.__PATCH__ZERO_
                0x00002b4c        0x1 C:\CSR_uEnergy_SDK-2.2.2.13\tools\lib\CSR101x_A05\libgatt_lib_ram.a(patch_george.o)
 .bss.tx_power_table_entry
                0x00002b4d        0x1 C:\CSR_uEnergy_SDK-2.2.2.13\tools\lib\CSR101x_A05\libgatt_lib_ram.a(patch_halradiotrim.o)
 .bss.__PATCH__ZERO_
                0x00002b4e        0x1 C:\CSR_uEnergy_SDK-2.2.2.13\tools\lib\CSR101x_A05\libgatt_lib_ram.a(patch_thermometer.o)
 COMMON         0x00002b4f        0x2 C:\CSR_uEnergy_SDK-2.2.2.13\tools\lib\CSR101x_A05\libgatt_lib_ram.a(patch_sm.o)
                0x00002b4f                sm_long_term_key_ind
                0x00002b50                sm_pairing_auth_ind
 COMMON         0x00002b51        0x3 C:\CSR_uEnergy_SDK-2.2.2.13\tools\lib\CSR101x_A05\libgatt_lib_ram.a(patch_george_ll.o)
                0x00002b51                george_earliest_transmit_offset
                0x00002b54                DATA_BSS_APP_END = .
                0x00000011                BSS_APP_SIZE = (DATA_BSS_APP_END - DATA_BSS_APP_START)

.data           0x00002b54       0x39
                0x00002b54                DATA_DATA_START = .
 *(.data)
 *(.data.*)
 .data.g_device_name
                0x00002b54       0x16 depend_Release_CSR101x_A05\gap_service.o
                0x00002b54                g_device_name
 .data.patch_table_data
                0x00002b6a       0x22 C:\CSR_uEnergy_SDK-2.2.2.13\tools\lib\CSR101x_A05\libgatt_lib_ram.a(sw_patch_ram.o)
                0x00002b6a                ___libgatt_lib_db_4542
 .data.pending_pdu_acks
                0x00002b8c        0x1 C:\CSR_uEnergy_SDK-2.2.2.13\tools\lib\CSR101x_A05\libgatt_lib_ram.a(patch_george_ll.o)
                0x00002b8c                ___libgatt_lib_db_4591
                0x00002b8d                DATA_DATA_END = .
                0x0000ef80                . = DATA_PERSIST_START

PERSIST_MEM
 *(PERSIST_MEM)
 *(PERSIST_MEM.*)
                0x0000ef80                DATA_PERSIST_MEM_END = .
                0x00009f84                . = DATA_CSTORE_START

CONFIG_STORE    0x00009f84       0x40
 *(CONFIG_STORE)
 CONFIG_STORE   0x00009f84       0x40 C:\CSR_uEnergy_SDK-2.2.2.13\tools\lib\CSR101x_A05\libgatt_lib_ram.a(CONFIG_STORE.o)
                0x00009f84                ___libgatt_lib_db_4269
 *(CONFIG_STORE.*)
                0x00009fc4                DATA_CSTORE_END = .
                0x00000040                CS_SIZE = (DATA_CSTORE_END - DATA_CSTORE_START)
                0x00009fdc                . = ((DATA_RAM_END - PRESERVE_SIZE) - SLT_SIZE)

SLT             0x00009fdc        0x4
                0x00009fdc                SLT_START = .
 *(SLT)
 SLT            0x00009fdc        0x4 C:\CSR_uEnergy_SDK-2.2.2.13\tools\lib\CSR101x_A05\libgatt_lib_ram.a(slut.o)
                0x00009fdc                slut
 *(SLT.*)

.preserved      0x00009fe0        0x0
                0x00009fe0                PRESERVED_START = .
 *(PRES_DATA)
 *(PRES_DATA.*)
                0x00009f84                STACK_END = DATA_CSTORE_START
                0x00009c84                . = ((STACK_END - ISTACK_SIZE) - USTACK_SIZE)

.stack          0x00009c84      0x300
                0x00009c84                STACK_START = .
                0x00009c84                USTACK_START = .
                0x00009e84                USTACK_END = (USTACK_START + USTACK_SIZE)
 *(USTACK)
 *(USTACK.*)
                0x00009e84                . = USTACK_END
 *fill*         0x00009c84      0x400 00
                0x00009e84                ISTACK_START = .
                0x00009f84                ISTACK_END = (ISTACK_START + ISTACK_SIZE)
 *(ISTACK)
 *(ISTACK.*)
                0x00009f84                . = ISTACK_END
 *fill*         0x00009e84      0x200 00
                0x00009c84                ALIGNED_DATA_END = STACK_START
                0x00009950                . = (((ALIGNED_DATA_END - RADIODATA_SIZE) - WHITELIST_SIZE) - RADIOBUFS_SIZE)

.aligned_data   0x00009950      0x334
                0x00009950                ALIGNED_DATA_START = .
                0x00009950                DATA_RADIOBUFS_START = .
 *(RADINITTBL)
                0x00009b00                . = (ALIGNED_DATA_START + RADIOBUFS_SIZE)
 *fill*         0x00009950      0x360 00
                0x00009b00                DATA_WHITELIST_START = .
                0x00009b20                . = (DATA_WHITELIST_START + WHITELIST_SIZE)
 *fill*         0x00009b00       0x40 00
 *(.romradiodata)
 .romradiodata  0x00009b20      0x164 C:\CSR_uEnergy_SDK-2.2.2.13\tools\lib\CSR101x_A05\libgatt_lib_ram.a(.romradiodata.o)
                0x00009b20                DATA_TIMERSTRUCT_START
                0x00009b80                ___libgatt_lib_db_4171
                0x00009b20                ___libgatt_lib_db_4173
                0x00009b80                DATA_RCLUTS_START
                0x00009c84                ALIGN_END_ACTUAL = .
                0x00000001                ASSERT ((DATA_APPDATA_END > DATA_DATA_END), RAM DATA exceeds limit.)
LOAD c:/csr_uenergy_sdk-2.2.2.13/tools/bin/../lib/gcc/xap-local-xap/4.3.4\libgcc.a
OUTPUT(depend_Release_CSR101x_A05\heekari.elf elf32-xap2)

.debug_abbrev   0x00000000      0x263
 .debug_abbrev  0x00000000       0x46 depend_Release_CSR101x_A05\app_gatt_db.o
 .debug_abbrev  0x0000008b       0xc4 depend_Release_CSR101x_A05\main.o
 .debug_abbrev  0x00000212       0x5b depend_Release_CSR101x_A05\nvm_access.o
 .debug_abbrev  0x000002c7       0xff depend_Release_CSR101x_A05\gap_service.o

.debug_info     0x00000000     0x1b88
 .debug_info    0x00000000       0x5f depend_Release_CSR101x_A05\app_gatt_db.o
 .debug_info    0x000000be     0x1299 depend_Release_CSR101x_A05\main.o
 .debug_info    0x000025ef      0x204 depend_Release_CSR101x_A05\nvm_access.o
 .debug_info    0x000029f6      0x68d depend_Release_CSR101x_A05\gap_service.o

.debug_line     0x00000000      0x301
 .debug_line    0x00000000       0x58 depend_Release_CSR101x_A05\app_gatt_db.o
 .debug_line    0x000000b0       0xcc depend_Release_CSR101x_A05\main.o
 .debug_line    0x00000247       0x9f depend_Release_CSR101x_A05\nvm_access.o
 .debug_line    0x00000384      0x13f depend_Release_CSR101x_A05\gap_service.o

.debug_frame    0x00000000       0xd0
 .debug_frame   0x00000000       0x14 depend_Release_CSR101x_A05\app_gatt_db.o
 .debug_frame   0x00000028       0x2c depend_Release_CSR101x_A05\main.o
 .debug_frame   0x00000080       0x2c depend_Release_CSR101x_A05\nvm_access.o
 .debug_frame   0x000000d8       0x64 depend_Release_CSR101x_A05\gap_service.o

.debug_loc      0x00000000      0x1d4
 .debug_loc     0x00000000       0x1f depend_Release_CSR101x_A05\app_gatt_db.o
 .debug_loc     0x0000003d       0x23 depend_Release_CSR101x_A05\main.o
 .debug_loc     0x00000082       0x75 depend_Release_CSR101x_A05\nvm_access.o
 .debug_loc     0x0000016b      0x11f depend_Release_CSR101x_A05\gap_service.o

.debug_pubnames
                0x00000000       0xce
 .debug_pubnames
                0x00000000       0x1c depend_Release_CSR101x_A05\app_gatt_db.o
 .debug_pubnames
                0x00000037       0x31 depend_Release_CSR101x_A05\main.o
 .debug_pubnames
                0x00000099       0x1f depend_Release_CSR101x_A05\nvm_access.o
 .debug_pubnames
                0x000000d6       0x63 depend_Release_CSR101x_A05\gap_service.o

.debug_aranges  0x00000000       0x70
 .debug_aranges
                0x00000000       0x10 depend_Release_CSR101x_A05\app_gatt_db.o
 .debug_aranges
                0x00000020       0x1c depend_Release_CSR101x_A05\main.o
 .debug_aranges
                0x00000058       0x18 depend_Release_CSR101x_A05\nvm_access.o
 .debug_aranges
                0x00000088       0x2c depend_Release_CSR101x_A05\gap_service.o

.debug_ranges   0x00000000       0x60
 .debug_ranges  0x00000000        0xc depend_Release_CSR101x_A05\app_gatt_db.o
 .debug_ranges  0x00000018       0x18 depend_Release_CSR101x_A05\main.o
 .debug_ranges  0x00000048       0x14 depend_Release_CSR101x_A05\nvm_access.o
 .debug_ranges  0x00000070       0x28 depend_Release_CSR101x_A05\gap_service.o

.debug_str      0x00000000     0x1ce3
 .debug_str     0x00000000       0x75 depend_Release_CSR101x_A05\app_gatt_db.o
                                 0x82 (size before relaxing)
 .debug_str     0x000000ea     0x1abe depend_Release_CSR101x_A05\main.o
                               0x1b73 (size before relaxing)
 .debug_str     0x00003666      0x11f depend_Release_CSR101x_A05\nvm_access.o
                                0x5ef (size before relaxing)
 .debug_str     0x000038a3       0x92 depend_Release_CSR101x_A05\gap_service.o
                               0x1282 (size before relaxing)

.comment        0x00000000      0x2be
 .comment       0x00000000       0x1a depend_Release_CSR101x_A05\app_gatt_db.o
 .comment       0x0000001a       0x1a depend_Release_CSR101x_A05\main.o
 .comment       0x00000034       0x1a depend_Release_CSR101x_A05\nvm_access.o
 .comment       0x0000004e       0x1a depend_Release_CSR101x_A05\gap_service.o
 .comment       0x00000068       0x1a C:\CSR_uEnergy_SDK-2.2.2.13\tools\lib\CSR101x_A05\libgatt_lib_ram.a(gatt_ram.o)
 .comment       0x00000082       0x1a C:\CSR_uEnergy_SDK-2.2.2.13\tools\lib\CSR101x_A05\libgatt_lib_ram.a(sm_ram.o)
 .comment       0x0000009c       0x1a C:\CSR_uEnergy_SDK-2.2.2.13\tools\lib\CSR101x_A05\libgatt_lib_ram.a(patch_sm.o)
 .comment       0x000000b6       0x1a C:\CSR_uEnergy_SDK-2.2.2.13\tools\lib\CSR101x_A05\libgatt_lib_ram.a(main_ram.o)
 .comment       0x000000d0       0x1a C:\CSR_uEnergy_SDK-2.2.2.13\tools\lib\CSR101x_A05\libgatt_lib_ram.a(hw_patch_install.o)
 .comment       0x000000ea       0x1a C:\CSR_uEnergy_SDK-2.2.2.13\tools\lib\CSR101x_A05\libgatt_lib_ram.a(patch_i2c_app_mem_mgr.o)
 .comment       0x00000104       0x1a C:\CSR_uEnergy_SDK-2.2.2.13\tools\lib\CSR101x_A05\libgatt_lib_ram.a(id_ram.o)
 .comment       0x0000011e       0x1a C:\CSR_uEnergy_SDK-2.2.2.13\tools\lib\CSR101x_A05\libgatt_lib_ram.a(slut.o)
 .comment       0x00000138       0x1a C:\CSR_uEnergy_SDK-2.2.2.13\tools\lib\CSR101x_A05\libgatt_lib_ram.a(sw_patch_ram.o)
 .comment       0x00000152       0x1a C:\CSR_uEnergy_SDK-2.2.2.13\tools\lib\CSR101x_A05\libgatt_lib_ram.a(patch_ls_app_if.o)
 .comment       0x0000016c       0x1a C:\CSR_uEnergy_SDK-2.2.2.13\tools\lib\CSR101x_A05\libgatt_lib_ram.a(patch_att_install.o)
 .comment       0x00000186       0x1a C:\CSR_uEnergy_SDK-2.2.2.13\tools\lib\CSR101x_A05\libgatt_lib_ram.a(patch_george.o)
 .comment       0x000001a0       0x1a C:\CSR_uEnergy_SDK-2.2.2.13\tools\lib\CSR101x_A05\libgatt_lib_ram.a(patch_george_ll.o)
 .comment       0x000001ba       0x1a C:\CSR_uEnergy_SDK-2.2.2.13\tools\lib\CSR101x_A05\libgatt_lib_ram.a(patch_george_adv.o)
 .comment       0x000001d4       0x1a C:\CSR_uEnergy_SDK-2.2.2.13\tools\lib\CSR101x_A05\libgatt_lib_ram.a(hal_debugbus_state.o)
 .comment       0x000001ee       0x1a C:\CSR_uEnergy_SDK-2.2.2.13\tools\lib\CSR101x_A05\libgatt_lib_ram.a(patch_halradiotrim.o)
 .comment       0x00000208       0x1a C:\CSR_uEnergy_SDK-2.2.2.13\tools\lib\CSR101x_A05\libgatt_lib_ram.a(patch_halradio.o)
 .comment       0x00000222       0x1a C:\CSR_uEnergy_SDK-2.2.2.13\tools\lib\CSR101x_A05\libgatt_lib_ram.a(patch_reset.o)
 .comment       0x0000023c       0x1a C:\CSR_uEnergy_SDK-2.2.2.13\tools\lib\CSR101x_A05\libgatt_lib_ram.a(patch_pools.o)
 .comment       0x00000256       0x1a C:\CSR_uEnergy_SDK-2.2.2.13\tools\lib\CSR101x_A05\libgatt_lib_ram.a(patch_background_loop.o)
 .comment       0x00000270       0x1a C:\CSR_uEnergy_SDK-2.2.2.13\tools\lib\CSR101x_A05\libgatt_lib_ram.a(patch_fault.o)
 .comment       0x0000028a       0x1a C:\CSR_uEnergy_SDK-2.2.2.13\tools\lib\CSR101x_A05\libgatt_lib_ram.a(patch_pmu.o)
 .comment       0x000002a4       0x1a C:\CSR_uEnergy_SDK-2.2.2.13\tools\lib\CSR101x_A05\libgatt_lib_ram.a(patch_thermometer.o)
