Archive member included because of file (symbol)

C:\CSR_uEnergy_SDK-2.2.2.13\tools\lib\CSR101x_A05\libgatt_lib_ram.a(patch_ls_app_if.o)
                              depend_Release_CSR101x_A05\hr_sensor.o (LsRadioEventNotification)
C:\CSR_uEnergy_SDK-2.2.2.13\tools\lib\CSR101x_A05\libgatt_lib_ram.a(ls_app_if_ram.o)
                              depend_Release_CSR101x_A05\hr_sensor_gatt.o (LsReadTransmitPowerLevel)
C:\CSR_uEnergy_SDK-2.2.2.13\tools\lib\CSR101x_A05\libgatt_lib_ram.a(gatt_ram.o)
                              depend_Release_CSR101x_A05\hr_sensor.o (GattInit)
C:\CSR_uEnergy_SDK-2.2.2.13\tools\lib\CSR101x_A05\libgatt_lib_ram.a(sm_ram.o)
                              C:\CSR_uEnergy_SDK-2.2.2.13\tools\lib\CSR101x_A05\libgatt_lib_ram.a(gatt_ram.o) (___libgatt_lib_db_476)
C:\CSR_uEnergy_SDK-2.2.2.13\tools\lib\CSR101x_A05\libgatt_lib_ram.a(sm_div.o)
                              depend_Release_CSR101x_A05\hr_sensor.o (SMDivApproval)
C:\CSR_uEnergy_SDK-2.2.2.13\tools\lib\CSR101x_A05\libgatt_lib_ram.a(patch_sm.o)
                              C:\CSR_uEnergy_SDK-2.2.2.13\tools\lib\CSR101x_A05\libgatt_lib_ram.a(sm_ram.o) (sm_pairing_auth_ind)
C:\CSR_uEnergy_SDK-2.2.2.13\tools\lib\CSR101x_A05\libgatt_lib_ram.a(patch_george.o)
                              C:\CSR_uEnergy_SDK-2.2.2.13\tools\lib\CSR101x_A05\libgatt_lib_ram.a(patch_ls_app_if.o) (___libgatt_lib_db_4582)
C:\CSR_uEnergy_SDK-2.2.2.13\tools\lib\CSR101x_A05\libgatt_lib_ram.a(patch_george_ll.o)
                              C:\CSR_uEnergy_SDK-2.2.2.13\tools\lib\CSR101x_A05\libgatt_lib_ram.a(patch_george.o) (___libgatt_lib_db_4589)
C:\CSR_uEnergy_SDK-2.2.2.13\tools\lib\CSR101x_A05\libgatt_lib_ram.a(hal_debugbus_state.o)
                              C:\CSR_uEnergy_SDK-2.2.2.13\tools\lib\CSR101x_A05\libgatt_lib_ram.a(patch_george.o) (___libgatt_lib_db_4597)
C:\CSR_uEnergy_SDK-2.2.2.13\tools\lib\CSR101x_A05\libgatt_lib_ram.a(patch_halradiotrim.o)
                              C:\CSR_uEnergy_SDK-2.2.2.13\tools\lib\CSR101x_A05\libgatt_lib_ram.a(ls_app_if_ram.o) (___libgatt_lib_db_4602)
C:\CSR_uEnergy_SDK-2.2.2.13\tools\lib\CSR101x_A05\libgatt_lib_ram.a(patch_sleeprequest.o)
                              depend_Release_CSR101x_A05\hr_sensor.o (SleepRequest)
C:\CSR_uEnergy_SDK-2.2.2.13\tools\lib\CSR101x_A05\libgatt_lib_ram.a(main_ram.o)
                              (main_ram_app_init)
C:\CSR_uEnergy_SDK-2.2.2.13\tools\lib\CSR101x_A05\libgatt_lib_ram.a(hw_patch_install.o)
                              C:\CSR_uEnergy_SDK-2.2.2.13\tools\lib\CSR101x_A05\libgatt_lib_ram.a(main_ram.o) (___libgatt_lib_db_4364)
C:\CSR_uEnergy_SDK-2.2.2.13\tools\lib\CSR101x_A05\libgatt_lib_ram.a(patch_baldrick.o)
                              (hw_patch)
C:\CSR_uEnergy_SDK-2.2.2.13\tools\lib\CSR101x_A05\libgatt_lib_ram.a(patch_i2c_app_mem_mgr.o)
                              depend_Release_CSR101x_A05\hr_sensor.o (NvmConfigureI2cEeprom)
C:\CSR_uEnergy_SDK-2.2.2.13\tools\lib\CSR101x_A05\libgatt_lib_ram.a(id_ram.o)
                              C:\CSR_uEnergy_SDK-2.2.2.13\tools\lib\CSR101x_A05\libgatt_lib_ram.a(main_ram.o) (___libgatt_lib_db_4496)
C:\CSR_uEnergy_SDK-2.2.2.13\tools\lib\CSR101x_A05\libgatt_lib_ram.a(slut.o)
                              (slut)
C:\CSR_uEnergy_SDK-2.2.2.13\tools\lib\CSR101x_A05\libgatt_lib_ram.a(sw_patch_ram.o)
                              (patch_bitmap)
C:\CSR_uEnergy_SDK-2.2.2.13\tools\lib\CSR101x_A05\libgatt_lib_ram.a(CONFIG_STORE.o)
                              (___libgatt_lib_db_4269)
C:\CSR_uEnergy_SDK-2.2.2.13\tools\lib\CSR101x_A05\libgatt_lib_ram.a(.romradiodata.o)
                              (DATA_TIMERSTRUCT_START)
C:\CSR_uEnergy_SDK-2.2.2.13\tools\lib\CSR101x_A05\libgatt_lib_ram.a(patch_att_install.o)
                              C:\CSR_uEnergy_SDK-2.2.2.13\tools\lib\CSR101x_A05\libgatt_lib_ram.a(sw_patch_ram.o) (___libgatt_lib_db_4559)
C:\CSR_uEnergy_SDK-2.2.2.13\tools\lib\CSR101x_A05\libgatt_lib_ram.a(patch_george_adv.o)
                              C:\CSR_uEnergy_SDK-2.2.2.13\tools\lib\CSR101x_A05\libgatt_lib_ram.a(sw_patch_ram.o) (___libgatt_lib_db_4594)
C:\CSR_uEnergy_SDK-2.2.2.13\tools\lib\CSR101x_A05\libgatt_lib_ram.a(patch_halradio.o)
                              C:\CSR_uEnergy_SDK-2.2.2.13\tools\lib\CSR101x_A05\libgatt_lib_ram.a(sw_patch_ram.o) (___libgatt_lib_db_4609)
C:\CSR_uEnergy_SDK-2.2.2.13\tools\lib\CSR101x_A05\libgatt_lib_ram.a(patch_reset.o)
                              C:\CSR_uEnergy_SDK-2.2.2.13\tools\lib\CSR101x_A05\libgatt_lib_ram.a(sw_patch_ram.o) (___libgatt_lib_db_4207)
C:\CSR_uEnergy_SDK-2.2.2.13\tools\lib\CSR101x_A05\libgatt_lib_ram.a(patch_pools.o)
                              C:\CSR_uEnergy_SDK-2.2.2.13\tools\lib\CSR101x_A05\libgatt_lib_ram.a(sw_patch_ram.o) (___libgatt_lib_db_4611)
C:\CSR_uEnergy_SDK-2.2.2.13\tools\lib\CSR101x_A05\libgatt_lib_ram.a(patch_background_loop.o)
                              C:\CSR_uEnergy_SDK-2.2.2.13\tools\lib\CSR101x_A05\libgatt_lib_ram.a(sw_patch_ram.o) (___libgatt_lib_db_4614)
C:\CSR_uEnergy_SDK-2.2.2.13\tools\lib\CSR101x_A05\libgatt_lib_ram.a(patch_fault.o)
                              C:\CSR_uEnergy_SDK-2.2.2.13\tools\lib\CSR101x_A05\libgatt_lib_ram.a(sw_patch_ram.o) (___libgatt_lib_db_4616)
C:\CSR_uEnergy_SDK-2.2.2.13\tools\lib\CSR101x_A05\libgatt_lib_ram.a(patch_pmu.o)
                              C:\CSR_uEnergy_SDK-2.2.2.13\tools\lib\CSR101x_A05\libgatt_lib_ram.a(sw_patch_ram.o) (___libgatt_lib_db_4624)
C:\CSR_uEnergy_SDK-2.2.2.13\tools\lib\CSR101x_A05\libgatt_lib_ram.a(patch_thermometer.o)
                              C:\CSR_uEnergy_SDK-2.2.2.13\tools\lib\CSR101x_A05\libgatt_lib_ram.a(sw_patch_ram.o) (___libgatt_lib_db_4214)

Allocating common symbols
Common symbol       size              file

sm_long_term_key_ind
                    0x1               C:\CSR_uEnergy_SDK-2.2.2.13\tools\lib\CSR101x_A05\libgatt_lib_ram.a(patch_sm.o)
g_dimmer_data       0x1               depend_Release_CSR101x_A05\hr_sensor_hw.o
sm_pairing_auth_ind
                    0x1               C:\CSR_uEnergy_SDK-2.2.2.13\tools\lib\CSR101x_A05\libgatt_lib_ram.a(patch_sm.o)
g_app_hw_data       0x4               depend_Release_CSR101x_A05\hr_sensor_hw.o
g_hr_data           0x40              depend_Release_CSR101x_A05\hr_sensor.o
george_earliest_transmit_offset
                    0x3               C:\CSR_uEnergy_SDK-2.2.2.13\tools\lib\CSR101x_A05\libgatt_lib_ram.a(patch_george_ll.o)

Discarded input sections

 .text          0x00000000        0x0 depend_Release_CSR101x_A05\app_gatt_db.o
 .data          0x00000000        0x0 depend_Release_CSR101x_A05\app_gatt_db.o
 .bss           0x00000000        0x0 depend_Release_CSR101x_A05\app_gatt_db.o
 .text          0x00000000        0x0 depend_Release_CSR101x_A05\battery_service.o
 .data          0x00000000        0x0 depend_Release_CSR101x_A05\battery_service.o
 .bss           0x00000000        0x0 depend_Release_CSR101x_A05\battery_service.o
 .text          0x00000000        0x0 depend_Release_CSR101x_A05\gap_service.o
 .data          0x00000000        0x0 depend_Release_CSR101x_A05\gap_service.o
 .bss           0x00000000        0x0 depend_Release_CSR101x_A05\gap_service.o
 .text          0x00000000        0x0 depend_Release_CSR101x_A05\heart_rate_service.o
 .data          0x00000000        0x0 depend_Release_CSR101x_A05\heart_rate_service.o
 .bss           0x00000000        0x0 depend_Release_CSR101x_A05\heart_rate_service.o
 .text          0x00000000        0x0 depend_Release_CSR101x_A05\hr_sensor.o
 .data          0x00000000        0x0 depend_Release_CSR101x_A05\hr_sensor.o
 .bss           0x00000000        0x0 depend_Release_CSR101x_A05\hr_sensor.o
 .text.HandleHRInputEvent
                0x00000000        0x0 depend_Release_CSR101x_A05\hr_sensor.o
 .text          0x00000000        0x0 depend_Release_CSR101x_A05\hr_sensor_gatt.o
 .data          0x00000000        0x0 depend_Release_CSR101x_A05\hr_sensor_gatt.o
 .bss           0x00000000        0x0 depend_Release_CSR101x_A05\hr_sensor_gatt.o
 .text          0x00000000        0x0 depend_Release_CSR101x_A05\hr_sensor_hw.o
 .data          0x00000000        0x0 depend_Release_CSR101x_A05\hr_sensor_hw.o
 .bss           0x00000000        0x0 depend_Release_CSR101x_A05\hr_sensor_hw.o
 .text.HrInitSwitchData
                0x00000000        0x0 depend_Release_CSR101x_A05\hr_sensor_hw.o
 .text.GetRRValue
                0x00000000        0x0 depend_Release_CSR101x_A05\hr_sensor_hw.o
 .text          0x00000000        0x0 depend_Release_CSR101x_A05\nvm_access.o
 .data          0x00000000        0x0 depend_Release_CSR101x_A05\nvm_access.o
 .bss           0x00000000        0x0 depend_Release_CSR101x_A05\nvm_access.o
 .text          0x00000000        0x0 depend_Release_CSR101x_A05\switch_service.o
 .data          0x00000000        0x0 depend_Release_CSR101x_A05\switch_service.o
 .bss           0x00000000        0x0 depend_Release_CSR101x_A05\switch_service.o
 .text          0x00000000        0x0 C:\CSR_uEnergy_SDK-2.2.2.13\tools\lib\CSR101x_A05\libgatt_lib_ram.a(patch_ls_app_if.o)
 .data          0x00000000        0x0 C:\CSR_uEnergy_SDK-2.2.2.13\tools\lib\CSR101x_A05\libgatt_lib_ram.a(patch_ls_app_if.o)
 .bss           0x00000000        0x0 C:\CSR_uEnergy_SDK-2.2.2.13\tools\lib\CSR101x_A05\libgatt_lib_ram.a(patch_ls_app_if.o)
 .text.LsRxTimingReport
                0x00000000        0x0 C:\CSR_uEnergy_SDK-2.2.2.13\tools\lib\CSR101x_A05\libgatt_lib_ram.a(patch_ls_app_if.o)
 .text.LsHoldTxUntilRx
                0x00000000        0x0 C:\CSR_uEnergy_SDK-2.2.2.13\tools\lib\CSR101x_A05\libgatt_lib_ram.a(patch_ls_app_if.o)
 .text          0x00000000        0x0 C:\CSR_uEnergy_SDK-2.2.2.13\tools\lib\CSR101x_A05\libgatt_lib_ram.a(ls_app_if_ram.o)
 .data          0x00000000        0x0 C:\CSR_uEnergy_SDK-2.2.2.13\tools\lib\CSR101x_A05\libgatt_lib_ram.a(ls_app_if_ram.o)
 .bss           0x00000000        0x0 C:\CSR_uEnergy_SDK-2.2.2.13\tools\lib\CSR101x_A05\libgatt_lib_ram.a(ls_app_if_ram.o)
 .text.LsSetTransmitPowerLevel
                0x00000000        0x0 C:\CSR_uEnergy_SDK-2.2.2.13\tools\lib\CSR101x_A05\libgatt_lib_ram.a(ls_app_if_ram.o)
 .text          0x00000000        0x0 C:\CSR_uEnergy_SDK-2.2.2.13\tools\lib\CSR101x_A05\libgatt_lib_ram.a(gatt_ram.o)
 .data          0x00000000        0x0 C:\CSR_uEnergy_SDK-2.2.2.13\tools\lib\CSR101x_A05\libgatt_lib_ram.a(gatt_ram.o)
 .bss           0x00000000        0x0 C:\CSR_uEnergy_SDK-2.2.2.13\tools\lib\CSR101x_A05\libgatt_lib_ram.a(gatt_ram.o)
 .data          0x00000000        0x0 C:\CSR_uEnergy_SDK-2.2.2.13\tools\lib\CSR101x_A05\libgatt_lib_ram.a(sm_ram.o)
 .bss           0x00000000        0x0 C:\CSR_uEnergy_SDK-2.2.2.13\tools\lib\CSR101x_A05\libgatt_lib_ram.a(sm_ram.o)
 .data          0x00000000        0x0 C:\CSR_uEnergy_SDK-2.2.2.13\tools\lib\CSR101x_A05\libgatt_lib_ram.a(sm_div.o)
 .bss           0x00000000        0x0 C:\CSR_uEnergy_SDK-2.2.2.13\tools\lib\CSR101x_A05\libgatt_lib_ram.a(sm_div.o)
 .data          0x00000000        0x0 C:\CSR_uEnergy_SDK-2.2.2.13\tools\lib\CSR101x_A05\libgatt_lib_ram.a(patch_sm.o)
 .text          0x00000000        0x0 C:\CSR_uEnergy_SDK-2.2.2.13\tools\lib\CSR101x_A05\libgatt_lib_ram.a(patch_george.o)
 .data          0x00000000        0x0 C:\CSR_uEnergy_SDK-2.2.2.13\tools\lib\CSR101x_A05\libgatt_lib_ram.a(patch_george.o)
 .bss           0x00000000        0x0 C:\CSR_uEnergy_SDK-2.2.2.13\tools\lib\CSR101x_A05\libgatt_lib_ram.a(patch_george.o)
 .text.___libgatt_lib_db_4582
                0x00000000        0x0 C:\CSR_uEnergy_SDK-2.2.2.13\tools\lib\CSR101x_A05\libgatt_lib_ram.a(patch_george.o)
 .text.___libgatt_lib_db_4583
                0x00000000        0x0 C:\CSR_uEnergy_SDK-2.2.2.13\tools\lib\CSR101x_A05\libgatt_lib_ram.a(patch_george.o)
 .text          0x00000000        0x0 C:\CSR_uEnergy_SDK-2.2.2.13\tools\lib\CSR101x_A05\libgatt_lib_ram.a(patch_george_ll.o)
 .data          0x00000000        0x0 C:\CSR_uEnergy_SDK-2.2.2.13\tools\lib\CSR101x_A05\libgatt_lib_ram.a(patch_george_ll.o)
 .bss           0x00000000        0x0 C:\CSR_uEnergy_SDK-2.2.2.13\tools\lib\CSR101x_A05\libgatt_lib_ram.a(patch_george_ll.o)
 .text          0x00000000        0x0 C:\CSR_uEnergy_SDK-2.2.2.13\tools\lib\CSR101x_A05\libgatt_lib_ram.a(hal_debugbus_state.o)
 .data          0x00000000        0x0 C:\CSR_uEnergy_SDK-2.2.2.13\tools\lib\CSR101x_A05\libgatt_lib_ram.a(hal_debugbus_state.o)
 .bss           0x00000000        0x0 C:\CSR_uEnergy_SDK-2.2.2.13\tools\lib\CSR101x_A05\libgatt_lib_ram.a(hal_debugbus_state.o)
 .text          0x00000000        0x0 C:\CSR_uEnergy_SDK-2.2.2.13\tools\lib\CSR101x_A05\libgatt_lib_ram.a(patch_halradiotrim.o)
 .data          0x00000000        0x0 C:\CSR_uEnergy_SDK-2.2.2.13\tools\lib\CSR101x_A05\libgatt_lib_ram.a(patch_halradiotrim.o)
 .bss           0x00000000        0x0 C:\CSR_uEnergy_SDK-2.2.2.13\tools\lib\CSR101x_A05\libgatt_lib_ram.a(patch_halradiotrim.o)
 .text.___libgatt_lib_db_4016
                0x00000000        0x0 C:\CSR_uEnergy_SDK-2.2.2.13\tools\lib\CSR101x_A05\libgatt_lib_ram.a(patch_halradiotrim.o)
 .text.___libgatt_lib_db_4600
                0x00000000        0x0 C:\CSR_uEnergy_SDK-2.2.2.13\tools\lib\CSR101x_A05\libgatt_lib_ram.a(patch_halradiotrim.o)
 .text          0x00000000        0x0 C:\CSR_uEnergy_SDK-2.2.2.13\tools\lib\CSR101x_A05\libgatt_lib_ram.a(patch_sleeprequest.o)
 .data          0x00000000        0x0 C:\CSR_uEnergy_SDK-2.2.2.13\tools\lib\CSR101x_A05\libgatt_lib_ram.a(patch_sleeprequest.o)
 .bss           0x00000000        0x0 C:\CSR_uEnergy_SDK-2.2.2.13\tools\lib\CSR101x_A05\libgatt_lib_ram.a(patch_sleeprequest.o)
 .text          0x00000000        0x0 C:\CSR_uEnergy_SDK-2.2.2.13\tools\lib\CSR101x_A05\libgatt_lib_ram.a(main_ram.o)
 .data          0x00000000        0x0 C:\CSR_uEnergy_SDK-2.2.2.13\tools\lib\CSR101x_A05\libgatt_lib_ram.a(main_ram.o)
 .bss           0x00000000        0x0 C:\CSR_uEnergy_SDK-2.2.2.13\tools\lib\CSR101x_A05\libgatt_lib_ram.a(main_ram.o)
 .text          0x00000000        0x0 C:\CSR_uEnergy_SDK-2.2.2.13\tools\lib\CSR101x_A05\libgatt_lib_ram.a(hw_patch_install.o)
 .data          0x00000000        0x0 C:\CSR_uEnergy_SDK-2.2.2.13\tools\lib\CSR101x_A05\libgatt_lib_ram.a(hw_patch_install.o)
 .bss           0x00000000        0x0 C:\CSR_uEnergy_SDK-2.2.2.13\tools\lib\CSR101x_A05\libgatt_lib_ram.a(hw_patch_install.o)
 .text          0x00000000        0x0 C:\CSR_uEnergy_SDK-2.2.2.13\tools\lib\CSR101x_A05\libgatt_lib_ram.a(patch_baldrick.o)
 .data          0x00000000        0x0 C:\CSR_uEnergy_SDK-2.2.2.13\tools\lib\CSR101x_A05\libgatt_lib_ram.a(patch_baldrick.o)
 .bss           0x00000000        0x0 C:\CSR_uEnergy_SDK-2.2.2.13\tools\lib\CSR101x_A05\libgatt_lib_ram.a(patch_baldrick.o)
 .text          0x00000000        0x0 C:\CSR_uEnergy_SDK-2.2.2.13\tools\lib\CSR101x_A05\libgatt_lib_ram.a(patch_i2c_app_mem_mgr.o)
 .data          0x00000000        0x0 C:\CSR_uEnergy_SDK-2.2.2.13\tools\lib\CSR101x_A05\libgatt_lib_ram.a(patch_i2c_app_mem_mgr.o)
 .bss           0x00000000        0x0 C:\CSR_uEnergy_SDK-2.2.2.13\tools\lib\CSR101x_A05\libgatt_lib_ram.a(patch_i2c_app_mem_mgr.o)
 .text          0x00000000        0x0 C:\CSR_uEnergy_SDK-2.2.2.13\tools\lib\CSR101x_A05\libgatt_lib_ram.a(id_ram.o)
 .data          0x00000000        0x0 C:\CSR_uEnergy_SDK-2.2.2.13\tools\lib\CSR101x_A05\libgatt_lib_ram.a(id_ram.o)
 .bss           0x00000000        0x0 C:\CSR_uEnergy_SDK-2.2.2.13\tools\lib\CSR101x_A05\libgatt_lib_ram.a(id_ram.o)
 .text          0x00000000        0x0 C:\CSR_uEnergy_SDK-2.2.2.13\tools\lib\CSR101x_A05\libgatt_lib_ram.a(slut.o)
 .data          0x00000000        0x0 C:\CSR_uEnergy_SDK-2.2.2.13\tools\lib\CSR101x_A05\libgatt_lib_ram.a(slut.o)
 .bss           0x00000000        0x0 C:\CSR_uEnergy_SDK-2.2.2.13\tools\lib\CSR101x_A05\libgatt_lib_ram.a(slut.o)
 .text          0x00000000        0x0 C:\CSR_uEnergy_SDK-2.2.2.13\tools\lib\CSR101x_A05\libgatt_lib_ram.a(sw_patch_ram.o)
 .data          0x00000000        0x0 C:\CSR_uEnergy_SDK-2.2.2.13\tools\lib\CSR101x_A05\libgatt_lib_ram.a(sw_patch_ram.o)
 .bss           0x00000000        0x0 C:\CSR_uEnergy_SDK-2.2.2.13\tools\lib\CSR101x_A05\libgatt_lib_ram.a(sw_patch_ram.o)
 .text          0x00000000        0x0 C:\CSR_uEnergy_SDK-2.2.2.13\tools\lib\CSR101x_A05\libgatt_lib_ram.a(patch_att_install.o)
 .data          0x00000000        0x0 C:\CSR_uEnergy_SDK-2.2.2.13\tools\lib\CSR101x_A05\libgatt_lib_ram.a(patch_att_install.o)
 .bss           0x00000000        0x0 C:\CSR_uEnergy_SDK-2.2.2.13\tools\lib\CSR101x_A05\libgatt_lib_ram.a(patch_att_install.o)
 .text          0x00000000        0x0 C:\CSR_uEnergy_SDK-2.2.2.13\tools\lib\CSR101x_A05\libgatt_lib_ram.a(patch_george_adv.o)
 .data          0x00000000        0x0 C:\CSR_uEnergy_SDK-2.2.2.13\tools\lib\CSR101x_A05\libgatt_lib_ram.a(patch_george_adv.o)
 .bss           0x00000000        0x0 C:\CSR_uEnergy_SDK-2.2.2.13\tools\lib\CSR101x_A05\libgatt_lib_ram.a(patch_george_adv.o)
 .text          0x00000000        0x0 C:\CSR_uEnergy_SDK-2.2.2.13\tools\lib\CSR101x_A05\libgatt_lib_ram.a(patch_halradio.o)
 .data          0x00000000        0x0 C:\CSR_uEnergy_SDK-2.2.2.13\tools\lib\CSR101x_A05\libgatt_lib_ram.a(patch_halradio.o)
 .bss           0x00000000        0x0 C:\CSR_uEnergy_SDK-2.2.2.13\tools\lib\CSR101x_A05\libgatt_lib_ram.a(patch_halradio.o)
 .text          0x00000000        0x0 C:\CSR_uEnergy_SDK-2.2.2.13\tools\lib\CSR101x_A05\libgatt_lib_ram.a(patch_reset.o)
 .data          0x00000000        0x0 C:\CSR_uEnergy_SDK-2.2.2.13\tools\lib\CSR101x_A05\libgatt_lib_ram.a(patch_reset.o)
 .bss           0x00000000        0x0 C:\CSR_uEnergy_SDK-2.2.2.13\tools\lib\CSR101x_A05\libgatt_lib_ram.a(patch_reset.o)
 .text          0x00000000        0x0 C:\CSR_uEnergy_SDK-2.2.2.13\tools\lib\CSR101x_A05\libgatt_lib_ram.a(patch_pools.o)
 .data          0x00000000        0x0 C:\CSR_uEnergy_SDK-2.2.2.13\tools\lib\CSR101x_A05\libgatt_lib_ram.a(patch_pools.o)
 .bss           0x00000000        0x0 C:\CSR_uEnergy_SDK-2.2.2.13\tools\lib\CSR101x_A05\libgatt_lib_ram.a(patch_pools.o)
 .text          0x00000000        0x0 C:\CSR_uEnergy_SDK-2.2.2.13\tools\lib\CSR101x_A05\libgatt_lib_ram.a(patch_background_loop.o)
 .data          0x00000000        0x0 C:\CSR_uEnergy_SDK-2.2.2.13\tools\lib\CSR101x_A05\libgatt_lib_ram.a(patch_background_loop.o)
 .bss           0x00000000        0x0 C:\CSR_uEnergy_SDK-2.2.2.13\tools\lib\CSR101x_A05\libgatt_lib_ram.a(patch_background_loop.o)
 .text          0x00000000        0x0 C:\CSR_uEnergy_SDK-2.2.2.13\tools\lib\CSR101x_A05\libgatt_lib_ram.a(patch_fault.o)
 .data          0x00000000        0x0 C:\CSR_uEnergy_SDK-2.2.2.13\tools\lib\CSR101x_A05\libgatt_lib_ram.a(patch_fault.o)
 .bss           0x00000000        0x0 C:\CSR_uEnergy_SDK-2.2.2.13\tools\lib\CSR101x_A05\libgatt_lib_ram.a(patch_fault.o)
 .text.PanicReadFwFault
                0x00000000        0x0 C:\CSR_uEnergy_SDK-2.2.2.13\tools\lib\CSR101x_A05\libgatt_lib_ram.a(patch_fault.o)
 .text.PanicClearFwFault
                0x00000000        0x0 C:\CSR_uEnergy_SDK-2.2.2.13\tools\lib\CSR101x_A05\libgatt_lib_ram.a(patch_fault.o)
 .bss.__PATCH__ZERO_
                0x00000000        0x0 C:\CSR_uEnergy_SDK-2.2.2.13\tools\lib\CSR101x_A05\libgatt_lib_ram.a(patch_fault.o)
 .text          0x00000000        0x0 C:\CSR_uEnergy_SDK-2.2.2.13\tools\lib\CSR101x_A05\libgatt_lib_ram.a(patch_pmu.o)
 .data          0x00000000        0x0 C:\CSR_uEnergy_SDK-2.2.2.13\tools\lib\CSR101x_A05\libgatt_lib_ram.a(patch_pmu.o)
 .bss           0x00000000        0x0 C:\CSR_uEnergy_SDK-2.2.2.13\tools\lib\CSR101x_A05\libgatt_lib_ram.a(patch_pmu.o)
 .text          0x00000000        0x0 C:\CSR_uEnergy_SDK-2.2.2.13\tools\lib\CSR101x_A05\libgatt_lib_ram.a(patch_thermometer.o)
 .data          0x00000000        0x0 C:\CSR_uEnergy_SDK-2.2.2.13\tools\lib\CSR101x_A05\libgatt_lib_ram.a(patch_thermometer.o)
 .bss           0x00000000        0x0 C:\CSR_uEnergy_SDK-2.2.2.13\tools\lib\CSR101x_A05\libgatt_lib_ram.a(patch_thermometer.o)

Memory Configuration

Name             Origin             Length             Attributes
*default*        0x00000000         0xffffffff

Linker script and memory map

LOAD depend_Release_CSR101x_A05\app_gatt_db.o
LOAD depend_Release_CSR101x_A05\battery_service.o
LOAD depend_Release_CSR101x_A05\gap_service.o
LOAD depend_Release_CSR101x_A05\heart_rate_service.o
LOAD depend_Release_CSR101x_A05\hr_sensor.o
LOAD depend_Release_CSR101x_A05\hr_sensor_gatt.o
LOAD depend_Release_CSR101x_A05\hr_sensor_hw.o
LOAD depend_Release_CSR101x_A05\nvm_access.o
LOAD depend_Release_CSR101x_A05\switch_service.o
LOAD C:\CSR_uEnergy_SDK-2.2.2.13\tools\lib\CSR101x_A05\libgatt_lib_ram.a
LOAD C:\CSR_uEnergy_SDK-2.2.2.13\tools\lib\CSR101x_A05\rom_img.elf
                0x00000000                PROG_RAM_START = 0x0
                0x00008000                PROG_RAM_SIZE = 0x8000
                0x00008000                PROG_ROM_START = 0x8000
                0x00008000                PROG_ROM_SIZE = 0x8000
                0x00002000                DATA_RAM_START = 0x2000
                0x00008000                DATA_RAM_SIZE = 0x8000
                0x000001b0                RADIOBUFS_SIZE = 0x1b0
                0x00000020                WHITELIST_SIZE = 0x20
                0x00000164                RADIODATA_SIZE = 0x164
                0x00000200                USTACK_SIZE = 0x200
                0x00000100                ISTACK_SIZE = 0x100
                0x00009f84                DATA_CSTORE_START = 0x9f84
                0x00000058                CSTORE_SIZE = 0x58
                0x00000004                SLT_SIZE = 0x4
                0x00000020                PRESERVE_SIZE = 0x20
                0x0000a000                DATA_RAM_END = 0xa000
                0x0000a000                DATA_ROM_START = 0xa000
                0x00004000                DATA_ROM_SIZE = 0x4000
                0x0000ef80                DATA_PERSIST_START = 0xef80
                0x00000080                DATA_PERSIST_SIZE = 0x80
                0x00009360                DATA_ROMDATA_START = 0x9360
                0x00000000                PROG_APPCODE_START = 0x0
                0x00006c00                PROG_APPCODE_END = 0x6c00
                0x00008c40                DATA_APPDATA_START = 0x8c40
                0x00008f00                DATA_APPDATA_END = 0x8f00
                0x80000000                $CODE$ = 0x80000000
                0x00000000                $DATA$ = 0x0
                0x0000ffe0                PROVIDE ($XAP_AH, 0xffe0)
                0x0000ffe1                PROVIDE ($XAP_AL, 0xffe1)
                0x0000ffe2                PROVIDE ($XAP_UXH, 0xffe2)
                0x0000ffe3                PROVIDE ($XAP_UXL, 0xffe3)
                0x0000ffe4                PROVIDE ($XAP_UY, 0xffe4)
                0x0000ffe5                PROVIDE ($XAP_IXH, 0xffe5)
                0x0000ffe6                PROVIDE ($XAP_IXL, 0xffe6)
                0x0000ffe7                PROVIDE ($XAP_IY, 0xffe7)
                0x00000008                . = 0x8

.app_ram_init   0x00000008        0x1
 *(RAM_APP_INIT)
 RAM_APP_INIT   0x00000008        0x1 C:\CSR_uEnergy_SDK-2.2.2.13\tools\lib\CSR101x_A05\libgatt_lib_ram.a(main_ram.o)
                0x00000008                main_ram_app_init

.fw_patch_bitmap
                0x00000009        0x6
 *(FW_PATCH_BITMAP)
 FW_PATCH_BITMAP
                0x00000009        0x6 C:\CSR_uEnergy_SDK-2.2.2.13\tools\lib\CSR101x_A05\libgatt_lib_ram.a(sw_patch_ram.o)
                0x00000009                patch_bitmap

.fw_patch_table
                0x0000000f        0x1
 *(FW_PATCH_TABLE)
 FW_PATCH_TABLE
                0x0000000f        0x1 C:\CSR_uEnergy_SDK-2.2.2.13\tools\lib\CSR101x_A05\libgatt_lib_ram.a(sw_patch_ram.o)
                0x0000000f                patch_table
                0x00000010                PROG_APPCODE_START = .

.text           0x00000010     0x16de load address 0x80000010
 *xap2crt0.o(.text)
 *xap2crt0.o(.text.*)
                0x00000010                PROG_PATCH_ADDRESS = .
 *(.hw_patch)
 .hw_patch      0x00000010      0x156 C:\CSR_uEnergy_SDK-2.2.2.13\tools\lib\CSR101x_A05\libgatt_lib_ram.a(patch_baldrick.o)
                0x00000010                hw_patch
 *(.text)
 .text          0x00000166       0x3d C:\CSR_uEnergy_SDK-2.2.2.13\tools\lib\CSR101x_A05\libgatt_lib_ram.a(sm_ram.o)
                0x00000195                SMDistributeMasterLtk
                0x00000166                ___libgatt_lib_db_476
                0x00000177                SMFeaturesReq
 .text          0x000001a3       0x26 C:\CSR_uEnergy_SDK-2.2.2.13\tools\lib\CSR101x_A05\libgatt_lib_ram.a(sm_div.o)
                0x000001b7                ___libgatt_lib_db_487
                0x000001a3                SMDivApproval
 .text          0x000001c9      0x168 C:\CSR_uEnergy_SDK-2.2.2.13\tools\lib\CSR101x_A05\libgatt_lib_ram.a(patch_sm.o)
                0x000002e2                ___libgatt_lib_db_4570
                0x00000284                ___libgatt_lib_db_4569
                0x00000231                ___libgatt_lib_db_4572
                0x000001fe                ___libgatt_lib_db_4571
                0x0000028e                ___libgatt_lib_db_4579
                0x000001c9                ___libgatt_lib_db_4568
 *(.text.*)
 .text.GattGetDatabase
                0x00000331        0x8 depend_Release_CSR101x_A05\app_gatt_db.o
                0x00000331                GattGetDatabase
 .text.BatteryInitChipReset
                0x00000339        0x4 depend_Release_CSR101x_A05\battery_service.o
                0x00000339                BatteryInitChipReset
 .text.BatteryCheckHandleRange
                0x0000033d        0x7 depend_Release_CSR101x_A05\battery_service.o
                0x0000033d                BatteryCheckHandleRange
 .text.BatteryDataInit
                0x00000344        0x8 depend_Release_CSR101x_A05\battery_service.o
                0x00000344                BatteryDataInit
 .text.BatteryBondingNotify
                0x0000034c        0xe depend_Release_CSR101x_A05\battery_service.o
                0x0000034c                BatteryBondingNotify
 .text.BatteryReadDataFromNVM
                0x0000035a       0x17 depend_Release_CSR101x_A05\battery_service.o
                0x0000035a                BatteryReadDataFromNVM
 .text.readBatteryLevel
                0x00000371        0x6 depend_Release_CSR101x_A05\battery_service.o
 .text.BatteryUpdateLevel
                0x00000377       0x1d depend_Release_CSR101x_A05\battery_service.o
                0x00000377                BatteryUpdateLevel
 .text.BatteryHandleAccessWrite
                0x00000394       0x3f depend_Release_CSR101x_A05\battery_service.o
                0x00000394                BatteryHandleAccessWrite
 .text.BatteryHandleAccessRead
                0x000003d3       0x33 depend_Release_CSR101x_A05\battery_service.o
                0x000003d3                BatteryHandleAccessRead
 .text.GapCheckHandleRange
                0x00000406        0x7 depend_Release_CSR101x_A05\gap_service.o
                0x00000406                GapCheckHandleRange
 .text.GapGetNameAndLength
                0x0000040d        0xc depend_Release_CSR101x_A05\gap_service.o
                0x0000040d                GapGetNameAndLength
 .text.GapDataInit
                0x00000419        0xb depend_Release_CSR101x_A05\gap_service.o
                0x00000419                GapDataInit
 .text.gapWriteDeviceNameToNvm
                0x00000424       0x16 depend_Release_CSR101x_A05\gap_service.o
 .text.GapInitWriteDataToNVM
                0x0000043a        0xc depend_Release_CSR101x_A05\gap_service.o
                0x0000043a                GapInitWriteDataToNVM
 .text.GapReadDataFromNVM
                0x00000446       0x24 depend_Release_CSR101x_A05\gap_service.o
                0x00000446                GapReadDataFromNVM
 .text.GapHandleAccessRead
                0x0000046a       0x2d depend_Release_CSR101x_A05\gap_service.o
                0x0000046a                GapHandleAccessRead
 .text.GapHandleAccessWrite
                0x00000497       0x2f depend_Release_CSR101x_A05\gap_service.o
                0x00000497                GapHandleAccessWrite
 .text.HRInitChipReset
                0x000004c6        0x4 depend_Release_CSR101x_A05\heart_rate_service.o
                0x000004c6                HRInitChipReset
 .text.IsHeartRateNotifyEnabled
                0x000004ca        0x8 depend_Release_CSR101x_A05\heart_rate_service.o
                0x000004ca                IsHeartRateNotifyEnabled
 .text.HeartRateIncEnergyExpended
                0x000004d2       0x15 depend_Release_CSR101x_A05\heart_rate_service.o
                0x000004d2                HeartRateIncEnergyExpended
 .text.HeartRateGetEnergyExpended
                0x000004e7        0x3 depend_Release_CSR101x_A05\heart_rate_service.o
                0x000004e7                HeartRateGetEnergyExpended
 .text.HeartRateCheckHandleRange
                0x000004ea        0x7 depend_Release_CSR101x_A05\heart_rate_service.o
                0x000004ea                HeartRateCheckHandleRange
 .text.HeartRateBondingNotify
                0x000004f1        0xe depend_Release_CSR101x_A05\heart_rate_service.o
                0x000004f1                HeartRateBondingNotify
 .text.HRDataInit
                0x000004ff       0x11 depend_Release_CSR101x_A05\heart_rate_service.o
                0x000004ff                HRDataInit
 .text.HeartRateHandleAccessWrite
                0x00000510       0x45 depend_Release_CSR101x_A05\heart_rate_service.o
                0x00000510                HeartRateHandleAccessWrite
 .text.HeartRateHandleAccessRead
                0x00000555       0x37 depend_Release_CSR101x_A05\heart_rate_service.o
                0x00000555                HeartRateHandleAccessRead
 .text.HeartRateSendMeasValue
                0x0000058c        0x9 depend_Release_CSR101x_A05\heart_rate_service.o
                0x0000058c                HeartRateSendMeasValue
 .text.HeartRateReadDataFromNVM
                0x00000595       0x2d depend_Release_CSR101x_A05\heart_rate_service.o
                0x00000595                HeartRateReadDataFromNVM
 .text.HandleShortButtonPress
                0x000005c2        0x1 depend_Release_CSR101x_A05\hr_sensor.o
                0x000005c2                HandleShortButtonPress
 .text.AppPowerOnReset
                0x000005c3        0x1 depend_Release_CSR101x_A05\hr_sensor.o
                0x000005c3                AppPowerOnReset
 .text.ResetIdleTimer
                0x000005c4       0x17 depend_Release_CSR101x_A05\hr_sensor.o
                0x000005c4                ResetIdleTimer
 .text.receivedHRMeasReading
                0x000005db       0xa3 depend_Release_CSR101x_A05\hr_sensor.o
 .text.sendHRMeasurement
                0x0000067e       0x2a depend_Release_CSR101x_A05\hr_sensor.o
 .text.StartSendingHRMeasurements
                0x000006a8        0xf depend_Release_CSR101x_A05\hr_sensor.o
                0x000006a8                StartSendingHRMeasurements
 .text.hrSensorDataInit
                0x000006b7       0x3b depend_Release_CSR101x_A05\hr_sensor.o
 .text.AppProcessSystemEvent
                0x000006f2       0x15 depend_Release_CSR101x_A05\hr_sensor.o
                0x000006f2                AppProcessSystemEvent
 .text.FlipSwitch
                0x00000707        0xb depend_Release_CSR101x_A05\hr_sensor.o
                0x00000707                FlipSwitch
 .text.AppInit  0x00000712       0xc0 depend_Release_CSR101x_A05\hr_sensor.o
                0x00000712                AppInit
 .text.AppIsDeviceBonded
                0x000007d2       0x19 depend_Release_CSR101x_A05\hr_sensor.o
                0x000007d2                AppIsDeviceBonded
 .text.ReportPanic
                0x000007eb        0x3 depend_Release_CSR101x_A05\hr_sensor.o
                0x000007eb                ReportPanic
 .text.requestConnParamUpdate
                0x000007ee       0x28 depend_Release_CSR101x_A05\hr_sensor.o
 .text.hrMeasTimerHandler
                0x00000816       0x18 depend_Release_CSR101x_A05\hr_sensor.o
 .text.AppSetState
                0x0000082e       0x56 depend_Release_CSR101x_A05\hr_sensor.o
                0x0000082e                AppSetState
 .text.hrSensorIdleTimerHandler
                0x00000884       0x17 depend_Release_CSR101x_A05\hr_sensor.o
 .text.AppProcessLmEvent
                0x0000089b      0x269 depend_Release_CSR101x_A05\hr_sensor.o
                0x0000089b                AppProcessLmEvent
 .text.HandleExtraLongButtonPress
                0x00000b04       0x38 depend_Release_CSR101x_A05\hr_sensor.o
                0x00000b04                HandleExtraLongButtonPress
 .text.GetSupported16BitUUIDServiceList
                0x00000b3c        0xa depend_Release_CSR101x_A05\hr_sensor_gatt.o
                0x00000b3c                GetSupported16BitUUIDServiceList
 .text.GattIsAddressResolvableRandom
                0x00000b46       0x11 depend_Release_CSR101x_A05\hr_sensor_gatt.o
                0x00000b46                GattIsAddressResolvableRandom
 .text.GattStopAdverts
                0x00000b57        0x3 depend_Release_CSR101x_A05\hr_sensor_gatt.o
                0x00000b57                GattStopAdverts
 .text.gattAdvertTimerHandler
                0x00000b5a       0x27 depend_Release_CSR101x_A05\hr_sensor_gatt.o
 .text.gattSetAdvertParams
                0x00000b81       0xcf depend_Release_CSR101x_A05\hr_sensor_gatt.o
 .text.GattStartAdverts
                0x00000c50       0x30 depend_Release_CSR101x_A05\hr_sensor_gatt.o
                0x00000c50                GattStartAdverts
 .text.GattTriggerFastAdverts
                0x00000c80       0x1f depend_Release_CSR101x_A05\hr_sensor_gatt.o
                0x00000c80                GattTriggerFastAdverts
 .text.HandleAccessWrite
                0x00000c9f       0x2d depend_Release_CSR101x_A05\hr_sensor_gatt.o
                0x00000c9f                HandleAccessWrite
 .text.HandleAccessRead
                0x00000ccc       0x2d depend_Release_CSR101x_A05\hr_sensor_gatt.o
                0x00000ccc                HandleAccessRead
 .text.HandleSwitchPIOChangedEvent
                0x00000cf9        0x5 depend_Release_CSR101x_A05\hr_sensor_hw.o
                0x00000cf9                HandleSwitchPIOChangedEvent
 .text.HrInitSwitchHardware
                0x00000cfe       0x24 depend_Release_CSR101x_A05\hr_sensor_hw.o
                0x00000cfe                HrInitSwitchHardware
 .text.HrHwDataInit
                0x00000d22        0xc depend_Release_CSR101x_A05\hr_sensor_hw.o
                0x00000d22                HrHwDataInit
 .text.HandlePIOChangedEvent
                0x00000d2e       0x36 depend_Release_CSR101x_A05\hr_sensor_hw.o
                0x00000d2e                HandlePIOChangedEvent
 .text.SoundBuzzer
                0x00000d64       0x47 depend_Release_CSR101x_A05\hr_sensor_hw.o
                0x00000d64                SoundBuzzer
 .text.appBuzzerTimerHandler
                0x00000dab       0x5e depend_Release_CSR101x_A05\hr_sensor_hw.o
 .text.HrInitHardware
                0x00000e09       0x4a depend_Release_CSR101x_A05\hr_sensor_hw.o
                0x00000e09                HrInitHardware
 .text.Nvm_Disable
                0x00000e53        0x9 depend_Release_CSR101x_A05\nvm_access.o
                0x00000e53                Nvm_Disable
 .text.Nvm_Write
                0x00000e5c        0xe depend_Release_CSR101x_A05\nvm_access.o
                0x00000e5c                Nvm_Write
 .text.Nvm_Read
                0x00000e6a        0xe depend_Release_CSR101x_A05\nvm_access.o
                0x00000e6a                Nvm_Read
 .text.SwitchInitChipReset
                0x00000e78        0x4 depend_Release_CSR101x_A05\switch_service.o
                0x00000e78                SwitchInitChipReset
 .text.SwitchDataInit
                0x00000e7c        0x8 depend_Release_CSR101x_A05\switch_service.o
                0x00000e7c                SwitchDataInit
 .text.___libgatt_lib_db_4554
                0x00000e84        0x7 C:\CSR_uEnergy_SDK-2.2.2.13\tools\lib\CSR101x_A05\libgatt_lib_ram.a(patch_ls_app_if.o)
                0x00000e84                ___libgatt_lib_db_4554
 .text.patch_process_hci_event
                0x00000e8b       0x29 C:\CSR_uEnergy_SDK-2.2.2.13\tools\lib\CSR101x_A05\libgatt_lib_ram.a(patch_ls_app_if.o)
 .text.LsRadioEventNotification
                0x00000eb4        0xa C:\CSR_uEnergy_SDK-2.2.2.13\tools\lib\CSR101x_A05\libgatt_lib_ram.a(patch_ls_app_if.o)
                0x00000eb4                LsRadioEventNotification
 .text.LsReadTransmitPowerLevel
                0x00000ebe        0x8 C:\CSR_uEnergy_SDK-2.2.2.13\tools\lib\CSR101x_A05\libgatt_lib_ram.a(ls_app_if_ram.o)
                0x00000ebe                LsReadTransmitPowerLevel
 .text.GattInit
                0x00000ec6       0x20 C:\CSR_uEnergy_SDK-2.2.2.13\tools\lib\CSR101x_A05\libgatt_lib_ram.a(gatt_ram.o)
                0x00000ec6                GattInit
 .text.___libgatt_lib_db_4584
                0x00000ee6        0x7 C:\CSR_uEnergy_SDK-2.2.2.13\tools\lib\CSR101x_A05\libgatt_lib_ram.a(patch_george.o)
                0x00000ee6                ___libgatt_lib_db_4584
 .text.___libgatt_lib_db_4544
                0x00000eed       0x18 C:\CSR_uEnergy_SDK-2.2.2.13\tools\lib\CSR101x_A05\libgatt_lib_ram.a(patch_george.o)
                0x00000eed                ___libgatt_lib_db_4544
 .text.ram_le_connection_timeout_A05
                0x00000f05       0x34 C:\CSR_uEnergy_SDK-2.2.2.13\tools\lib\CSR101x_A05\libgatt_lib_ram.a(patch_george.o)
 .text.___libgatt_lib_db_4581
                0x00000f39        0x8 C:\CSR_uEnergy_SDK-2.2.2.13\tools\lib\CSR101x_A05\libgatt_lib_ram.a(patch_george.o)
                0x00000f39                ___libgatt_lib_db_4581
 .text.rx_timing_report
                0x00000f41       0xba C:\CSR_uEnergy_SDK-2.2.2.13\tools\lib\CSR101x_A05\libgatt_lib_ram.a(patch_george.o)
 .text.ram_le_handle_event
                0x00000ffb       0xf7 C:\CSR_uEnergy_SDK-2.2.2.13\tools\lib\CSR101x_A05\libgatt_lib_ram.a(patch_george.o)
 .text.___libgatt_lib_db_4550
                0x000010f2       0x26 C:\CSR_uEnergy_SDK-2.2.2.13\tools\lib\CSR101x_A05\libgatt_lib_ram.a(patch_george.o)
                0x000010f2                ___libgatt_lib_db_4550
 .text.___libgatt_lib_db_4549
                0x00001118       0x2c C:\CSR_uEnergy_SDK-2.2.2.13\tools\lib\CSR101x_A05\libgatt_lib_ram.a(patch_george.o)
                0x00001118                ___libgatt_lib_db_4549
 .text.___libgatt_lib_db_4589
                0x00001144       0x11 C:\CSR_uEnergy_SDK-2.2.2.13\tools\lib\CSR101x_A05\libgatt_lib_ram.a(patch_george_ll.o)
                0x00001144                ___libgatt_lib_db_4589
 .text.___libgatt_lib_db_4590
                0x00001155      0x124 C:\CSR_uEnergy_SDK-2.2.2.13\tools\lib\CSR101x_A05\libgatt_lib_ram.a(patch_george_ll.o)
                0x00001155                ___libgatt_lib_db_4590
 .text.___libgatt_lib_db_4597
                0x00001279        0xc C:\CSR_uEnergy_SDK-2.2.2.13\tools\lib\CSR101x_A05\libgatt_lib_ram.a(hal_debugbus_state.o)
                0x00001279                ___libgatt_lib_db_4597
 .text.___libgatt_lib_db_4596
                0x00001285        0xc C:\CSR_uEnergy_SDK-2.2.2.13\tools\lib\CSR101x_A05\libgatt_lib_ram.a(hal_debugbus_state.o)
                0x00001285                ___libgatt_lib_db_4596
 .text.___libgatt_lib_db_4602
                0x00001291        0x5 C:\CSR_uEnergy_SDK-2.2.2.13\tools\lib\CSR101x_A05\libgatt_lib_ram.a(patch_halradiotrim.o)
                0x00001291                ___libgatt_lib_db_4602
 .text.RAM_set_tx_power_parameters
                0x00001296       0x57 C:\CSR_uEnergy_SDK-2.2.2.13\tools\lib\CSR101x_A05\libgatt_lib_ram.a(patch_halradiotrim.o)
 .text.___libgatt_lib_db_4603
                0x000012ed        0xb C:\CSR_uEnergy_SDK-2.2.2.13\tools\lib\CSR101x_A05\libgatt_lib_ram.a(patch_halradiotrim.o)
                0x000012ed                ___libgatt_lib_db_4603
 .text.___libgatt_lib_db_4601
                0x000012f8        0xa C:\CSR_uEnergy_SDK-2.2.2.13\tools\lib\CSR101x_A05\libgatt_lib_ram.a(patch_halradiotrim.o)
                0x000012f8                ___libgatt_lib_db_4601
 .text.SleepRequest
                0x00001302       0x95 C:\CSR_uEnergy_SDK-2.2.2.13\tools\lib\CSR101x_A05\libgatt_lib_ram.a(patch_sleeprequest.o)
                0x00001302                SleepRequest
 .text.ram_app_init
                0x00001397       0x32 C:\CSR_uEnergy_SDK-2.2.2.13\tools\lib\CSR101x_A05\libgatt_lib_ram.a(main_ram.o)
                0x00001397                ram_app_init
 .text.___libgatt_lib_db_4364
                0x000013c9        0x8 C:\CSR_uEnergy_SDK-2.2.2.13\tools\lib\CSR101x_A05\libgatt_lib_ram.a(hw_patch_install.o)
                0x000013c9                ___libgatt_lib_db_4364
 .text.NvmConfigureI2cEeprom
                0x000013d1        0xd C:\CSR_uEnergy_SDK-2.2.2.13\tools\lib\CSR101x_A05\libgatt_lib_ram.a(patch_i2c_app_mem_mgr.o)
                0x000013d1                NvmConfigureI2cEeprom
 .text.new_disable_i2c
                0x000013de        0xb C:\CSR_uEnergy_SDK-2.2.2.13\tools\lib\CSR101x_A05\libgatt_lib_ram.a(patch_i2c_app_mem_mgr.o)
 .text.___libgatt_lib_db_4559
                0x000013e9        0xe C:\CSR_uEnergy_SDK-2.2.2.13\tools\lib\CSR101x_A05\libgatt_lib_ram.a(patch_att_install.o)
                0x000013e9                ___libgatt_lib_db_4559
 .text.patch_att_handle_execute_write_req
                0x000013f7       0xfe C:\CSR_uEnergy_SDK-2.2.2.13\tools\lib\CSR101x_A05\libgatt_lib_ram.a(patch_att_install.o)
 .text.patch_att_handle_read_multi_req
                0x000014f5       0xbb C:\CSR_uEnergy_SDK-2.2.2.13\tools\lib\CSR101x_A05\libgatt_lib_ram.a(patch_att_install.o)
 .text.___libgatt_lib_db_4594
                0x000015b0       0x1b C:\CSR_uEnergy_SDK-2.2.2.13\tools\lib\CSR101x_A05\libgatt_lib_ram.a(patch_george_adv.o)
                0x000015b0                ___libgatt_lib_db_4594
 .text.___libgatt_lib_db_4609
                0x000015cb       0x4b C:\CSR_uEnergy_SDK-2.2.2.13\tools\lib\CSR101x_A05\libgatt_lib_ram.a(patch_halradio.o)
                0x000015cb                ___libgatt_lib_db_4609
 .text.___libgatt_lib_db_4207
                0x00001616        0xd C:\CSR_uEnergy_SDK-2.2.2.13\tools\lib\CSR101x_A05\libgatt_lib_ram.a(patch_reset.o)
                0x00001616                ___libgatt_lib_db_4207
 .text.___libgatt_lib_db_4611
                0x00001623        0x5 C:\CSR_uEnergy_SDK-2.2.2.13\tools\lib\CSR101x_A05\libgatt_lib_ram.a(patch_pools.o)
                0x00001623                ___libgatt_lib_db_4611
 .text.___libgatt_lib_db_4614
                0x00001628        0xf C:\CSR_uEnergy_SDK-2.2.2.13\tools\lib\CSR101x_A05\libgatt_lib_ram.a(patch_background_loop.o)
                0x00001628                ___libgatt_lib_db_4614
 .text.___libgatt_lib_db_4616
                0x00001637       0x15 C:\CSR_uEnergy_SDK-2.2.2.13\tools\lib\CSR101x_A05\libgatt_lib_ram.a(patch_fault.o)
                0x00001637                ___libgatt_lib_db_4616
 .text.___libgatt_lib_db_4624
                0x0000164c       0x2e C:\CSR_uEnergy_SDK-2.2.2.13\tools\lib\CSR101x_A05\libgatt_lib_ram.a(patch_pmu.o)
                0x0000164c                ___libgatt_lib_db_4624
 .text.___libgatt_lib_db_4214
                0x0000167a       0x74 C:\CSR_uEnergy_SDK-2.2.2.13\tools\lib\CSR101x_A05\libgatt_lib_ram.a(patch_thermometer.o)
                0x0000167a                ___libgatt_lib_db_4214
 *(.apptext)
 *(.apptext.*)
 *xap2crte.o(.text)
 *xap2crte.o(.text.*)
                0x000016ee                PROG_APPCODE_END = .
                0x000036ee                DATA_CONST_START = (DATA_RAM_START + .)
                0x000036ee                . = DATA_CONST_START

.const
 *(CONST)
 *(CONST.*)
                0x000036ee                DATA_CONST_END = .
                0x000036ee                DATA_RODATA_START = .
                0x000036ef                . = (. + 0x1)

.rodata         0x000036ef       0x56
 *(.rodata)
 .rodata        0x000036ef        0x2 depend_Release_CSR101x_A05\hr_sensor_gatt.o
 *(.rodata.*)
 .rodata.AppSetState
                0x000036f1        0x5 depend_Release_CSR101x_A05\hr_sensor.o
 .rodata.C.7..2840.
                0x000036f6        0x4 depend_Release_CSR101x_A05\hr_sensor.o
 .rodata.C.2..2364.
                0x000036fa        0x3 depend_Release_CSR101x_A05\hr_sensor_gatt.o
 .rodata.tx_power_table
                0x000036fd       0x28 C:\CSR_uEnergy_SDK-2.2.2.13\tools\lib\CSR101x_A05\libgatt_lib_ram.a(patch_halradiotrim.o)
                0x000036fd                ___libgatt_lib_db_4608
 .rodata.ram_build_identifier_integer
                0x00003725        0x1 C:\CSR_uEnergy_SDK-2.2.2.13\tools\lib\CSR101x_A05\libgatt_lib_ram.a(id_ram.o)
                0x00003725                ___libgatt_lib_db_4496
 .rodata.ram_build_identifier_string
                0x00003726       0x16 C:\CSR_uEnergy_SDK-2.2.2.13\tools\lib\CSR101x_A05\libgatt_lib_ram.a(id_ram.o)
                0x00003726                ram_build_identifier_string
 .rodata.slut_extended
                0x0000373c        0x9 C:\CSR_uEnergy_SDK-2.2.2.13\tools\lib\CSR101x_A05\libgatt_lib_ram.a(slut.o)
                0x0000373c                ___libgatt_lib_db_4631
                0x00003745                DATA_RODATA_END = .

.bss            0x00003745       0x85
                0x00003745                DATA_BSS_APP_START = .
 *(.bss)
 .bss           0x00003745        0x2 C:\CSR_uEnergy_SDK-2.2.2.13\tools\lib\CSR101x_A05\libgatt_lib_ram.a(patch_sm.o)
 *(.bss.*)
 .bss.g_batt_data
                0x00003747        0x3 depend_Release_CSR101x_A05\battery_service.o
 .bss.g_gap_data
                0x0000374a        0x3 depend_Release_CSR101x_A05\gap_service.o
 .bss.g_hr_serv_data
                0x0000374d        0x3 depend_Release_CSR101x_A05\heart_rate_service.o
 .bss.switch_intensity
                0x00003750        0x1 depend_Release_CSR101x_A05\hr_sensor.o
                0x00003750                switch_intensity
 .bss.hr_meas_count.2797.
                0x00003751        0x1 depend_Release_CSR101x_A05\hr_sensor.o
 .bss.app_timers
                0x00003752       0x24 depend_Release_CSR101x_A05\hr_sensor.o
 .bss.g_switch_data
                0x00003776        0x3 depend_Release_CSR101x_A05\switch_service.o
 .bss.patch_pending
                0x00003779        0x1 C:\CSR_uEnergy_SDK-2.2.2.13\tools\lib\CSR101x_A05\libgatt_lib_ram.a(patch_george.o)
                0x00003779                patch_pending
 .bss.patch_rx_timing_report
                0x0000377a        0x1 C:\CSR_uEnergy_SDK-2.2.2.13\tools\lib\CSR101x_A05\libgatt_lib_ram.a(patch_george.o)
                0x0000377a                patch_rx_timing_report
 .bss.patch_pending_mode
                0x0000377b        0x1 C:\CSR_uEnergy_SDK-2.2.2.13\tools\lib\CSR101x_A05\libgatt_lib_ram.a(patch_george.o)
                0x0000377b                patch_pending_mode
 .bss.patch_conn_chm_update
                0x0000377c        0x1 C:\CSR_uEnergy_SDK-2.2.2.13\tools\lib\CSR101x_A05\libgatt_lib_ram.a(patch_george.o)
                0x0000377c                patch_conn_chm_update
 .bss.__PATCH__ZERO_
                0x0000377d        0x1 C:\CSR_uEnergy_SDK-2.2.2.13\tools\lib\CSR101x_A05\libgatt_lib_ram.a(patch_george.o)
 .bss.tx_power_table_entry
                0x0000377e        0x1 C:\CSR_uEnergy_SDK-2.2.2.13\tools\lib\CSR101x_A05\libgatt_lib_ram.a(patch_halradiotrim.o)
 .bss.__PATCH__ZERO_
                0x0000377f        0x1 C:\CSR_uEnergy_SDK-2.2.2.13\tools\lib\CSR101x_A05\libgatt_lib_ram.a(patch_thermometer.o)
 COMMON         0x00003780       0x40 depend_Release_CSR101x_A05\hr_sensor.o
                0x00003780                g_hr_data
 COMMON         0x000037c0        0x5 depend_Release_CSR101x_A05\hr_sensor_hw.o
                0x000037c0                g_dimmer_data
                0x000037c1                g_app_hw_data
 COMMON         0x000037c5        0x2 C:\CSR_uEnergy_SDK-2.2.2.13\tools\lib\CSR101x_A05\libgatt_lib_ram.a(patch_sm.o)
                0x000037c5                sm_long_term_key_ind
                0x000037c6                sm_pairing_auth_ind
 COMMON         0x000037c7        0x3 C:\CSR_uEnergy_SDK-2.2.2.13\tools\lib\CSR101x_A05\libgatt_lib_ram.a(patch_george_ll.o)
                0x000037c7                george_earliest_transmit_offset
                0x000037ca                DATA_BSS_APP_END = .
                0x00000085                BSS_APP_SIZE = (DATA_BSS_APP_END - DATA_BSS_APP_START)

.data           0x000037ca       0xc7
                0x000037ca                DATA_DATA_START = .
 *(.data)
 *(.data.*)
 .data.gattDatabase
                0x000037ca       0x8e depend_Release_CSR101x_A05\app_gatt_db.o
                0x000037ca                gattDatabase
 .data.g_device_name
                0x00003858       0x16 depend_Release_CSR101x_A05\gap_service.o
                0x00003858                g_device_name
 .data.pending_pdu_acks
                0x0000386e        0x1 C:\CSR_uEnergy_SDK-2.2.2.13\tools\lib\CSR101x_A05\libgatt_lib_ram.a(patch_george_ll.o)
                0x0000386e                ___libgatt_lib_db_4591
 .data.patch_table_data
                0x0000386f       0x22 C:\CSR_uEnergy_SDK-2.2.2.13\tools\lib\CSR101x_A05\libgatt_lib_ram.a(sw_patch_ram.o)
                0x0000386f                ___libgatt_lib_db_4542
                0x00003891                DATA_DATA_END = .
                0x0000ef80                . = DATA_PERSIST_START

PERSIST_MEM
 *(PERSIST_MEM)
 *(PERSIST_MEM.*)
                0x0000ef80                DATA_PERSIST_MEM_END = .
                0x00009f84                . = DATA_CSTORE_START

CONFIG_STORE    0x00009f84       0x40
 *(CONFIG_STORE)
 CONFIG_STORE   0x00009f84       0x40 C:\CSR_uEnergy_SDK-2.2.2.13\tools\lib\CSR101x_A05\libgatt_lib_ram.a(CONFIG_STORE.o)
                0x00009f84                ___libgatt_lib_db_4269
 *(CONFIG_STORE.*)
                0x00009fc4                DATA_CSTORE_END = .
                0x00000040                CS_SIZE = (DATA_CSTORE_END - DATA_CSTORE_START)
                0x00009fdc                . = ((DATA_RAM_END - PRESERVE_SIZE) - SLT_SIZE)

SLT             0x00009fdc        0x4
                0x00009fdc                SLT_START = .
 *(SLT)
 SLT            0x00009fdc        0x4 C:\CSR_uEnergy_SDK-2.2.2.13\tools\lib\CSR101x_A05\libgatt_lib_ram.a(slut.o)
                0x00009fdc                slut
 *(SLT.*)

.preserved      0x00009fe0        0x0
                0x00009fe0                PRESERVED_START = .
 *(PRES_DATA)
 *(PRES_DATA.*)
                0x00009f84                STACK_END = DATA_CSTORE_START
                0x00009c84                . = ((STACK_END - ISTACK_SIZE) - USTACK_SIZE)

.stack          0x00009c84      0x300
                0x00009c84                STACK_START = .
                0x00009c84                USTACK_START = .
                0x00009e84                USTACK_END = (USTACK_START + USTACK_SIZE)
 *(USTACK)
 *(USTACK.*)
                0x00009e84                . = USTACK_END
 *fill*         0x00009c84      0x400 00
                0x00009e84                ISTACK_START = .
                0x00009f84                ISTACK_END = (ISTACK_START + ISTACK_SIZE)
 *(ISTACK)
 *(ISTACK.*)
                0x00009f84                . = ISTACK_END
 *fill*         0x00009e84      0x200 00
                0x00009c84                ALIGNED_DATA_END = STACK_START
                0x00009950                . = (((ALIGNED_DATA_END - RADIODATA_SIZE) - WHITELIST_SIZE) - RADIOBUFS_SIZE)

.aligned_data   0x00009950      0x334
                0x00009950                ALIGNED_DATA_START = .
                0x00009950                DATA_RADIOBUFS_START = .
 *(RADINITTBL)
                0x00009b00                . = (ALIGNED_DATA_START + RADIOBUFS_SIZE)
 *fill*         0x00009950      0x360 00
                0x00009b00                DATA_WHITELIST_START = .
                0x00009b20                . = (DATA_WHITELIST_START + WHITELIST_SIZE)
 *fill*         0x00009b00       0x40 00
 *(.romradiodata)
 .romradiodata  0x00009b20      0x164 C:\CSR_uEnergy_SDK-2.2.2.13\tools\lib\CSR101x_A05\libgatt_lib_ram.a(.romradiodata.o)
                0x00009b20                DATA_TIMERSTRUCT_START
                0x00009b80                ___libgatt_lib_db_4171
                0x00009b20                ___libgatt_lib_db_4173
                0x00009b80                DATA_RCLUTS_START
                0x00009c84                ALIGN_END_ACTUAL = .
                0x00000001                ASSERT ((DATA_APPDATA_END > DATA_DATA_END), RAM DATA exceeds limit.)
LOAD c:/csr_uenergy_sdk-2.2.2.13/tools/bin/../lib/gcc/xap-local-xap/4.3.4\libgcc.a
OUTPUT(depend_Release_CSR101x_A05\hr_sensor.elf elf32-xap2)

.debug_abbrev   0x00000000      0x70c
 .debug_abbrev  0x00000000       0x46 depend_Release_CSR101x_A05\app_gatt_db.o
 .debug_abbrev  0x0000008b       0xf6 depend_Release_CSR101x_A05\battery_service.o
 .debug_abbrev  0x00000276       0xff depend_Release_CSR101x_A05\gap_service.o
 .debug_abbrev  0x00000474       0xee depend_Release_CSR101x_A05\heart_rate_service.o
 .debug_abbrev  0x00000650      0x17f depend_Release_CSR101x_A05\hr_sensor.o
 .debug_abbrev  0x0000094e      0x109 depend_Release_CSR101x_A05\hr_sensor_gatt.o
 .debug_abbrev  0x00000b60       0xb5 depend_Release_CSR101x_A05\hr_sensor_hw.o
 .debug_abbrev  0x00000cc9       0x5b depend_Release_CSR101x_A05\nvm_access.o
 .debug_abbrev  0x00000d7e       0x4d depend_Release_CSR101x_A05\switch_service.o

.debug_info     0x00000000     0x3c38
 .debug_info    0x00000000       0x5f depend_Release_CSR101x_A05\app_gatt_db.o
 .debug_info    0x000000be      0x6a1 depend_Release_CSR101x_A05\battery_service.o
 .debug_info    0x00000dff      0x68d depend_Release_CSR101x_A05\gap_service.o
 .debug_info    0x00001b18      0x6d6 depend_Release_CSR101x_A05\heart_rate_service.o
 .debug_info    0x000028c4     0x1989 depend_Release_CSR101x_A05\hr_sensor.o
 .debug_info    0x00005bd6      0x9af depend_Release_CSR101x_A05\hr_sensor_gatt.o
 .debug_info    0x00006f33      0x210 depend_Release_CSR101x_A05\hr_sensor_hw.o
 .debug_info    0x00007353      0x204 depend_Release_CSR101x_A05\nvm_access.o
 .debug_info    0x0000775a       0x8b depend_Release_CSR101x_A05\switch_service.o

.debug_line     0x00000000     0x1060
 .debug_line    0x00000000       0x59 depend_Release_CSR101x_A05\app_gatt_db.o
 .debug_line    0x000000b1      0x171 depend_Release_CSR101x_A05\battery_service.o
 .debug_line    0x00000393      0x13f depend_Release_CSR101x_A05\gap_service.o
 .debug_line    0x00000610      0x1a8 depend_Release_CSR101x_A05\heart_rate_service.o
 .debug_line    0x00000960      0x695 depend_Release_CSR101x_A05\hr_sensor.o
 .debug_line    0x0000168a      0x24b depend_Release_CSR101x_A05\hr_sensor_gatt.o
 .debug_line    0x00001b1f      0x1cb depend_Release_CSR101x_A05\hr_sensor_hw.o
 .debug_line    0x00001eb4       0x9f depend_Release_CSR101x_A05\nvm_access.o
 .debug_line    0x00001ff1       0x67 depend_Release_CSR101x_A05\switch_service.o

.debug_frame    0x00000000      0x35c
 .debug_frame   0x00000000       0x14 depend_Release_CSR101x_A05\app_gatt_db.o
 .debug_frame   0x00000028       0x6c depend_Release_CSR101x_A05\battery_service.o
 .debug_frame   0x00000100       0x64 depend_Release_CSR101x_A05\gap_service.o
 .debug_frame   0x000001c8       0x7c depend_Release_CSR101x_A05\heart_rate_service.o
 .debug_frame   0x000002c0       0xdc depend_Release_CSR101x_A05\hr_sensor.o
 .debug_frame   0x00000478       0x70 depend_Release_CSR101x_A05\hr_sensor_gatt.o
 .debug_frame   0x00000558       0x68 depend_Release_CSR101x_A05\hr_sensor_hw.o
 .debug_frame   0x00000628       0x2c depend_Release_CSR101x_A05\nvm_access.o
 .debug_frame   0x00000680       0x1c depend_Release_CSR101x_A05\switch_service.o

.debug_loc      0x00000000      0x880
 .debug_loc     0x00000000       0x1f depend_Release_CSR101x_A05\app_gatt_db.o
 .debug_loc     0x0000003d      0x10b depend_Release_CSR101x_A05\battery_service.o
 .debug_loc     0x00000253      0x11f depend_Release_CSR101x_A05\gap_service.o
 .debug_loc     0x00000490      0x133 depend_Release_CSR101x_A05\heart_rate_service.o
 .debug_loc     0x000006f5      0x2d9 depend_Release_CSR101x_A05\hr_sensor.o
 .debug_loc     0x00000ca6       0xff depend_Release_CSR101x_A05\hr_sensor_gatt.o
 .debug_loc     0x00000ea3       0xaa depend_Release_CSR101x_A05\hr_sensor_hw.o
 .debug_loc     0x00000ff7       0x75 depend_Release_CSR101x_A05\nvm_access.o
 .debug_loc     0x000010e0       0x10 depend_Release_CSR101x_A05\switch_service.o

.debug_pubnames
                0x00000000      0x345
 .debug_pubnames
                0x00000000       0x1c depend_Release_CSR101x_A05\app_gatt_db.o
 .debug_pubnames
                0x00000037       0x70 depend_Release_CSR101x_A05\battery_service.o
 .debug_pubnames
                0x00000116       0x63 depend_Release_CSR101x_A05\gap_service.o
 .debug_pubnames
                0x000001dc       0x9f depend_Release_CSR101x_A05\heart_rate_service.o
 .debug_pubnames
                0x0000031a       0xa7 depend_Release_CSR101x_A05\hr_sensor.o
 .debug_pubnames
                0x00000467       0x64 depend_Release_CSR101x_A05\hr_sensor_gatt.o
 .debug_pubnames
                0x0000052f       0x71 depend_Release_CSR101x_A05\hr_sensor_hw.o
 .debug_pubnames
                0x00000610       0x1f depend_Release_CSR101x_A05\nvm_access.o
 .debug_pubnames
                0x0000064d       0x1f depend_Release_CSR101x_A05\switch_service.o

.debug_aranges  0x00000000      0x188
 .debug_aranges
                0x00000000       0x10 depend_Release_CSR101x_A05\app_gatt_db.o
 .debug_aranges
                0x00000020       0x30 depend_Release_CSR101x_A05\battery_service.o
 .debug_aranges
                0x00000080       0x2c depend_Release_CSR101x_A05\gap_service.o
 .debug_aranges
                0x000000d8       0x38 depend_Release_CSR101x_A05\heart_rate_service.o
 .debug_aranges
                0x00000148       0x58 depend_Release_CSR101x_A05\hr_sensor.o
 .debug_aranges
                0x000001f8       0x30 depend_Release_CSR101x_A05\hr_sensor_gatt.o
 .debug_aranges
                0x00000258       0x30 depend_Release_CSR101x_A05\hr_sensor_hw.o
 .debug_aranges
                0x000002b8       0x18 depend_Release_CSR101x_A05\nvm_access.o
 .debug_aranges
                0x000002e8       0x14 depend_Release_CSR101x_A05\switch_service.o

.debug_ranges   0x00000000      0x1a0
 .debug_ranges  0x00000000        0xc depend_Release_CSR101x_A05\app_gatt_db.o
 .debug_ranges  0x00000018       0x2c depend_Release_CSR101x_A05\battery_service.o
 .debug_ranges  0x00000070       0x28 depend_Release_CSR101x_A05\gap_service.o
 .debug_ranges  0x000000c0       0x34 depend_Release_CSR101x_A05\heart_rate_service.o
 .debug_ranges  0x00000128       0x78 depend_Release_CSR101x_A05\hr_sensor.o
 .debug_ranges  0x00000218       0x44 depend_Release_CSR101x_A05\hr_sensor_gatt.o
 .debug_ranges  0x000002a0       0x2c depend_Release_CSR101x_A05\hr_sensor_hw.o
 .debug_ranges  0x000002f8       0x14 depend_Release_CSR101x_A05\nvm_access.o
 .debug_ranges  0x00000320       0x10 depend_Release_CSR101x_A05\switch_service.o

.debug_str      0x00000000     0x2a52
 .debug_str     0x00000000       0x75 depend_Release_CSR101x_A05\app_gatt_db.o
                                 0x82 (size before relaxing)
 .debug_str     0x000000ea     0x1260 depend_Release_CSR101x_A05\battery_service.o
                               0x12e9 (size before relaxing)
 .debug_str     0x000025a9       0x81 depend_Release_CSR101x_A05\gap_service.o
                               0x1282 (size before relaxing)
 .debug_str     0x000026aa      0x10c depend_Release_CSR101x_A05\heart_rate_service.o
                               0x1345 (size before relaxing)
 .debug_str     0x000028c2     0x1164 depend_Release_CSR101x_A05\hr_sensor.o
                               0x23f8 (size before relaxing)
 .debug_str     0x00004b89      0x2fd depend_Release_CSR101x_A05\hr_sensor_gatt.o
                               0x199b (size before relaxing)
 .debug_str     0x00005183      0x148 depend_Release_CSR101x_A05\hr_sensor_hw.o
                                0x3fc (size before relaxing)
 .debug_str     0x00005413       0x16 depend_Release_CSR101x_A05\nvm_access.o
                                0x5ef (size before relaxing)
 .debug_str     0x0000543f       0x33 depend_Release_CSR101x_A05\switch_service.o
                                 0xe1 (size before relaxing)

.comment        0x00000000      0x38e
 .comment       0x00000000       0x1a depend_Release_CSR101x_A05\app_gatt_db.o
 .comment       0x0000001a       0x1a depend_Release_CSR101x_A05\battery_service.o
 .comment       0x00000034       0x1a depend_Release_CSR101x_A05\gap_service.o
 .comment       0x0000004e       0x1a depend_Release_CSR101x_A05\heart_rate_service.o
 .comment       0x00000068       0x1a depend_Release_CSR101x_A05\hr_sensor.o
 .comment       0x00000082       0x1a depend_Release_CSR101x_A05\hr_sensor_gatt.o
 .comment       0x0000009c       0x1a depend_Release_CSR101x_A05\hr_sensor_hw.o
 .comment       0x000000b6       0x1a depend_Release_CSR101x_A05\nvm_access.o
 .comment       0x000000d0       0x1a depend_Release_CSR101x_A05\switch_service.o
 .comment       0x000000ea       0x1a C:\CSR_uEnergy_SDK-2.2.2.13\tools\lib\CSR101x_A05\libgatt_lib_ram.a(patch_ls_app_if.o)
 .comment       0x00000104       0x1a C:\CSR_uEnergy_SDK-2.2.2.13\tools\lib\CSR101x_A05\libgatt_lib_ram.a(ls_app_if_ram.o)
 .comment       0x0000011e       0x1a C:\CSR_uEnergy_SDK-2.2.2.13\tools\lib\CSR101x_A05\libgatt_lib_ram.a(gatt_ram.o)
 .comment       0x00000138       0x1a C:\CSR_uEnergy_SDK-2.2.2.13\tools\lib\CSR101x_A05\libgatt_lib_ram.a(sm_ram.o)
 .comment       0x00000152       0x1a C:\CSR_uEnergy_SDK-2.2.2.13\tools\lib\CSR101x_A05\libgatt_lib_ram.a(sm_div.o)
 .comment       0x0000016c       0x1a C:\CSR_uEnergy_SDK-2.2.2.13\tools\lib\CSR101x_A05\libgatt_lib_ram.a(patch_sm.o)
 .comment       0x00000186       0x1a C:\CSR_uEnergy_SDK-2.2.2.13\tools\lib\CSR101x_A05\libgatt_lib_ram.a(patch_george.o)
 .comment       0x000001a0       0x1a C:\CSR_uEnergy_SDK-2.2.2.13\tools\lib\CSR101x_A05\libgatt_lib_ram.a(patch_george_ll.o)
 .comment       0x000001ba       0x1a C:\CSR_uEnergy_SDK-2.2.2.13\tools\lib\CSR101x_A05\libgatt_lib_ram.a(hal_debugbus_state.o)
 .comment       0x000001d4       0x1a C:\CSR_uEnergy_SDK-2.2.2.13\tools\lib\CSR101x_A05\libgatt_lib_ram.a(patch_halradiotrim.o)
 .comment       0x000001ee       0x1a C:\CSR_uEnergy_SDK-2.2.2.13\tools\lib\CSR101x_A05\libgatt_lib_ram.a(patch_sleeprequest.o)
 .comment       0x00000208       0x1a C:\CSR_uEnergy_SDK-2.2.2.13\tools\lib\CSR101x_A05\libgatt_lib_ram.a(main_ram.o)
 .comment       0x00000222       0x1a C:\CSR_uEnergy_SDK-2.2.2.13\tools\lib\CSR101x_A05\libgatt_lib_ram.a(hw_patch_install.o)
 .comment       0x0000023c       0x1a C:\CSR_uEnergy_SDK-2.2.2.13\tools\lib\CSR101x_A05\libgatt_lib_ram.a(patch_i2c_app_mem_mgr.o)
 .comment       0x00000256       0x1a C:\CSR_uEnergy_SDK-2.2.2.13\tools\lib\CSR101x_A05\libgatt_lib_ram.a(id_ram.o)
 .comment       0x00000270       0x1a C:\CSR_uEnergy_SDK-2.2.2.13\tools\lib\CSR101x_A05\libgatt_lib_ram.a(slut.o)
 .comment       0x0000028a       0x1a C:\CSR_uEnergy_SDK-2.2.2.13\tools\lib\CSR101x_A05\libgatt_lib_ram.a(sw_patch_ram.o)
 .comment       0x000002a4       0x1a C:\CSR_uEnergy_SDK-2.2.2.13\tools\lib\CSR101x_A05\libgatt_lib_ram.a(patch_att_install.o)
 .comment       0x000002be       0x1a C:\CSR_uEnergy_SDK-2.2.2.13\tools\lib\CSR101x_A05\libgatt_lib_ram.a(patch_george_adv.o)
 .comment       0x000002d8       0x1a C:\CSR_uEnergy_SDK-2.2.2.13\tools\lib\CSR101x_A05\libgatt_lib_ram.a(patch_halradio.o)
 .comment       0x000002f2       0x1a C:\CSR_uEnergy_SDK-2.2.2.13\tools\lib\CSR101x_A05\libgatt_lib_ram.a(patch_reset.o)
 .comment       0x0000030c       0x1a C:\CSR_uEnergy_SDK-2.2.2.13\tools\lib\CSR101x_A05\libgatt_lib_ram.a(patch_pools.o)
 .comment       0x00000326       0x1a C:\CSR_uEnergy_SDK-2.2.2.13\tools\lib\CSR101x_A05\libgatt_lib_ram.a(patch_background_loop.o)
 .comment       0x00000340       0x1a C:\CSR_uEnergy_SDK-2.2.2.13\tools\lib\CSR101x_A05\libgatt_lib_ram.a(patch_fault.o)
 .comment       0x0000035a       0x1a C:\CSR_uEnergy_SDK-2.2.2.13\tools\lib\CSR101x_A05\libgatt_lib_ram.a(patch_pmu.o)
 .comment       0x00000374       0x1a C:\CSR_uEnergy_SDK-2.2.2.13\tools\lib\CSR101x_A05\libgatt_lib_ram.a(patch_thermometer.o)
