Archive member included because of file (symbol)

C:\CSR_uEnergy_SDK-2.2.2.13\tools\lib\CSR101x_A05\libgatt_lib_ram.a(patch_ls_app_if.o)
                              depend_Release_CSR101x_A05\hr_sensor.o (LsRadioEventNotification)
C:\CSR_uEnergy_SDK-2.2.2.13\tools\lib\CSR101x_A05\libgatt_lib_ram.a(ls_app_if_ram.o)
                              depend_Release_CSR101x_A05\hr_sensor_gatt.o (LsReadTransmitPowerLevel)
C:\CSR_uEnergy_SDK-2.2.2.13\tools\lib\CSR101x_A05\libgatt_lib_ram.a(gatt_ram.o)
                              depend_Release_CSR101x_A05\hr_sensor.o (GattInit)
C:\CSR_uEnergy_SDK-2.2.2.13\tools\lib\CSR101x_A05\libgatt_lib_ram.a(sm_ram.o)
                              C:\CSR_uEnergy_SDK-2.2.2.13\tools\lib\CSR101x_A05\libgatt_lib_ram.a(gatt_ram.o) (___libgatt_lib_db_476)
C:\CSR_uEnergy_SDK-2.2.2.13\tools\lib\CSR101x_A05\libgatt_lib_ram.a(sm_div.o)
                              depend_Release_CSR101x_A05\hr_sensor.o (SMDivApproval)
C:\CSR_uEnergy_SDK-2.2.2.13\tools\lib\CSR101x_A05\libgatt_lib_ram.a(patch_sm.o)
                              C:\CSR_uEnergy_SDK-2.2.2.13\tools\lib\CSR101x_A05\libgatt_lib_ram.a(sm_ram.o) (sm_pairing_auth_ind)
C:\CSR_uEnergy_SDK-2.2.2.13\tools\lib\CSR101x_A05\libgatt_lib_ram.a(patch_george.o)
                              C:\CSR_uEnergy_SDK-2.2.2.13\tools\lib\CSR101x_A05\libgatt_lib_ram.a(patch_ls_app_if.o) (___libgatt_lib_db_4582)
C:\CSR_uEnergy_SDK-2.2.2.13\tools\lib\CSR101x_A05\libgatt_lib_ram.a(patch_george_ll.o)
                              C:\CSR_uEnergy_SDK-2.2.2.13\tools\lib\CSR101x_A05\libgatt_lib_ram.a(patch_george.o) (___libgatt_lib_db_4589)
C:\CSR_uEnergy_SDK-2.2.2.13\tools\lib\CSR101x_A05\libgatt_lib_ram.a(hal_debugbus_state.o)
                              C:\CSR_uEnergy_SDK-2.2.2.13\tools\lib\CSR101x_A05\libgatt_lib_ram.a(patch_george.o) (___libgatt_lib_db_4597)
C:\CSR_uEnergy_SDK-2.2.2.13\tools\lib\CSR101x_A05\libgatt_lib_ram.a(patch_halradiotrim.o)
                              C:\CSR_uEnergy_SDK-2.2.2.13\tools\lib\CSR101x_A05\libgatt_lib_ram.a(ls_app_if_ram.o) (___libgatt_lib_db_4602)
C:\CSR_uEnergy_SDK-2.2.2.13\tools\lib\CSR101x_A05\libgatt_lib_ram.a(patch_sleeprequest.o)
                              depend_Release_CSR101x_A05\hr_sensor.o (SleepRequest)
C:\CSR_uEnergy_SDK-2.2.2.13\tools\lib\CSR101x_A05\libgatt_lib_ram.a(main_ram.o)
                              (main_ram_app_init)
C:\CSR_uEnergy_SDK-2.2.2.13\tools\lib\CSR101x_A05\libgatt_lib_ram.a(hw_patch_install.o)
                              C:\CSR_uEnergy_SDK-2.2.2.13\tools\lib\CSR101x_A05\libgatt_lib_ram.a(main_ram.o) (___libgatt_lib_db_4364)
C:\CSR_uEnergy_SDK-2.2.2.13\tools\lib\CSR101x_A05\libgatt_lib_ram.a(patch_baldrick.o)
                              (hw_patch)
C:\CSR_uEnergy_SDK-2.2.2.13\tools\lib\CSR101x_A05\libgatt_lib_ram.a(patch_i2c_app_mem_mgr.o)
                              depend_Release_CSR101x_A05\hr_sensor.o (NvmConfigureI2cEeprom)
C:\CSR_uEnergy_SDK-2.2.2.13\tools\lib\CSR101x_A05\libgatt_lib_ram.a(id_ram.o)
                              C:\CSR_uEnergy_SDK-2.2.2.13\tools\lib\CSR101x_A05\libgatt_lib_ram.a(main_ram.o) (___libgatt_lib_db_4496)
C:\CSR_uEnergy_SDK-2.2.2.13\tools\lib\CSR101x_A05\libgatt_lib_ram.a(slut.o)
                              (slut)
C:\CSR_uEnergy_SDK-2.2.2.13\tools\lib\CSR101x_A05\libgatt_lib_ram.a(sw_patch_ram.o)
                              (patch_bitmap)
C:\CSR_uEnergy_SDK-2.2.2.13\tools\lib\CSR101x_A05\libgatt_lib_ram.a(CONFIG_STORE.o)
                              (___libgatt_lib_db_4269)
C:\CSR_uEnergy_SDK-2.2.2.13\tools\lib\CSR101x_A05\libgatt_lib_ram.a(.romradiodata.o)
                              (DATA_TIMERSTRUCT_START)
C:\CSR_uEnergy_SDK-2.2.2.13\tools\lib\CSR101x_A05\libgatt_lib_ram.a(patch_att_install.o)
                              C:\CSR_uEnergy_SDK-2.2.2.13\tools\lib\CSR101x_A05\libgatt_lib_ram.a(sw_patch_ram.o) (___libgatt_lib_db_4559)
C:\CSR_uEnergy_SDK-2.2.2.13\tools\lib\CSR101x_A05\libgatt_lib_ram.a(patch_george_adv.o)
                              C:\CSR_uEnergy_SDK-2.2.2.13\tools\lib\CSR101x_A05\libgatt_lib_ram.a(sw_patch_ram.o) (___libgatt_lib_db_4594)
C:\CSR_uEnergy_SDK-2.2.2.13\tools\lib\CSR101x_A05\libgatt_lib_ram.a(patch_halradio.o)
                              C:\CSR_uEnergy_SDK-2.2.2.13\tools\lib\CSR101x_A05\libgatt_lib_ram.a(sw_patch_ram.o) (___libgatt_lib_db_4609)
C:\CSR_uEnergy_SDK-2.2.2.13\tools\lib\CSR101x_A05\libgatt_lib_ram.a(patch_reset.o)
                              C:\CSR_uEnergy_SDK-2.2.2.13\tools\lib\CSR101x_A05\libgatt_lib_ram.a(sw_patch_ram.o) (___libgatt_lib_db_4207)
C:\CSR_uEnergy_SDK-2.2.2.13\tools\lib\CSR101x_A05\libgatt_lib_ram.a(patch_pools.o)
                              C:\CSR_uEnergy_SDK-2.2.2.13\tools\lib\CSR101x_A05\libgatt_lib_ram.a(sw_patch_ram.o) (___libgatt_lib_db_4611)
C:\CSR_uEnergy_SDK-2.2.2.13\tools\lib\CSR101x_A05\libgatt_lib_ram.a(patch_background_loop.o)
                              C:\CSR_uEnergy_SDK-2.2.2.13\tools\lib\CSR101x_A05\libgatt_lib_ram.a(sw_patch_ram.o) (___libgatt_lib_db_4614)
C:\CSR_uEnergy_SDK-2.2.2.13\tools\lib\CSR101x_A05\libgatt_lib_ram.a(patch_fault.o)
                              C:\CSR_uEnergy_SDK-2.2.2.13\tools\lib\CSR101x_A05\libgatt_lib_ram.a(sw_patch_ram.o) (___libgatt_lib_db_4616)
C:\CSR_uEnergy_SDK-2.2.2.13\tools\lib\CSR101x_A05\libgatt_lib_ram.a(patch_pmu.o)
                              C:\CSR_uEnergy_SDK-2.2.2.13\tools\lib\CSR101x_A05\libgatt_lib_ram.a(sw_patch_ram.o) (___libgatt_lib_db_4624)
C:\CSR_uEnergy_SDK-2.2.2.13\tools\lib\CSR101x_A05\libgatt_lib_ram.a(patch_thermometer.o)
                              C:\CSR_uEnergy_SDK-2.2.2.13\tools\lib\CSR101x_A05\libgatt_lib_ram.a(sw_patch_ram.o) (___libgatt_lib_db_4214)

Allocating common symbols
Common symbol       size              file

sm_long_term_key_ind
                    0x1               C:\CSR_uEnergy_SDK-2.2.2.13\tools\lib\CSR101x_A05\libgatt_lib_ram.a(patch_sm.o)
g_dimmer_data       0x1               depend_Release_CSR101x_A05\hr_sensor_hw.o
sm_pairing_auth_ind
                    0x1               C:\CSR_uEnergy_SDK-2.2.2.13\tools\lib\CSR101x_A05\libgatt_lib_ram.a(patch_sm.o)
g_app_hw_data       0x4               depend_Release_CSR101x_A05\hr_sensor_hw.o
g_hr_data           0x40              depend_Release_CSR101x_A05\hr_sensor.o
george_earliest_transmit_offset
                    0x3               C:\CSR_uEnergy_SDK-2.2.2.13\tools\lib\CSR101x_A05\libgatt_lib_ram.a(patch_george_ll.o)

Discarded input sections

 .text          0x00000000        0x0 depend_Release_CSR101x_A05\app_gatt_db.o
 .data          0x00000000        0x0 depend_Release_CSR101x_A05\app_gatt_db.o
 .bss           0x00000000        0x0 depend_Release_CSR101x_A05\app_gatt_db.o
 .text          0x00000000        0x0 depend_Release_CSR101x_A05\battery_service.o
 .data          0x00000000        0x0 depend_Release_CSR101x_A05\battery_service.o
 .bss           0x00000000        0x0 depend_Release_CSR101x_A05\battery_service.o
 .text          0x00000000        0x0 depend_Release_CSR101x_A05\gap_service.o
 .data          0x00000000        0x0 depend_Release_CSR101x_A05\gap_service.o
 .bss           0x00000000        0x0 depend_Release_CSR101x_A05\gap_service.o
 .text          0x00000000        0x0 depend_Release_CSR101x_A05\heart_rate_service.o
 .data          0x00000000        0x0 depend_Release_CSR101x_A05\heart_rate_service.o
 .bss           0x00000000        0x0 depend_Release_CSR101x_A05\heart_rate_service.o
 .text          0x00000000        0x0 depend_Release_CSR101x_A05\hr_sensor.o
 .data          0x00000000        0x0 depend_Release_CSR101x_A05\hr_sensor.o
 .bss           0x00000000        0x0 depend_Release_CSR101x_A05\hr_sensor.o
 .text          0x00000000        0x0 depend_Release_CSR101x_A05\hr_sensor_gatt.o
 .data          0x00000000        0x0 depend_Release_CSR101x_A05\hr_sensor_gatt.o
 .bss           0x00000000        0x0 depend_Release_CSR101x_A05\hr_sensor_gatt.o
 .text          0x00000000        0x0 depend_Release_CSR101x_A05\hr_sensor_hw.o
 .data          0x00000000        0x0 depend_Release_CSR101x_A05\hr_sensor_hw.o
 .bss           0x00000000        0x0 depend_Release_CSR101x_A05\hr_sensor_hw.o
 .text.HrInitSwitchData
                0x00000000        0x0 depend_Release_CSR101x_A05\hr_sensor_hw.o
 .text          0x00000000        0x0 depend_Release_CSR101x_A05\nvm_access.o
 .data          0x00000000        0x0 depend_Release_CSR101x_A05\nvm_access.o
 .bss           0x00000000        0x0 depend_Release_CSR101x_A05\nvm_access.o
 .text          0x00000000        0x0 C:\CSR_uEnergy_SDK-2.2.2.13\tools\lib\CSR101x_A05\libgatt_lib_ram.a(patch_ls_app_if.o)
 .data          0x00000000        0x0 C:\CSR_uEnergy_SDK-2.2.2.13\tools\lib\CSR101x_A05\libgatt_lib_ram.a(patch_ls_app_if.o)
 .bss           0x00000000        0x0 C:\CSR_uEnergy_SDK-2.2.2.13\tools\lib\CSR101x_A05\libgatt_lib_ram.a(patch_ls_app_if.o)
 .text.LsRxTimingReport
                0x00000000        0x0 C:\CSR_uEnergy_SDK-2.2.2.13\tools\lib\CSR101x_A05\libgatt_lib_ram.a(patch_ls_app_if.o)
 .text.LsHoldTxUntilRx
                0x00000000        0x0 C:\CSR_uEnergy_SDK-2.2.2.13\tools\lib\CSR101x_A05\libgatt_lib_ram.a(patch_ls_app_if.o)
 .text          0x00000000        0x0 C:\CSR_uEnergy_SDK-2.2.2.13\tools\lib\CSR101x_A05\libgatt_lib_ram.a(ls_app_if_ram.o)
 .data          0x00000000        0x0 C:\CSR_uEnergy_SDK-2.2.2.13\tools\lib\CSR101x_A05\libgatt_lib_ram.a(ls_app_if_ram.o)
 .bss           0x00000000        0x0 C:\CSR_uEnergy_SDK-2.2.2.13\tools\lib\CSR101x_A05\libgatt_lib_ram.a(ls_app_if_ram.o)
 .text.LsSetTransmitPowerLevel
                0x00000000        0x0 C:\CSR_uEnergy_SDK-2.2.2.13\tools\lib\CSR101x_A05\libgatt_lib_ram.a(ls_app_if_ram.o)
 .text          0x00000000        0x0 C:\CSR_uEnergy_SDK-2.2.2.13\tools\lib\CSR101x_A05\libgatt_lib_ram.a(gatt_ram.o)
 .data          0x00000000        0x0 C:\CSR_uEnergy_SDK-2.2.2.13\tools\lib\CSR101x_A05\libgatt_lib_ram.a(gatt_ram.o)
 .bss           0x00000000        0x0 C:\CSR_uEnergy_SDK-2.2.2.13\tools\lib\CSR101x_A05\libgatt_lib_ram.a(gatt_ram.o)
 .data          0x00000000        0x0 C:\CSR_uEnergy_SDK-2.2.2.13\tools\lib\CSR101x_A05\libgatt_lib_ram.a(sm_ram.o)
 .bss           0x00000000        0x0 C:\CSR_uEnergy_SDK-2.2.2.13\tools\lib\CSR101x_A05\libgatt_lib_ram.a(sm_ram.o)
 .data          0x00000000        0x0 C:\CSR_uEnergy_SDK-2.2.2.13\tools\lib\CSR101x_A05\libgatt_lib_ram.a(sm_div.o)
 .bss           0x00000000        0x0 C:\CSR_uEnergy_SDK-2.2.2.13\tools\lib\CSR101x_A05\libgatt_lib_ram.a(sm_div.o)
 .data          0x00000000        0x0 C:\CSR_uEnergy_SDK-2.2.2.13\tools\lib\CSR101x_A05\libgatt_lib_ram.a(patch_sm.o)
 .text          0x00000000        0x0 C:\CSR_uEnergy_SDK-2.2.2.13\tools\lib\CSR101x_A05\libgatt_lib_ram.a(patch_george.o)
 .data          0x00000000        0x0 C:\CSR_uEnergy_SDK-2.2.2.13\tools\lib\CSR101x_A05\libgatt_lib_ram.a(patch_george.o)
 .bss           0x00000000        0x0 C:\CSR_uEnergy_SDK-2.2.2.13\tools\lib\CSR101x_A05\libgatt_lib_ram.a(patch_george.o)
 .text.___libgatt_lib_db_4582
                0x00000000        0x0 C:\CSR_uEnergy_SDK-2.2.2.13\tools\lib\CSR101x_A05\libgatt_lib_ram.a(patch_george.o)
 .text.___libgatt_lib_db_4583
                0x00000000        0x0 C:\CSR_uEnergy_SDK-2.2.2.13\tools\lib\CSR101x_A05\libgatt_lib_ram.a(patch_george.o)
 .text          0x00000000        0x0 C:\CSR_uEnergy_SDK-2.2.2.13\tools\lib\CSR101x_A05\libgatt_lib_ram.a(patch_george_ll.o)
 .data          0x00000000        0x0 C:\CSR_uEnergy_SDK-2.2.2.13\tools\lib\CSR101x_A05\libgatt_lib_ram.a(patch_george_ll.o)
 .bss           0x00000000        0x0 C:\CSR_uEnergy_SDK-2.2.2.13\tools\lib\CSR101x_A05\libgatt_lib_ram.a(patch_george_ll.o)
 .text          0x00000000        0x0 C:\CSR_uEnergy_SDK-2.2.2.13\tools\lib\CSR101x_A05\libgatt_lib_ram.a(hal_debugbus_state.o)
 .data          0x00000000        0x0 C:\CSR_uEnergy_SDK-2.2.2.13\tools\lib\CSR101x_A05\libgatt_lib_ram.a(hal_debugbus_state.o)
 .bss           0x00000000        0x0 C:\CSR_uEnergy_SDK-2.2.2.13\tools\lib\CSR101x_A05\libgatt_lib_ram.a(hal_debugbus_state.o)
 .text          0x00000000        0x0 C:\CSR_uEnergy_SDK-2.2.2.13\tools\lib\CSR101x_A05\libgatt_lib_ram.a(patch_halradiotrim.o)
 .data          0x00000000        0x0 C:\CSR_uEnergy_SDK-2.2.2.13\tools\lib\CSR101x_A05\libgatt_lib_ram.a(patch_halradiotrim.o)
 .bss           0x00000000        0x0 C:\CSR_uEnergy_SDK-2.2.2.13\tools\lib\CSR101x_A05\libgatt_lib_ram.a(patch_halradiotrim.o)
 .text.___libgatt_lib_db_4016
                0x00000000        0x0 C:\CSR_uEnergy_SDK-2.2.2.13\tools\lib\CSR101x_A05\libgatt_lib_ram.a(patch_halradiotrim.o)
 .text.___libgatt_lib_db_4600
                0x00000000        0x0 C:\CSR_uEnergy_SDK-2.2.2.13\tools\lib\CSR101x_A05\libgatt_lib_ram.a(patch_halradiotrim.o)
 .text          0x00000000        0x0 C:\CSR_uEnergy_SDK-2.2.2.13\tools\lib\CSR101x_A05\libgatt_lib_ram.a(patch_sleeprequest.o)
 .data          0x00000000        0x0 C:\CSR_uEnergy_SDK-2.2.2.13\tools\lib\CSR101x_A05\libgatt_lib_ram.a(patch_sleeprequest.o)
 .bss           0x00000000        0x0 C:\CSR_uEnergy_SDK-2.2.2.13\tools\lib\CSR101x_A05\libgatt_lib_ram.a(patch_sleeprequest.o)
 .text          0x00000000        0x0 C:\CSR_uEnergy_SDK-2.2.2.13\tools\lib\CSR101x_A05\libgatt_lib_ram.a(main_ram.o)
 .data          0x00000000        0x0 C:\CSR_uEnergy_SDK-2.2.2.13\tools\lib\CSR101x_A05\libgatt_lib_ram.a(main_ram.o)
 .bss           0x00000000        0x0 C:\CSR_uEnergy_SDK-2.2.2.13\tools\lib\CSR101x_A05\libgatt_lib_ram.a(main_ram.o)
 .text          0x00000000        0x0 C:\CSR_uEnergy_SDK-2.2.2.13\tools\lib\CSR101x_A05\libgatt_lib_ram.a(hw_patch_install.o)
 .data          0x00000000        0x0 C:\CSR_uEnergy_SDK-2.2.2.13\tools\lib\CSR101x_A05\libgatt_lib_ram.a(hw_patch_install.o)
 .bss           0x00000000        0x0 C:\CSR_uEnergy_SDK-2.2.2.13\tools\lib\CSR101x_A05\libgatt_lib_ram.a(hw_patch_install.o)
 .text          0x00000000        0x0 C:\CSR_uEnergy_SDK-2.2.2.13\tools\lib\CSR101x_A05\libgatt_lib_ram.a(patch_baldrick.o)
 .data          0x00000000        0x0 C:\CSR_uEnergy_SDK-2.2.2.13\tools\lib\CSR101x_A05\libgatt_lib_ram.a(patch_baldrick.o)
 .bss           0x00000000        0x0 C:\CSR_uEnergy_SDK-2.2.2.13\tools\lib\CSR101x_A05\libgatt_lib_ram.a(patch_baldrick.o)
 .text          0x00000000        0x0 C:\CSR_uEnergy_SDK-2.2.2.13\tools\lib\CSR101x_A05\libgatt_lib_ram.a(patch_i2c_app_mem_mgr.o)
 .data          0x00000000        0x0 C:\CSR_uEnergy_SDK-2.2.2.13\tools\lib\CSR101x_A05\libgatt_lib_ram.a(patch_i2c_app_mem_mgr.o)
 .bss           0x00000000        0x0 C:\CSR_uEnergy_SDK-2.2.2.13\tools\lib\CSR101x_A05\libgatt_lib_ram.a(patch_i2c_app_mem_mgr.o)
 .text          0x00000000        0x0 C:\CSR_uEnergy_SDK-2.2.2.13\tools\lib\CSR101x_A05\libgatt_lib_ram.a(id_ram.o)
 .data          0x00000000        0x0 C:\CSR_uEnergy_SDK-2.2.2.13\tools\lib\CSR101x_A05\libgatt_lib_ram.a(id_ram.o)
 .bss           0x00000000        0x0 C:\CSR_uEnergy_SDK-2.2.2.13\tools\lib\CSR101x_A05\libgatt_lib_ram.a(id_ram.o)
 .text          0x00000000        0x0 C:\CSR_uEnergy_SDK-2.2.2.13\tools\lib\CSR101x_A05\libgatt_lib_ram.a(slut.o)
 .data          0x00000000        0x0 C:\CSR_uEnergy_SDK-2.2.2.13\tools\lib\CSR101x_A05\libgatt_lib_ram.a(slut.o)
 .bss           0x00000000        0x0 C:\CSR_uEnergy_SDK-2.2.2.13\tools\lib\CSR101x_A05\libgatt_lib_ram.a(slut.o)
 .text          0x00000000        0x0 C:\CSR_uEnergy_SDK-2.2.2.13\tools\lib\CSR101x_A05\libgatt_lib_ram.a(sw_patch_ram.o)
 .data          0x00000000        0x0 C:\CSR_uEnergy_SDK-2.2.2.13\tools\lib\CSR101x_A05\libgatt_lib_ram.a(sw_patch_ram.o)
 .bss           0x00000000        0x0 C:\CSR_uEnergy_SDK-2.2.2.13\tools\lib\CSR101x_A05\libgatt_lib_ram.a(sw_patch_ram.o)
 .text          0x00000000        0x0 C:\CSR_uEnergy_SDK-2.2.2.13\tools\lib\CSR101x_A05\libgatt_lib_ram.a(patch_att_install.o)
 .data          0x00000000        0x0 C:\CSR_uEnergy_SDK-2.2.2.13\tools\lib\CSR101x_A05\libgatt_lib_ram.a(patch_att_install.o)
 .bss           0x00000000        0x0 C:\CSR_uEnergy_SDK-2.2.2.13\tools\lib\CSR101x_A05\libgatt_lib_ram.a(patch_att_install.o)
 .text          0x00000000        0x0 C:\CSR_uEnergy_SDK-2.2.2.13\tools\lib\CSR101x_A05\libgatt_lib_ram.a(patch_george_adv.o)
 .data          0x00000000        0x0 C:\CSR_uEnergy_SDK-2.2.2.13\tools\lib\CSR101x_A05\libgatt_lib_ram.a(patch_george_adv.o)
 .bss           0x00000000        0x0 C:\CSR_uEnergy_SDK-2.2.2.13\tools\lib\CSR101x_A05\libgatt_lib_ram.a(patch_george_adv.o)
 .text          0x00000000        0x0 C:\CSR_uEnergy_SDK-2.2.2.13\tools\lib\CSR101x_A05\libgatt_lib_ram.a(patch_halradio.o)
 .data          0x00000000        0x0 C:\CSR_uEnergy_SDK-2.2.2.13\tools\lib\CSR101x_A05\libgatt_lib_ram.a(patch_halradio.o)
 .bss           0x00000000        0x0 C:\CSR_uEnergy_SDK-2.2.2.13\tools\lib\CSR101x_A05\libgatt_lib_ram.a(patch_halradio.o)
 .text          0x00000000        0x0 C:\CSR_uEnergy_SDK-2.2.2.13\tools\lib\CSR101x_A05\libgatt_lib_ram.a(patch_reset.o)
 .data          0x00000000        0x0 C:\CSR_uEnergy_SDK-2.2.2.13\tools\lib\CSR101x_A05\libgatt_lib_ram.a(patch_reset.o)
 .bss           0x00000000        0x0 C:\CSR_uEnergy_SDK-2.2.2.13\tools\lib\CSR101x_A05\libgatt_lib_ram.a(patch_reset.o)
 .text          0x00000000        0x0 C:\CSR_uEnergy_SDK-2.2.2.13\tools\lib\CSR101x_A05\libgatt_lib_ram.a(patch_pools.o)
 .data          0x00000000        0x0 C:\CSR_uEnergy_SDK-2.2.2.13\tools\lib\CSR101x_A05\libgatt_lib_ram.a(patch_pools.o)
 .bss           0x00000000        0x0 C:\CSR_uEnergy_SDK-2.2.2.13\tools\lib\CSR101x_A05\libgatt_lib_ram.a(patch_pools.o)
 .text          0x00000000        0x0 C:\CSR_uEnergy_SDK-2.2.2.13\tools\lib\CSR101x_A05\libgatt_lib_ram.a(patch_background_loop.o)
 .data          0x00000000        0x0 C:\CSR_uEnergy_SDK-2.2.2.13\tools\lib\CSR101x_A05\libgatt_lib_ram.a(patch_background_loop.o)
 .bss           0x00000000        0x0 C:\CSR_uEnergy_SDK-2.2.2.13\tools\lib\CSR101x_A05\libgatt_lib_ram.a(patch_background_loop.o)
 .text          0x00000000        0x0 C:\CSR_uEnergy_SDK-2.2.2.13\tools\lib\CSR101x_A05\libgatt_lib_ram.a(patch_fault.o)
 .data          0x00000000        0x0 C:\CSR_uEnergy_SDK-2.2.2.13\tools\lib\CSR101x_A05\libgatt_lib_ram.a(patch_fault.o)
 .bss           0x00000000        0x0 C:\CSR_uEnergy_SDK-2.2.2.13\tools\lib\CSR101x_A05\libgatt_lib_ram.a(patch_fault.o)
 .text.PanicReadFwFault
                0x00000000        0x0 C:\CSR_uEnergy_SDK-2.2.2.13\tools\lib\CSR101x_A05\libgatt_lib_ram.a(patch_fault.o)
 .text.PanicClearFwFault
                0x00000000        0x0 C:\CSR_uEnergy_SDK-2.2.2.13\tools\lib\CSR101x_A05\libgatt_lib_ram.a(patch_fault.o)
 .bss.__PATCH__ZERO_
                0x00000000        0x0 C:\CSR_uEnergy_SDK-2.2.2.13\tools\lib\CSR101x_A05\libgatt_lib_ram.a(patch_fault.o)
 .text          0x00000000        0x0 C:\CSR_uEnergy_SDK-2.2.2.13\tools\lib\CSR101x_A05\libgatt_lib_ram.a(patch_pmu.o)
 .data          0x00000000        0x0 C:\CSR_uEnergy_SDK-2.2.2.13\tools\lib\CSR101x_A05\libgatt_lib_ram.a(patch_pmu.o)
 .bss           0x00000000        0x0 C:\CSR_uEnergy_SDK-2.2.2.13\tools\lib\CSR101x_A05\libgatt_lib_ram.a(patch_pmu.o)
 .text          0x00000000        0x0 C:\CSR_uEnergy_SDK-2.2.2.13\tools\lib\CSR101x_A05\libgatt_lib_ram.a(patch_thermometer.o)
 .data          0x00000000        0x0 C:\CSR_uEnergy_SDK-2.2.2.13\tools\lib\CSR101x_A05\libgatt_lib_ram.a(patch_thermometer.o)
 .bss           0x00000000        0x0 C:\CSR_uEnergy_SDK-2.2.2.13\tools\lib\CSR101x_A05\libgatt_lib_ram.a(patch_thermometer.o)

Memory Configuration

Name             Origin             Length             Attributes
*default*        0x00000000         0xffffffff

Linker script and memory map

LOAD depend_Release_CSR101x_A05\app_gatt_db.o
LOAD depend_Release_CSR101x_A05\battery_service.o
LOAD depend_Release_CSR101x_A05\gap_service.o
LOAD depend_Release_CSR101x_A05\heart_rate_service.o
LOAD depend_Release_CSR101x_A05\hr_sensor.o
LOAD depend_Release_CSR101x_A05\hr_sensor_gatt.o
LOAD depend_Release_CSR101x_A05\hr_sensor_hw.o
LOAD depend_Release_CSR101x_A05\nvm_access.o
LOAD C:\CSR_uEnergy_SDK-2.2.2.13\tools\lib\CSR101x_A05\libgatt_lib_ram.a
LOAD C:\CSR_uEnergy_SDK-2.2.2.13\tools\lib\CSR101x_A05\rom_img.elf
                0x00000000                PROG_RAM_START = 0x0
                0x00008000                PROG_RAM_SIZE = 0x8000
                0x00008000                PROG_ROM_START = 0x8000
                0x00008000                PROG_ROM_SIZE = 0x8000
                0x00002000                DATA_RAM_START = 0x2000
                0x00008000                DATA_RAM_SIZE = 0x8000
                0x000001b0                RADIOBUFS_SIZE = 0x1b0
                0x00000020                WHITELIST_SIZE = 0x20
                0x00000164                RADIODATA_SIZE = 0x164
                0x00000200                USTACK_SIZE = 0x200
                0x00000100                ISTACK_SIZE = 0x100
                0x00009f84                DATA_CSTORE_START = 0x9f84
                0x00000058                CSTORE_SIZE = 0x58
                0x00000004                SLT_SIZE = 0x4
                0x00000020                PRESERVE_SIZE = 0x20
                0x0000a000                DATA_RAM_END = 0xa000
                0x0000a000                DATA_ROM_START = 0xa000
                0x00004000                DATA_ROM_SIZE = 0x4000
                0x0000ef80                DATA_PERSIST_START = 0xef80
                0x00000080                DATA_PERSIST_SIZE = 0x80
                0x00009360                DATA_ROMDATA_START = 0x9360
                0x00000000                PROG_APPCODE_START = 0x0
                0x00006c00                PROG_APPCODE_END = 0x6c00
                0x00008c40                DATA_APPDATA_START = 0x8c40
                0x00008f00                DATA_APPDATA_END = 0x8f00
                0x80000000                $CODE$ = 0x80000000
                0x00000000                $DATA$ = 0x0
                0x0000ffe0                PROVIDE ($XAP_AH, 0xffe0)
                0x0000ffe1                PROVIDE ($XAP_AL, 0xffe1)
                0x0000ffe2                PROVIDE ($XAP_UXH, 0xffe2)
                0x0000ffe3                PROVIDE ($XAP_UXL, 0xffe3)
                0x0000ffe4                PROVIDE ($XAP_UY, 0xffe4)
                0x0000ffe5                PROVIDE ($XAP_IXH, 0xffe5)
                0x0000ffe6                PROVIDE ($XAP_IXL, 0xffe6)
                0x0000ffe7                PROVIDE ($XAP_IY, 0xffe7)
                0x00000008                . = 0x8

.app_ram_init   0x00000008        0x1
 *(RAM_APP_INIT)
 RAM_APP_INIT   0x00000008        0x1 C:\CSR_uEnergy_SDK-2.2.2.13\tools\lib\CSR101x_A05\libgatt_lib_ram.a(main_ram.o)
                0x00000008                main_ram_app_init

.fw_patch_bitmap
                0x00000009        0x6
 *(FW_PATCH_BITMAP)
 FW_PATCH_BITMAP
                0x00000009        0x6 C:\CSR_uEnergy_SDK-2.2.2.13\tools\lib\CSR101x_A05\libgatt_lib_ram.a(sw_patch_ram.o)
                0x00000009                patch_bitmap

.fw_patch_table
                0x0000000f        0x1
 *(FW_PATCH_TABLE)
 FW_PATCH_TABLE
                0x0000000f        0x1 C:\CSR_uEnergy_SDK-2.2.2.13\tools\lib\CSR101x_A05\libgatt_lib_ram.a(sw_patch_ram.o)
                0x0000000f                patch_table
                0x00000010                PROG_APPCODE_START = .

.text           0x00000010     0x171e load address 0x80000010
 *xap2crt0.o(.text)
 *xap2crt0.o(.text.*)
                0x00000010                PROG_PATCH_ADDRESS = .
 *(.hw_patch)
 .hw_patch      0x00000010      0x156 C:\CSR_uEnergy_SDK-2.2.2.13\tools\lib\CSR101x_A05\libgatt_lib_ram.a(patch_baldrick.o)
                0x00000010                hw_patch
 *(.text)
 .text          0x00000166       0x3d C:\CSR_uEnergy_SDK-2.2.2.13\tools\lib\CSR101x_A05\libgatt_lib_ram.a(sm_ram.o)
                0x00000195                SMDistributeMasterLtk
                0x00000166                ___libgatt_lib_db_476
                0x00000177                SMFeaturesReq
 .text          0x000001a3       0x26 C:\CSR_uEnergy_SDK-2.2.2.13\tools\lib\CSR101x_A05\libgatt_lib_ram.a(sm_div.o)
                0x000001b7                ___libgatt_lib_db_487
                0x000001a3                SMDivApproval
 .text          0x000001c9      0x168 C:\CSR_uEnergy_SDK-2.2.2.13\tools\lib\CSR101x_A05\libgatt_lib_ram.a(patch_sm.o)
                0x000002e2                ___libgatt_lib_db_4570
                0x00000284                ___libgatt_lib_db_4569
                0x00000231                ___libgatt_lib_db_4572
                0x000001fe                ___libgatt_lib_db_4571
                0x0000028e                ___libgatt_lib_db_4579
                0x000001c9                ___libgatt_lib_db_4568
 *(.text.*)
 .text.GattGetDatabase
                0x00000331        0x8 depend_Release_CSR101x_A05\app_gatt_db.o
                0x00000331                GattGetDatabase
 .text.BatteryInitChipReset
                0x00000339        0x4 depend_Release_CSR101x_A05\battery_service.o
                0x00000339                BatteryInitChipReset
 .text.BatteryCheckHandleRange
                0x0000033d        0x7 depend_Release_CSR101x_A05\battery_service.o
                0x0000033d                BatteryCheckHandleRange
 .text.BatteryDataInit
                0x00000344        0x8 depend_Release_CSR101x_A05\battery_service.o
                0x00000344                BatteryDataInit
 .text.BatteryBondingNotify
                0x0000034c        0xe depend_Release_CSR101x_A05\battery_service.o
                0x0000034c                BatteryBondingNotify
 .text.BatteryReadDataFromNVM
                0x0000035a       0x17 depend_Release_CSR101x_A05\battery_service.o
                0x0000035a                BatteryReadDataFromNVM
 .text.readBatteryLevel
                0x00000371        0x6 depend_Release_CSR101x_A05\battery_service.o
 .text.BatteryUpdateLevel
                0x00000377       0x1d depend_Release_CSR101x_A05\battery_service.o
                0x00000377                BatteryUpdateLevel
 .text.BatteryHandleAccessWrite
                0x00000394       0x3f depend_Release_CSR101x_A05\battery_service.o
                0x00000394                BatteryHandleAccessWrite
 .text.BatteryHandleAccessRead
                0x000003d3       0x33 depend_Release_CSR101x_A05\battery_service.o
                0x000003d3                BatteryHandleAccessRead
 .text.GapCheckHandleRange
                0x00000406        0x7 depend_Release_CSR101x_A05\gap_service.o
                0x00000406                GapCheckHandleRange
 .text.GapGetNameAndLength
                0x0000040d        0xc depend_Release_CSR101x_A05\gap_service.o
                0x0000040d                GapGetNameAndLength
 .text.GapDataInit
                0x00000419        0xb depend_Release_CSR101x_A05\gap_service.o
                0x00000419                GapDataInit
 .text.gapWriteDeviceNameToNvm
                0x00000424       0x16 depend_Release_CSR101x_A05\gap_service.o
 .text.GapInitWriteDataToNVM
                0x0000043a        0xc depend_Release_CSR101x_A05\gap_service.o
                0x0000043a                GapInitWriteDataToNVM
 .text.GapReadDataFromNVM
                0x00000446       0x24 depend_Release_CSR101x_A05\gap_service.o
                0x00000446                GapReadDataFromNVM
 .text.GapHandleAccessRead
                0x0000046a       0x2d depend_Release_CSR101x_A05\gap_service.o
                0x0000046a                GapHandleAccessRead
 .text.GapHandleAccessWrite
                0x00000497       0x2f depend_Release_CSR101x_A05\gap_service.o
                0x00000497                GapHandleAccessWrite
 .text.HRInitChipReset
                0x000004c6        0x7 depend_Release_CSR101x_A05\heart_rate_service.o
                0x000004c6                HRInitChipReset
 .text.IsHeartRateNotifyEnabled
                0x000004cd        0x8 depend_Release_CSR101x_A05\heart_rate_service.o
                0x000004cd                IsHeartRateNotifyEnabled
 .text.HeartRateIncEnergyExpended
                0x000004d5       0x15 depend_Release_CSR101x_A05\heart_rate_service.o
                0x000004d5                HeartRateIncEnergyExpended
 .text.HeartRateGetEnergyExpended
                0x000004ea        0x3 depend_Release_CSR101x_A05\heart_rate_service.o
                0x000004ea                HeartRateGetEnergyExpended
 .text.HeartRateCheckHandleRange
                0x000004ed        0x7 depend_Release_CSR101x_A05\heart_rate_service.o
                0x000004ed                HeartRateCheckHandleRange
 .text.HeartRateBondingNotify
                0x000004f4        0xe depend_Release_CSR101x_A05\heart_rate_service.o
                0x000004f4                HeartRateBondingNotify
 .text.WriteSwitchIntensity
                0x00000502        0xb depend_Release_CSR101x_A05\heart_rate_service.o
                0x00000502                WriteSwitchIntensity
 .text.AdjustSwitchIntensity
                0x0000050d        0x3 depend_Release_CSR101x_A05\heart_rate_service.o
                0x0000050d                AdjustSwitchIntensity
 .text.HRDataInit
                0x00000510       0x12 depend_Release_CSR101x_A05\heart_rate_service.o
                0x00000510                HRDataInit
 .text.HeartRateHandleAccessWrite
                0x00000522       0x54 depend_Release_CSR101x_A05\heart_rate_service.o
                0x00000522                HeartRateHandleAccessWrite
 .text.HeartRateHandleAccessRead
                0x00000576       0x3c depend_Release_CSR101x_A05\heart_rate_service.o
                0x00000576                HeartRateHandleAccessRead
 .text.HeartRateReadDataFromNVM
                0x000005b2       0x2d depend_Release_CSR101x_A05\heart_rate_service.o
                0x000005b2                HeartRateReadDataFromNVM
 .text.HeartRateSendMeasValue
                0x000005df        0x9 depend_Release_CSR101x_A05\heart_rate_service.o
                0x000005df                HeartRateSendMeasValue
 .text.HandleShortButtonPress
                0x000005e8        0x1 depend_Release_CSR101x_A05\hr_sensor.o
                0x000005e8                HandleShortButtonPress
 .text.AppPowerOnReset
                0x000005e9        0x1 depend_Release_CSR101x_A05\hr_sensor.o
                0x000005e9                AppPowerOnReset
 .text.ResetIdleTimer
                0x000005ea       0x17 depend_Release_CSR101x_A05\hr_sensor.o
                0x000005ea                ResetIdleTimer
 .text.receivedHRMeasReading
                0x00000601       0xa3 depend_Release_CSR101x_A05\hr_sensor.o
 .text.sendHRMeasurement
                0x000006a4       0x2a depend_Release_CSR101x_A05\hr_sensor.o
 .text.StartSendingHRMeasurements
                0x000006ce        0xf depend_Release_CSR101x_A05\hr_sensor.o
                0x000006ce                StartSendingHRMeasurements
 .text.hrSensorDataInit
                0x000006dd       0x39 depend_Release_CSR101x_A05\hr_sensor.o
 .text.AppProcessSystemEvent
                0x00000716       0x15 depend_Release_CSR101x_A05\hr_sensor.o
                0x00000716                AppProcessSystemEvent
 .text.AppInit  0x0000072b       0xbe depend_Release_CSR101x_A05\hr_sensor.o
                0x0000072b                AppInit
 .text.AppIsDeviceBonded
                0x000007e9       0x19 depend_Release_CSR101x_A05\hr_sensor.o
                0x000007e9                AppIsDeviceBonded
 .text.ReportPanic
                0x00000802        0x3 depend_Release_CSR101x_A05\hr_sensor.o
                0x00000802                ReportPanic
 .text.requestConnParamUpdate
                0x00000805       0x28 depend_Release_CSR101x_A05\hr_sensor.o
 .text.hrMeasTimerHandler
                0x0000082d       0x18 depend_Release_CSR101x_A05\hr_sensor.o
 .text.AppSetState
                0x00000845       0x56 depend_Release_CSR101x_A05\hr_sensor.o
                0x00000845                AppSetState
 .text.hrSensorIdleTimerHandler
                0x0000089b       0x17 depend_Release_CSR101x_A05\hr_sensor.o
 .text.AppProcessLmEvent
                0x000008b2      0x26a depend_Release_CSR101x_A05\hr_sensor.o
                0x000008b2                AppProcessLmEvent
 .text.HandleExtraLongButtonPress
                0x00000b1c       0x38 depend_Release_CSR101x_A05\hr_sensor.o
                0x00000b1c                HandleExtraLongButtonPress
 .text.HandleHRInputEvent
                0x00000b54       0x2b depend_Release_CSR101x_A05\hr_sensor.o
                0x00000b54                HandleHRInputEvent
 .text.GetSupported16BitUUIDServiceList
                0x00000b7f        0xa depend_Release_CSR101x_A05\hr_sensor_gatt.o
                0x00000b7f                GetSupported16BitUUIDServiceList
 .text.GattIsAddressResolvableRandom
                0x00000b89       0x11 depend_Release_CSR101x_A05\hr_sensor_gatt.o
                0x00000b89                GattIsAddressResolvableRandom
 .text.GattStopAdverts
                0x00000b9a        0x3 depend_Release_CSR101x_A05\hr_sensor_gatt.o
                0x00000b9a                GattStopAdverts
 .text.gattAdvertTimerHandler
                0x00000b9d       0x27 depend_Release_CSR101x_A05\hr_sensor_gatt.o
 .text.gattSetAdvertParams
                0x00000bc4       0xcf depend_Release_CSR101x_A05\hr_sensor_gatt.o
 .text.GattStartAdverts
                0x00000c93       0x30 depend_Release_CSR101x_A05\hr_sensor_gatt.o
                0x00000c93                GattStartAdverts
 .text.GattTriggerFastAdverts
                0x00000cc3       0x1f depend_Release_CSR101x_A05\hr_sensor_gatt.o
                0x00000cc3                GattTriggerFastAdverts
 .text.HandleAccessWrite
                0x00000ce2       0x2d depend_Release_CSR101x_A05\hr_sensor_gatt.o
                0x00000ce2                HandleAccessWrite
 .text.HandleAccessRead
                0x00000d0f       0x2d depend_Release_CSR101x_A05\hr_sensor_gatt.o
                0x00000d0f                HandleAccessRead
 .text.HandleSwitchPIOChangedEvent
                0x00000d3c        0x4 depend_Release_CSR101x_A05\hr_sensor_hw.o
                0x00000d3c                HandleSwitchPIOChangedEvent
 .text.HrInitSwitchHardware
                0x00000d40       0x21 depend_Release_CSR101x_A05\hr_sensor_hw.o
                0x00000d40                HrInitSwitchHardware
 .text.HrHwDataInit
                0x00000d61        0xc depend_Release_CSR101x_A05\hr_sensor_hw.o
                0x00000d61                HrHwDataInit
 .text.HandlePIOChangedEvent
                0x00000d6d       0x40 depend_Release_CSR101x_A05\hr_sensor_hw.o
                0x00000d6d                HandlePIOChangedEvent
 .text.GetRRValue
                0x00000dad        0x3 depend_Release_CSR101x_A05\hr_sensor_hw.o
                0x00000dad                GetRRValue
 .text.SoundBuzzer
                0x00000db0       0x47 depend_Release_CSR101x_A05\hr_sensor_hw.o
                0x00000db0                SoundBuzzer
 .text.appBuzzerTimerHandler
                0x00000df7       0x5e depend_Release_CSR101x_A05\hr_sensor_hw.o
 .text.HrInitHardware
                0x00000e55       0x4a depend_Release_CSR101x_A05\hr_sensor_hw.o
                0x00000e55                HrInitHardware
 .text.Nvm_Disable
                0x00000e9f        0x9 depend_Release_CSR101x_A05\nvm_access.o
                0x00000e9f                Nvm_Disable
 .text.Nvm_Write
                0x00000ea8        0xe depend_Release_CSR101x_A05\nvm_access.o
                0x00000ea8                Nvm_Write
 .text.Nvm_Read
                0x00000eb6        0xe depend_Release_CSR101x_A05\nvm_access.o
                0x00000eb6                Nvm_Read
 .text.___libgatt_lib_db_4554
                0x00000ec4        0x7 C:\CSR_uEnergy_SDK-2.2.2.13\tools\lib\CSR101x_A05\libgatt_lib_ram.a(patch_ls_app_if.o)
                0x00000ec4                ___libgatt_lib_db_4554
 .text.patch_process_hci_event
                0x00000ecb       0x29 C:\CSR_uEnergy_SDK-2.2.2.13\tools\lib\CSR101x_A05\libgatt_lib_ram.a(patch_ls_app_if.o)
 .text.LsRadioEventNotification
                0x00000ef4        0xa C:\CSR_uEnergy_SDK-2.2.2.13\tools\lib\CSR101x_A05\libgatt_lib_ram.a(patch_ls_app_if.o)
                0x00000ef4                LsRadioEventNotification
 .text.LsReadTransmitPowerLevel
                0x00000efe        0x8 C:\CSR_uEnergy_SDK-2.2.2.13\tools\lib\CSR101x_A05\libgatt_lib_ram.a(ls_app_if_ram.o)
                0x00000efe                LsReadTransmitPowerLevel
 .text.GattInit
                0x00000f06       0x20 C:\CSR_uEnergy_SDK-2.2.2.13\tools\lib\CSR101x_A05\libgatt_lib_ram.a(gatt_ram.o)
                0x00000f06                GattInit
 .text.___libgatt_lib_db_4584
                0x00000f26        0x7 C:\CSR_uEnergy_SDK-2.2.2.13\tools\lib\CSR101x_A05\libgatt_lib_ram.a(patch_george.o)
                0x00000f26                ___libgatt_lib_db_4584
 .text.___libgatt_lib_db_4544
                0x00000f2d       0x18 C:\CSR_uEnergy_SDK-2.2.2.13\tools\lib\CSR101x_A05\libgatt_lib_ram.a(patch_george.o)
                0x00000f2d                ___libgatt_lib_db_4544
 .text.ram_le_connection_timeout_A05
                0x00000f45       0x34 C:\CSR_uEnergy_SDK-2.2.2.13\tools\lib\CSR101x_A05\libgatt_lib_ram.a(patch_george.o)
 .text.___libgatt_lib_db_4581
                0x00000f79        0x8 C:\CSR_uEnergy_SDK-2.2.2.13\tools\lib\CSR101x_A05\libgatt_lib_ram.a(patch_george.o)
                0x00000f79                ___libgatt_lib_db_4581
 .text.rx_timing_report
                0x00000f81       0xba C:\CSR_uEnergy_SDK-2.2.2.13\tools\lib\CSR101x_A05\libgatt_lib_ram.a(patch_george.o)
 .text.ram_le_handle_event
                0x0000103b       0xf7 C:\CSR_uEnergy_SDK-2.2.2.13\tools\lib\CSR101x_A05\libgatt_lib_ram.a(patch_george.o)
 .text.___libgatt_lib_db_4550
                0x00001132       0x26 C:\CSR_uEnergy_SDK-2.2.2.13\tools\lib\CSR101x_A05\libgatt_lib_ram.a(patch_george.o)
                0x00001132                ___libgatt_lib_db_4550
 .text.___libgatt_lib_db_4549
                0x00001158       0x2c C:\CSR_uEnergy_SDK-2.2.2.13\tools\lib\CSR101x_A05\libgatt_lib_ram.a(patch_george.o)
                0x00001158                ___libgatt_lib_db_4549
 .text.___libgatt_lib_db_4589
                0x00001184       0x11 C:\CSR_uEnergy_SDK-2.2.2.13\tools\lib\CSR101x_A05\libgatt_lib_ram.a(patch_george_ll.o)
                0x00001184                ___libgatt_lib_db_4589
 .text.___libgatt_lib_db_4590
                0x00001195      0x124 C:\CSR_uEnergy_SDK-2.2.2.13\tools\lib\CSR101x_A05\libgatt_lib_ram.a(patch_george_ll.o)
                0x00001195                ___libgatt_lib_db_4590
 .text.___libgatt_lib_db_4597
                0x000012b9        0xc C:\CSR_uEnergy_SDK-2.2.2.13\tools\lib\CSR101x_A05\libgatt_lib_ram.a(hal_debugbus_state.o)
                0x000012b9                ___libgatt_lib_db_4597
 .text.___libgatt_lib_db_4596
                0x000012c5        0xc C:\CSR_uEnergy_SDK-2.2.2.13\tools\lib\CSR101x_A05\libgatt_lib_ram.a(hal_debugbus_state.o)
                0x000012c5                ___libgatt_lib_db_4596
 .text.___libgatt_lib_db_4602
                0x000012d1        0x5 C:\CSR_uEnergy_SDK-2.2.2.13\tools\lib\CSR101x_A05\libgatt_lib_ram.a(patch_halradiotrim.o)
                0x000012d1                ___libgatt_lib_db_4602
 .text.RAM_set_tx_power_parameters
                0x000012d6       0x57 C:\CSR_uEnergy_SDK-2.2.2.13\tools\lib\CSR101x_A05\libgatt_lib_ram.a(patch_halradiotrim.o)
 .text.___libgatt_lib_db_4603
                0x0000132d        0xb C:\CSR_uEnergy_SDK-2.2.2.13\tools\lib\CSR101x_A05\libgatt_lib_ram.a(patch_halradiotrim.o)
                0x0000132d                ___libgatt_lib_db_4603
 .text.___libgatt_lib_db_4601
                0x00001338        0xa C:\CSR_uEnergy_SDK-2.2.2.13\tools\lib\CSR101x_A05\libgatt_lib_ram.a(patch_halradiotrim.o)
                0x00001338                ___libgatt_lib_db_4601
 .text.SleepRequest
                0x00001342       0x95 C:\CSR_uEnergy_SDK-2.2.2.13\tools\lib\CSR101x_A05\libgatt_lib_ram.a(patch_sleeprequest.o)
                0x00001342                SleepRequest
 .text.ram_app_init
                0x000013d7       0x32 C:\CSR_uEnergy_SDK-2.2.2.13\tools\lib\CSR101x_A05\libgatt_lib_ram.a(main_ram.o)
                0x000013d7                ram_app_init
 .text.___libgatt_lib_db_4364
                0x00001409        0x8 C:\CSR_uEnergy_SDK-2.2.2.13\tools\lib\CSR101x_A05\libgatt_lib_ram.a(hw_patch_install.o)
                0x00001409                ___libgatt_lib_db_4364
 .text.NvmConfigureI2cEeprom
                0x00001411        0xd C:\CSR_uEnergy_SDK-2.2.2.13\tools\lib\CSR101x_A05\libgatt_lib_ram.a(patch_i2c_app_mem_mgr.o)
                0x00001411                NvmConfigureI2cEeprom
 .text.new_disable_i2c
                0x0000141e        0xb C:\CSR_uEnergy_SDK-2.2.2.13\tools\lib\CSR101x_A05\libgatt_lib_ram.a(patch_i2c_app_mem_mgr.o)
 .text.___libgatt_lib_db_4559
                0x00001429        0xe C:\CSR_uEnergy_SDK-2.2.2.13\tools\lib\CSR101x_A05\libgatt_lib_ram.a(patch_att_install.o)
                0x00001429                ___libgatt_lib_db_4559
 .text.patch_att_handle_execute_write_req
                0x00001437       0xfe C:\CSR_uEnergy_SDK-2.2.2.13\tools\lib\CSR101x_A05\libgatt_lib_ram.a(patch_att_install.o)
 .text.patch_att_handle_read_multi_req
                0x00001535       0xbb C:\CSR_uEnergy_SDK-2.2.2.13\tools\lib\CSR101x_A05\libgatt_lib_ram.a(patch_att_install.o)
 .text.___libgatt_lib_db_4594
                0x000015f0       0x1b C:\CSR_uEnergy_SDK-2.2.2.13\tools\lib\CSR101x_A05\libgatt_lib_ram.a(patch_george_adv.o)
                0x000015f0                ___libgatt_lib_db_4594
 .text.___libgatt_lib_db_4609
                0x0000160b       0x4b C:\CSR_uEnergy_SDK-2.2.2.13\tools\lib\CSR101x_A05\libgatt_lib_ram.a(patch_halradio.o)
                0x0000160b                ___libgatt_lib_db_4609
 .text.___libgatt_lib_db_4207
                0x00001656        0xd C:\CSR_uEnergy_SDK-2.2.2.13\tools\lib\CSR101x_A05\libgatt_lib_ram.a(patch_reset.o)
                0x00001656                ___libgatt_lib_db_4207
 .text.___libgatt_lib_db_4611
                0x00001663        0x5 C:\CSR_uEnergy_SDK-2.2.2.13\tools\lib\CSR101x_A05\libgatt_lib_ram.a(patch_pools.o)
                0x00001663                ___libgatt_lib_db_4611
 .text.___libgatt_lib_db_4614
                0x00001668        0xf C:\CSR_uEnergy_SDK-2.2.2.13\tools\lib\CSR101x_A05\libgatt_lib_ram.a(patch_background_loop.o)
                0x00001668                ___libgatt_lib_db_4614
 .text.___libgatt_lib_db_4616
                0x00001677       0x15 C:\CSR_uEnergy_SDK-2.2.2.13\tools\lib\CSR101x_A05\libgatt_lib_ram.a(patch_fault.o)
                0x00001677                ___libgatt_lib_db_4616
 .text.___libgatt_lib_db_4624
                0x0000168c       0x2e C:\CSR_uEnergy_SDK-2.2.2.13\tools\lib\CSR101x_A05\libgatt_lib_ram.a(patch_pmu.o)
                0x0000168c                ___libgatt_lib_db_4624
 .text.___libgatt_lib_db_4214
                0x000016ba       0x74 C:\CSR_uEnergy_SDK-2.2.2.13\tools\lib\CSR101x_A05\libgatt_lib_ram.a(patch_thermometer.o)
                0x000016ba                ___libgatt_lib_db_4214
 *(.apptext)
 *(.apptext.*)
 *xap2crte.o(.text)
 *xap2crte.o(.text.*)
                0x0000172e                PROG_APPCODE_END = .
                0x0000372e                DATA_CONST_START = (DATA_RAM_START + .)
                0x0000372e                . = DATA_CONST_START

.const
 *(CONST)
 *(CONST.*)
                0x0000372e                DATA_CONST_END = .
                0x0000372e                DATA_RODATA_START = .
                0x0000372f                . = (. + 0x1)

.rodata         0x0000372f       0x56
 *(.rodata)
 .rodata        0x0000372f        0x2 depend_Release_CSR101x_A05\hr_sensor_gatt.o
 *(.rodata.*)
 .rodata.AppSetState
                0x00003731        0x5 depend_Release_CSR101x_A05\hr_sensor.o
 .rodata.C.7..2836.
                0x00003736        0x4 depend_Release_CSR101x_A05\hr_sensor.o
 .rodata.C.2..2361.
                0x0000373a        0x3 depend_Release_CSR101x_A05\hr_sensor_gatt.o
 .rodata.tx_power_table
                0x0000373d       0x28 C:\CSR_uEnergy_SDK-2.2.2.13\tools\lib\CSR101x_A05\libgatt_lib_ram.a(patch_halradiotrim.o)
                0x0000373d                ___libgatt_lib_db_4608
 .rodata.ram_build_identifier_integer
                0x00003765        0x1 C:\CSR_uEnergy_SDK-2.2.2.13\tools\lib\CSR101x_A05\libgatt_lib_ram.a(id_ram.o)
                0x00003765                ___libgatt_lib_db_4496
 .rodata.ram_build_identifier_string
                0x00003766       0x16 C:\CSR_uEnergy_SDK-2.2.2.13\tools\lib\CSR101x_A05\libgatt_lib_ram.a(id_ram.o)
                0x00003766                ram_build_identifier_string
 .rodata.slut_extended
                0x0000377c        0x9 C:\CSR_uEnergy_SDK-2.2.2.13\tools\lib\CSR101x_A05\libgatt_lib_ram.a(slut.o)
                0x0000377c                ___libgatt_lib_db_4631
                0x00003785                DATA_RODATA_END = .

.bss            0x00003785       0x82
                0x00003785                DATA_BSS_APP_START = .
 *(.bss)
 .bss           0x00003785        0x2 C:\CSR_uEnergy_SDK-2.2.2.13\tools\lib\CSR101x_A05\libgatt_lib_ram.a(patch_sm.o)
 *(.bss.*)
 .bss.g_batt_data
                0x00003787        0x3 depend_Release_CSR101x_A05\battery_service.o
 .bss.g_gap_data
                0x0000378a        0x3 depend_Release_CSR101x_A05\gap_service.o
 .bss.g_hr_serv_data
                0x0000378d        0x4 depend_Release_CSR101x_A05\heart_rate_service.o
 .bss.hr_meas_count.2793.
                0x00003791        0x1 depend_Release_CSR101x_A05\hr_sensor.o
 .bss.app_timers
                0x00003792       0x24 depend_Release_CSR101x_A05\hr_sensor.o
 .bss.patch_pending
                0x000037b6        0x1 C:\CSR_uEnergy_SDK-2.2.2.13\tools\lib\CSR101x_A05\libgatt_lib_ram.a(patch_george.o)
                0x000037b6                patch_pending
 .bss.patch_rx_timing_report
                0x000037b7        0x1 C:\CSR_uEnergy_SDK-2.2.2.13\tools\lib\CSR101x_A05\libgatt_lib_ram.a(patch_george.o)
                0x000037b7                patch_rx_timing_report
 .bss.patch_pending_mode
                0x000037b8        0x1 C:\CSR_uEnergy_SDK-2.2.2.13\tools\lib\CSR101x_A05\libgatt_lib_ram.a(patch_george.o)
                0x000037b8                patch_pending_mode
 .bss.patch_conn_chm_update
                0x000037b9        0x1 C:\CSR_uEnergy_SDK-2.2.2.13\tools\lib\CSR101x_A05\libgatt_lib_ram.a(patch_george.o)
                0x000037b9                patch_conn_chm_update
 .bss.__PATCH__ZERO_
                0x000037ba        0x1 C:\CSR_uEnergy_SDK-2.2.2.13\tools\lib\CSR101x_A05\libgatt_lib_ram.a(patch_george.o)
 .bss.tx_power_table_entry
                0x000037bb        0x1 C:\CSR_uEnergy_SDK-2.2.2.13\tools\lib\CSR101x_A05\libgatt_lib_ram.a(patch_halradiotrim.o)
 .bss.__PATCH__ZERO_
                0x000037bc        0x1 C:\CSR_uEnergy_SDK-2.2.2.13\tools\lib\CSR101x_A05\libgatt_lib_ram.a(patch_thermometer.o)
 COMMON         0x000037bd       0x40 depend_Release_CSR101x_A05\hr_sensor.o
                0x000037bd                g_hr_data
 COMMON         0x000037fd        0x5 depend_Release_CSR101x_A05\hr_sensor_hw.o
                0x000037fd                g_dimmer_data
                0x000037fe                g_app_hw_data
 COMMON         0x00003802        0x2 C:\CSR_uEnergy_SDK-2.2.2.13\tools\lib\CSR101x_A05\libgatt_lib_ram.a(patch_sm.o)
                0x00003802                sm_long_term_key_ind
                0x00003803                sm_pairing_auth_ind
 COMMON         0x00003804        0x3 C:\CSR_uEnergy_SDK-2.2.2.13\tools\lib\CSR101x_A05\libgatt_lib_ram.a(patch_george_ll.o)
                0x00003804                george_earliest_transmit_offset
                0x00003807                DATA_BSS_APP_END = .
                0x00000082                BSS_APP_SIZE = (DATA_BSS_APP_END - DATA_BSS_APP_START)

.data           0x00003807       0xc6
                0x00003807                DATA_DATA_START = .
 *(.data)
 *(.data.*)
 .data.gattDatabase
                0x00003807       0x8d depend_Release_CSR101x_A05\app_gatt_db.o
                0x00003807                gattDatabase
 .data.g_device_name
                0x00003894       0x16 depend_Release_CSR101x_A05\gap_service.o
                0x00003894                g_device_name
 .data.pending_pdu_acks
                0x000038aa        0x1 C:\CSR_uEnergy_SDK-2.2.2.13\tools\lib\CSR101x_A05\libgatt_lib_ram.a(patch_george_ll.o)
                0x000038aa                ___libgatt_lib_db_4591
 .data.patch_table_data
                0x000038ab       0x22 C:\CSR_uEnergy_SDK-2.2.2.13\tools\lib\CSR101x_A05\libgatt_lib_ram.a(sw_patch_ram.o)
                0x000038ab                ___libgatt_lib_db_4542
                0x000038cd                DATA_DATA_END = .
                0x0000ef80                . = DATA_PERSIST_START

PERSIST_MEM
 *(PERSIST_MEM)
 *(PERSIST_MEM.*)
                0x0000ef80                DATA_PERSIST_MEM_END = .
                0x00009f84                . = DATA_CSTORE_START

CONFIG_STORE    0x00009f84       0x40
 *(CONFIG_STORE)
 CONFIG_STORE   0x00009f84       0x40 C:\CSR_uEnergy_SDK-2.2.2.13\tools\lib\CSR101x_A05\libgatt_lib_ram.a(CONFIG_STORE.o)
                0x00009f84                ___libgatt_lib_db_4269
 *(CONFIG_STORE.*)
                0x00009fc4                DATA_CSTORE_END = .
                0x00000040                CS_SIZE = (DATA_CSTORE_END - DATA_CSTORE_START)
                0x00009fdc                . = ((DATA_RAM_END - PRESERVE_SIZE) - SLT_SIZE)

SLT             0x00009fdc        0x4
                0x00009fdc                SLT_START = .
 *(SLT)
 SLT            0x00009fdc        0x4 C:\CSR_uEnergy_SDK-2.2.2.13\tools\lib\CSR101x_A05\libgatt_lib_ram.a(slut.o)
                0x00009fdc                slut
 *(SLT.*)

.preserved      0x00009fe0        0x0
                0x00009fe0                PRESERVED_START = .
 *(PRES_DATA)
 *(PRES_DATA.*)
                0x00009f84                STACK_END = DATA_CSTORE_START
                0x00009c84                . = ((STACK_END - ISTACK_SIZE) - USTACK_SIZE)

.stack          0x00009c84      0x300
                0x00009c84                STACK_START = .
                0x00009c84                USTACK_START = .
                0x00009e84                USTACK_END = (USTACK_START + USTACK_SIZE)
 *(USTACK)
 *(USTACK.*)
                0x00009e84                . = USTACK_END
 *fill*         0x00009c84      0x400 00
                0x00009e84                ISTACK_START = .
                0x00009f84                ISTACK_END = (ISTACK_START + ISTACK_SIZE)
 *(ISTACK)
 *(ISTACK.*)
                0x00009f84                . = ISTACK_END
 *fill*         0x00009e84      0x200 00
                0x00009c84                ALIGNED_DATA_END = STACK_START
                0x00009950                . = (((ALIGNED_DATA_END - RADIODATA_SIZE) - WHITELIST_SIZE) - RADIOBUFS_SIZE)

.aligned_data   0x00009950      0x334
                0x00009950                ALIGNED_DATA_START = .
                0x00009950                DATA_RADIOBUFS_START = .
 *(RADINITTBL)
                0x00009b00                . = (ALIGNED_DATA_START + RADIOBUFS_SIZE)
 *fill*         0x00009950      0x360 00
                0x00009b00                DATA_WHITELIST_START = .
                0x00009b20                . = (DATA_WHITELIST_START + WHITELIST_SIZE)
 *fill*         0x00009b00       0x40 00
 *(.romradiodata)
 .romradiodata  0x00009b20      0x164 C:\CSR_uEnergy_SDK-2.2.2.13\tools\lib\CSR101x_A05\libgatt_lib_ram.a(.romradiodata.o)
                0x00009b20                DATA_TIMERSTRUCT_START
                0x00009b80                ___libgatt_lib_db_4171
                0x00009b20                ___libgatt_lib_db_4173
                0x00009b80                DATA_RCLUTS_START
                0x00009c84                ALIGN_END_ACTUAL = .
                0x00000001                ASSERT ((DATA_APPDATA_END > DATA_DATA_END), RAM DATA exceeds limit.)
LOAD c:/csr_uenergy_sdk-2.2.2.13/tools/bin/../lib/gcc/xap-local-xap/4.3.4\libgcc.a
OUTPUT(depend_Release_CSR101x_A05\hr_sensor.elf elf32-xap2)

.debug_abbrev   0x00000000      0x6da
 .debug_abbrev  0x00000000       0x46 depend_Release_CSR101x_A05\app_gatt_db.o
 .debug_abbrev  0x0000008b       0xf6 depend_Release_CSR101x_A05\battery_service.o
 .debug_abbrev  0x00000276       0xff depend_Release_CSR101x_A05\gap_service.o
 .debug_abbrev  0x00000474       0xf3 depend_Release_CSR101x_A05\heart_rate_service.o
 .debug_abbrev  0x00000659      0x18e depend_Release_CSR101x_A05\hr_sensor.o
 .debug_abbrev  0x00000975      0x109 depend_Release_CSR101x_A05\hr_sensor_gatt.o
 .debug_abbrev  0x00000b87       0xbc depend_Release_CSR101x_A05\hr_sensor_hw.o
 .debug_abbrev  0x00000cff       0x5b depend_Release_CSR101x_A05\nvm_access.o

.debug_info     0x00000000     0x3bd5
 .debug_info    0x00000000       0x5f depend_Release_CSR101x_A05\app_gatt_db.o
 .debug_info    0x000000be      0x6a1 depend_Release_CSR101x_A05\battery_service.o
 .debug_info    0x00000dff      0x68d depend_Release_CSR101x_A05\gap_service.o
 .debug_info    0x00001b18      0x711 depend_Release_CSR101x_A05\heart_rate_service.o
 .debug_info    0x0000293a     0x1975 depend_Release_CSR101x_A05\hr_sensor.o
 .debug_info    0x00005c23      0x9af depend_Release_CSR101x_A05\hr_sensor_gatt.o
 .debug_info    0x00006f80      0x212 depend_Release_CSR101x_A05\hr_sensor_hw.o
 .debug_info    0x000073a3      0x204 depend_Release_CSR101x_A05\nvm_access.o

.debug_line     0x00000000     0x101f
 .debug_line    0x00000000       0x59 depend_Release_CSR101x_A05\app_gatt_db.o
 .debug_line    0x000000b1      0x171 depend_Release_CSR101x_A05\battery_service.o
 .debug_line    0x00000393      0x13f depend_Release_CSR101x_A05\gap_service.o
 .debug_line    0x00000610      0x1db depend_Release_CSR101x_A05\heart_rate_service.o
 .debug_line    0x000009c5      0x67e depend_Release_CSR101x_A05\hr_sensor.o
 .debug_line    0x000016c0      0x24b depend_Release_CSR101x_A05\hr_sensor_gatt.o
 .debug_line    0x00001b55      0x1d6 depend_Release_CSR101x_A05\hr_sensor_hw.o
 .debug_line    0x00001f00       0x9f depend_Release_CSR101x_A05\nvm_access.o

.debug_frame    0x00000000      0x350
 .debug_frame   0x00000000       0x14 depend_Release_CSR101x_A05\app_gatt_db.o
 .debug_frame   0x00000028       0x6c depend_Release_CSR101x_A05\battery_service.o
 .debug_frame   0x00000100       0x64 depend_Release_CSR101x_A05\gap_service.o
 .debug_frame   0x000001c8       0x94 depend_Release_CSR101x_A05\heart_rate_service.o
 .debug_frame   0x000002f0       0xd4 depend_Release_CSR101x_A05\hr_sensor.o
 .debug_frame   0x00000498       0x70 depend_Release_CSR101x_A05\hr_sensor_gatt.o
 .debug_frame   0x00000578       0x68 depend_Release_CSR101x_A05\hr_sensor_hw.o
 .debug_frame   0x00000648       0x2c depend_Release_CSR101x_A05\nvm_access.o

.debug_loc      0x00000000      0x88d
 .debug_loc     0x00000000       0x1f depend_Release_CSR101x_A05\app_gatt_db.o
 .debug_loc     0x0000003d      0x10b depend_Release_CSR101x_A05\battery_service.o
 .debug_loc     0x00000253      0x11f depend_Release_CSR101x_A05\gap_service.o
 .debug_loc     0x00000490      0x15b depend_Release_CSR101x_A05\heart_rate_service.o
 .debug_loc     0x00000746      0x2d9 depend_Release_CSR101x_A05\hr_sensor.o
 .debug_loc     0x00000cf7       0xff depend_Release_CSR101x_A05\hr_sensor_gatt.o
 .debug_loc     0x00000ef4       0x9e depend_Release_CSR101x_A05\hr_sensor_hw.o
 .debug_loc     0x00001030       0x75 depend_Release_CSR101x_A05\nvm_access.o

.debug_pubnames
                0x00000000      0x32e
 .debug_pubnames
                0x00000000       0x1c depend_Release_CSR101x_A05\app_gatt_db.o
 .debug_pubnames
                0x00000037       0x70 depend_Release_CSR101x_A05\battery_service.o
 .debug_pubnames
                0x00000116       0x63 depend_Release_CSR101x_A05\gap_service.o
 .debug_pubnames
                0x000001dc       0xb9 depend_Release_CSR101x_A05\heart_rate_service.o
 .debug_pubnames
                0x0000034d       0x95 depend_Release_CSR101x_A05\hr_sensor.o
 .debug_pubnames
                0x00000476       0x64 depend_Release_CSR101x_A05\hr_sensor_gatt.o
 .debug_pubnames
                0x0000053e       0x71 depend_Release_CSR101x_A05\hr_sensor_hw.o
 .debug_pubnames
                0x0000061f       0x1f depend_Release_CSR101x_A05\nvm_access.o

.debug_aranges  0x00000000      0x178
 .debug_aranges
                0x00000000       0x10 depend_Release_CSR101x_A05\app_gatt_db.o
 .debug_aranges
                0x00000020       0x30 depend_Release_CSR101x_A05\battery_service.o
 .debug_aranges
                0x00000080       0x2c depend_Release_CSR101x_A05\gap_service.o
 .debug_aranges
                0x000000d8       0x40 depend_Release_CSR101x_A05\heart_rate_service.o
 .debug_aranges
                0x00000158       0x54 depend_Release_CSR101x_A05\hr_sensor.o
 .debug_aranges
                0x00000200       0x30 depend_Release_CSR101x_A05\hr_sensor_gatt.o
 .debug_aranges
                0x00000260       0x30 depend_Release_CSR101x_A05\hr_sensor_hw.o
 .debug_aranges
                0x000002c0       0x18 depend_Release_CSR101x_A05\nvm_access.o

.debug_ranges   0x00000000      0x194
 .debug_ranges  0x00000000        0xc depend_Release_CSR101x_A05\app_gatt_db.o
 .debug_ranges  0x00000018       0x2c depend_Release_CSR101x_A05\battery_service.o
 .debug_ranges  0x00000070       0x28 depend_Release_CSR101x_A05\gap_service.o
 .debug_ranges  0x000000c0       0x3c depend_Release_CSR101x_A05\heart_rate_service.o
 .debug_ranges  0x00000138       0x74 depend_Release_CSR101x_A05\hr_sensor.o
 .debug_ranges  0x00000220       0x44 depend_Release_CSR101x_A05\hr_sensor_gatt.o
 .debug_ranges  0x000002a8       0x2c depend_Release_CSR101x_A05\hr_sensor_hw.o
 .debug_ranges  0x00000300       0x14 depend_Release_CSR101x_A05\nvm_access.o

.debug_str      0x00000000     0x2a16
 .debug_str     0x00000000       0x75 depend_Release_CSR101x_A05\app_gatt_db.o
                                 0x82 (size before relaxing)
 .debug_str     0x000000ea     0x1260 depend_Release_CSR101x_A05\battery_service.o
                               0x12e9 (size before relaxing)
 .debug_str     0x000025a9       0x81 depend_Release_CSR101x_A05\gap_service.o
                               0x1282 (size before relaxing)
 .debug_str     0x000026aa      0x108 depend_Release_CSR101x_A05\heart_rate_service.o
                               0x135e (size before relaxing)
 .debug_str     0x000028ba     0x115e depend_Release_CSR101x_A05\hr_sensor.o
                               0x23e4 (size before relaxing)
 .debug_str     0x00004b76      0x2fd depend_Release_CSR101x_A05\hr_sensor_gatt.o
                               0x1995 (size before relaxing)
 .debug_str     0x00005170      0x148 depend_Release_CSR101x_A05\hr_sensor_hw.o
                                0x3f5 (size before relaxing)
 .debug_str     0x00005400       0x16 depend_Release_CSR101x_A05\nvm_access.o
                                0x5ef (size before relaxing)

.comment        0x00000000      0x374
 .comment       0x00000000       0x1a depend_Release_CSR101x_A05\app_gatt_db.o
 .comment       0x0000001a       0x1a depend_Release_CSR101x_A05\battery_service.o
 .comment       0x00000034       0x1a depend_Release_CSR101x_A05\gap_service.o
 .comment       0x0000004e       0x1a depend_Release_CSR101x_A05\heart_rate_service.o
 .comment       0x00000068       0x1a depend_Release_CSR101x_A05\hr_sensor.o
 .comment       0x00000082       0x1a depend_Release_CSR101x_A05\hr_sensor_gatt.o
 .comment       0x0000009c       0x1a depend_Release_CSR101x_A05\hr_sensor_hw.o
 .comment       0x000000b6       0x1a depend_Release_CSR101x_A05\nvm_access.o
 .comment       0x000000d0       0x1a C:\CSR_uEnergy_SDK-2.2.2.13\tools\lib\CSR101x_A05\libgatt_lib_ram.a(patch_ls_app_if.o)
 .comment       0x000000ea       0x1a C:\CSR_uEnergy_SDK-2.2.2.13\tools\lib\CSR101x_A05\libgatt_lib_ram.a(ls_app_if_ram.o)
 .comment       0x00000104       0x1a C:\CSR_uEnergy_SDK-2.2.2.13\tools\lib\CSR101x_A05\libgatt_lib_ram.a(gatt_ram.o)
 .comment       0x0000011e       0x1a C:\CSR_uEnergy_SDK-2.2.2.13\tools\lib\CSR101x_A05\libgatt_lib_ram.a(sm_ram.o)
 .comment       0x00000138       0x1a C:\CSR_uEnergy_SDK-2.2.2.13\tools\lib\CSR101x_A05\libgatt_lib_ram.a(sm_div.o)
 .comment       0x00000152       0x1a C:\CSR_uEnergy_SDK-2.2.2.13\tools\lib\CSR101x_A05\libgatt_lib_ram.a(patch_sm.o)
 .comment       0x0000016c       0x1a C:\CSR_uEnergy_SDK-2.2.2.13\tools\lib\CSR101x_A05\libgatt_lib_ram.a(patch_george.o)
 .comment       0x00000186       0x1a C:\CSR_uEnergy_SDK-2.2.2.13\tools\lib\CSR101x_A05\libgatt_lib_ram.a(patch_george_ll.o)
 .comment       0x000001a0       0x1a C:\CSR_uEnergy_SDK-2.2.2.13\tools\lib\CSR101x_A05\libgatt_lib_ram.a(hal_debugbus_state.o)
 .comment       0x000001ba       0x1a C:\CSR_uEnergy_SDK-2.2.2.13\tools\lib\CSR101x_A05\libgatt_lib_ram.a(patch_halradiotrim.o)
 .comment       0x000001d4       0x1a C:\CSR_uEnergy_SDK-2.2.2.13\tools\lib\CSR101x_A05\libgatt_lib_ram.a(patch_sleeprequest.o)
 .comment       0x000001ee       0x1a C:\CSR_uEnergy_SDK-2.2.2.13\tools\lib\CSR101x_A05\libgatt_lib_ram.a(main_ram.o)
 .comment       0x00000208       0x1a C:\CSR_uEnergy_SDK-2.2.2.13\tools\lib\CSR101x_A05\libgatt_lib_ram.a(hw_patch_install.o)
 .comment       0x00000222       0x1a C:\CSR_uEnergy_SDK-2.2.2.13\tools\lib\CSR101x_A05\libgatt_lib_ram.a(patch_i2c_app_mem_mgr.o)
 .comment       0x0000023c       0x1a C:\CSR_uEnergy_SDK-2.2.2.13\tools\lib\CSR101x_A05\libgatt_lib_ram.a(id_ram.o)
 .comment       0x00000256       0x1a C:\CSR_uEnergy_SDK-2.2.2.13\tools\lib\CSR101x_A05\libgatt_lib_ram.a(slut.o)
 .comment       0x00000270       0x1a C:\CSR_uEnergy_SDK-2.2.2.13\tools\lib\CSR101x_A05\libgatt_lib_ram.a(sw_patch_ram.o)
 .comment       0x0000028a       0x1a C:\CSR_uEnergy_SDK-2.2.2.13\tools\lib\CSR101x_A05\libgatt_lib_ram.a(patch_att_install.o)
 .comment       0x000002a4       0x1a C:\CSR_uEnergy_SDK-2.2.2.13\tools\lib\CSR101x_A05\libgatt_lib_ram.a(patch_george_adv.o)
 .comment       0x000002be       0x1a C:\CSR_uEnergy_SDK-2.2.2.13\tools\lib\CSR101x_A05\libgatt_lib_ram.a(patch_halradio.o)
 .comment       0x000002d8       0x1a C:\CSR_uEnergy_SDK-2.2.2.13\tools\lib\CSR101x_A05\libgatt_lib_ram.a(patch_reset.o)
 .comment       0x000002f2       0x1a C:\CSR_uEnergy_SDK-2.2.2.13\tools\lib\CSR101x_A05\libgatt_lib_ram.a(patch_pools.o)
 .comment       0x0000030c       0x1a C:\CSR_uEnergy_SDK-2.2.2.13\tools\lib\CSR101x_A05\libgatt_lib_ram.a(patch_background_loop.o)
 .comment       0x00000326       0x1a C:\CSR_uEnergy_SDK-2.2.2.13\tools\lib\CSR101x_A05\libgatt_lib_ram.a(patch_fault.o)
 .comment       0x00000340       0x1a C:\CSR_uEnergy_SDK-2.2.2.13\tools\lib\CSR101x_A05\libgatt_lib_ram.a(patch_pmu.o)
 .comment       0x0000035a       0x1a C:\CSR_uEnergy_SDK-2.2.2.13\tools\lib\CSR101x_A05\libgatt_lib_ram.a(patch_thermometer.o)
